Loading user config located at: '/pub0/muhammadf/miniconda3/envs/isaaclab/lib/python3.11/site-packages/isaacsim/kit/data/Kit/Isaac-Sim/5.1/user.config.json'
[Info] [carb] Logging to file: /pub0/muhammadf/miniconda3/envs/isaaclab/lib/python3.11/site-packages/isaacsim/kit/logs/Kit/Isaac-Sim/5.1/kit_20260919_213024.log
2026-09-20T01:30:24Z [156ms] [Warning] [omni.usd_config.extension] Enable omni.materialx.libs extension to use MaterialX
2026-09-20T01:30:24Z [429ms] [Warning] [omni.platforminfo.plugin] failed to open the default display.  Can't verify X Server version.
2026-09-20T01:30:24Z [634ms] [Warning] [carb] Acquiring non optional plugin interface which is not listed as dependency: [omni::physx::IPhysxBenchmarks v1.0] (plugin: <default plugin>), by client: omni.physics.physx.plugin. Add it to CARB_PLUGIN_IMPL_DEPS() macro of a client.
2026-09-20T01:30:24Z [645ms] [Warning] [omni.isaac.dynamic_control] omni.isaac.dynamic_control is deprecated as of Isaac Sim 4.5. No action is needed from end-users.
2026-09-20T01:30:27Z [3,316ms] [Warning] [carb.cudainterop.plugin] CUDA_VISIBLE_DEVICES environment variable is set.
2026-09-20T01:30:27Z [3,316ms] [Warning] [carb.cudainterop.plugin] Note CUDA device enumeration and Omniverse device enumeration are different.
2026-09-20T01:30:27Z [3,316ms] [Warning] [carb.cudainterop.plugin] Setting CUDA_VISIBLE_DEVICES can lead to undesired behavior or crashes.
2026-09-20T01:30:27Z [3,618ms] [Warning] [gpu.foundation.plugin] Skipping NVIDIA GPU due CUDA being in bad state: NVIDIA GeForce RTX 4090
2026-09-20T01:30:27Z [3,618ms] [Warning] [gpu.foundation.plugin] Please restart your system if CUDA is known to work in your system.
2026-09-20T01:30:27Z [3,618ms] [Warning] [gpu.foundation.plugin] Skipping NVIDIA GPU due CUDA being in bad state: NVIDIA GeForce RTX 4090
2026-09-20T01:30:27Z [3,618ms] [Warning] [gpu.foundation.plugin] Please restart your system if CUDA is known to work in your system.

|---------------------------------------------------------------------------------------------|
| Driver Version: 535.32.01     | Graphics API: Vulkan
|=============================================================================================|
| GPU | Name                             | Active | LDA | GPU Memory | Vendor-ID | LUID       |
|     |                                  |        |     |            | Device-ID | UUID       |
|     |                                  |        |     |            | Bus-ID    |            |
|---------------------------------------------------------------------------------------------|
| 0   | NVIDIA GeForce RTX 2080 Ti       | Yes: 0 |     | 11510   MB | 10de      | 0          |
|     |                                  |        |     |            | 1e07      | 5a1fbe3a.. |
|     |                                  |        |     |            | 19        |            |
|---------------------------------------------------------------------------------------------|
| 1   | NVIDIA GeForce RTX 4090          |        |     | 24810   MB | 10de      | 0          |
|     |                                  |        |     |            | 2684      | 6c6e36d2.. |
|     |                                  |        |     |            | 68        |            |
|=============================================================================================|
| OS: 22.04.1 LTS (Jammy Jellyfish) ubuntu, Version: 22.04.1, Kernel: 5.15.0-60-generic
| Processor: Intel(R) Core(TM) i9-9920X CPU @ 3.50GHz
| Cores: 12 | Logical Cores: 24
|---------------------------------------------------------------------------------------------|
| Total Memory (MB): 128497 | Free Memory: 122035
| Total Page/Swap (MB): 2047 | Free Page/Swap: 2017
|---------------------------------------------------------------------------------------------|
2026-09-20T01:30:28Z [4,723ms] [Warning] [gpu.foundation.plugin] CPU performance profile is set to powersave. This profile sets the CPU to the lowest frequency reducing performance.
2026-09-20T01:30:31Z [7,077ms] [Warning] [isaaclab.envs.direct_rl_env] Seed not set for the environment. The environment creation may not be deterministic.
[INFO][AppLauncher]: Using device: cuda:0
[INFO][AppLauncher]: Loading experience file: /pub0/muhammadf/IsaacLab/apps/isaaclab.python.headless.kit
[INFO]: Parsing configuration from: <class 'env.PlayCfg'>

[36m======================================================================================[0m
[36m[1m[INFO][IsaacLab]: Logging to file: /tmp/isaaclab/logs/isaaclab_2026-09-19_21-30-31.log[0m
[36m======================================================================================[0m

[33m21:30:31 [simulation_context.py] WARNING: The `enable_external_forces_every_iteration` parameter in the PhysxCfg is set to False. If you are experiencing noisy velocities, consider enabling this flag. You may need to slightly increase the number of velocity iterations (setting it to 1 or 2 rather than 0), together with this flag, to improve the accuracy of velocity updates.[0m
[38;20m[skrl:INFO] Environment wrapper: Isaac Lab (single-agent)[0m
[33;20m[skrl:WARNING] The 'lambda' field in the configuration is deprecated. Use 'gae_lambda' instead[0m
[INFO]: Base environment:
	Environment device    : cuda:0
	Environment seed      : None
	Physics step-size     : 0.008333333333333333
	Rendering step-size   : 0.041666666666666664
	Environment step-size : 0.041666666666666664
[INFO]: Time taken for scene creation : 0.508168 seconds
[INFO]: Scene manager:  <class InteractiveScene>
	Number of environments: 1
	Environment spacing   : 3.0
	Source prim name      : /World/envs/env_0
	Global prim paths     : []
	Replicate physics     : True
[INFO]: Starting the simulation. This may take a few seconds. Please wait...
[INFO]: Time taken for simulation start : 0.878692 seconds
[INFO]: Completed setting up the environment...
Motion loaded (/pub0/muhammadf/Blender/docs/experiment_loop/turning/check_right_02/reference.npz): duration: 1.125 sec, frames: 136
[INFO]: Parsing configuration from: /pub0/muhammadf/Blender/rl/bingo_rl/bingo_rl/track/agents/skrl_ppo_cfg.yaml
[33m21:30:32 [runner.py] WARNING: The 'lambda' field in the configuration is deprecated. Use 'gae_lambda' instead[0m
[33;20m[skrl:WARNING] The 'clip_predicted_values' field in the configuration is deprecated. Use a 'value_clip' value greater than 0 to clip the predicted values instead[0m
[33m21:30:32 [runner.py] WARNING: The 'clip_predicted_values' field in the configuration is deprecated. Use a 'value_clip' value greater than 0 to clip the predicted values instead[0m
[33;20m[skrl:WARNING] The 'state_preprocessor' field in the configuration has been replaced by 'observation_preprocessor'. If the 'state_preprocessor' definition is desired but the `observation_preprocessor` is not, define the last one to None (null) to avoid the automatic replacement[0m
[33m21:30:32 [runner.py] WARNING: The 'state_preprocessor' field in the configuration has been replaced by 'observation_preprocessor'. If the 'state_preprocessor' definition is desired but the `observation_preprocessor` is not, define the last one to None (null) to avoid the automatic replacement[0m
[38;20m[skrl:INFO] Seed: 42[0m
[[ policy loaded: /pub0/muhammadf/Blender/docs/experiment_loop/turning/loops/loop_0005/A/policy.pt
[33m21:30:33 [math.py] WARNING: The function 'quat_rotate_inverse' will be deprecated in favor of the faster method 'quat_apply_inverse'. Please use 'quat_apply_inverse' instead....[0m
[33m21:30:38 [math.py] WARNING: The function 'quat_rotate_inverse' will be deprecated in favor of the faster method 'quat_apply_inverse'. Please use 'quat_apply_inverse' instead....[0m
[33m21:30:43 [math.py] WARNING: The function 'quat_rotate_inverse' will be deprecated in favor of the faster method 'quat_apply_inverse'. Please use 'quat_apply_inverse' instead....[0m
[33m21:30:48 [math.py] WARNING: The function 'quat_rotate_inverse' will be deprecated in favor of the faster method 'quat_apply_inverse'. Please use 'quat_apply_inverse' instead....[0m
[33m21:30:53 [math.py] WARNING: The function 'quat_rotate_inverse' will be deprecated in favor of the faster method 'quat_apply_inverse'. Please use 'quat_apply_inverse' instead....[0m
[33m21:30:58 [math.py] WARNING: The function 'quat_rotate_inverse' will be deprecated in favor of the faster method 'quat_apply_inverse'. Please use 'quat_apply_inverse' instead....[0m

====================================================================================================
BINGO WALK-REF LOOP EVALUATION
====================================================================================================

task=Bingo-Turning-Play-v0  checkpoint=/pub0/muhammadf/Blender/docs/experiment_loop/turning/loops/loop_0005/A/policy.pt
command: vx=0.215 m/s  vy=0.000  yaw=-0.200  (Turning extension accepts yaw; vy remains zero.)
duration=30.0s  settle=1.0s  steps_recorded=720  num_envs=1
----------------------------------------------------------------------------------------------------
survival: 100.0%   any_fell=False  fall_time_s=[None]
vx: mean=0.138  std=0.049  max=0.285  (cmd=0.215)
base roll RMS: 5.207 deg   base pitch RMS: 1.638 deg
joint accel RMS: 9.537 rad/s^2
residual action-rate RMS: 0.0183 rad/step
reference tracking error (rad): mean=0.0329  rms=0.0400  max=0.1338

torque saturation % per joint:
  fl_SY_J       0.0%
  fl_SP_J       6.9%
  fl_knee       9.2%
  fr_SY_J       0.0%
  fr_SP_J       4.7%
  fr_knee       4.9%
  bl_SY_J       0.0%
  bl_SP_J       8.2%
  bl_knee       2.1%
  br_SY_J       0.0%
  br_SP_J       0.0%
  br_knee       1.1%
====================================================================================================
[[ wrote /pub0/muhammadf/Blender/docs/experiment_loop/turning/check_right_02/evaluation/metrics.json
/pub0/muhammadf/Blender/docs/experiment_loop/turning/check_right_02/evaluation/metrics.json
