Loading user config located at: '/pub0/muhammadf/miniconda3/envs/isaaclab/lib/python3.11/site-packages/isaacsim/kit/data/Kit/Isaac-Sim/5.1/user.config.json'
[Info] [carb] Logging to file: /pub0/muhammadf/miniconda3/envs/isaaclab/lib/python3.11/site-packages/isaacsim/kit/logs/Kit/Isaac-Sim/5.1/kit_20260921_110654.log
2026-09-21T15:06:54Z [200ms] [Warning] [carb.windowing-glfw.plugin] GLFW initialization failed.
2026-09-21T15:06:54Z [200ms] [Warning] [carb] Failed to startup plugin carb.windowing-glfw.plugin (interfaces: [carb::windowing::IGLContext v1.0],[carb::windowing::IWindowing v1.5]) (impl: carb.windowing-glfw.plugin)
2026-09-21T15:06:54Z [268ms] [Warning] [omni.platforminfo.plugin] failed to open the default display.  Can't verify X Server version.
2026-09-21T15:06:54Z [283ms] [Warning] [carb.cudainterop.plugin] CUDA_VISIBLE_DEVICES environment variable is set.
2026-09-21T15:06:54Z [283ms] [Warning] [carb.cudainterop.plugin] Note CUDA device enumeration and Omniverse device enumeration are different.
2026-09-21T15:06:54Z [283ms] [Warning] [carb.cudainterop.plugin] Setting CUDA_VISIBLE_DEVICES can lead to undesired behavior or crashes.
2026-09-21T15:06:54Z [480ms] [Warning] [carb.windowing-glfw.plugin] GLFW initialization failed.
2026-09-21T15:06:54Z [480ms] [Warning] [carb] Failed to startup plugin carb.windowing-glfw.plugin (interfaces: [carb::windowing::IGLContext v1.0],[carb::windowing::IWindowing v1.5]) (impl: carb.windowing-glfw.plugin)
2026-09-21T15:06:54Z [610ms] [Warning] [gpu.foundation.plugin] Skipping NVIDIA GPU due CUDA being in bad state: NVIDIA GeForce RTX 4090
2026-09-21T15:06:54Z [610ms] [Warning] [gpu.foundation.plugin] Please restart your system if CUDA is known to work in your system.
2026-09-21T15:06:54Z [610ms] [Warning] [gpu.foundation.plugin] Skipping NVIDIA GPU due CUDA being in bad state: NVIDIA GeForce RTX 4090
2026-09-21T15:06:54Z [610ms] [Warning] [gpu.foundation.plugin] Please restart your system if CUDA is known to work in your system.

|---------------------------------------------------------------------------------------------|
| Driver Version: 535.32.01     | Graphics API: Vulkan
|=============================================================================================|
| GPU | Name                             | Active | LDA | GPU Memory | Vendor-ID | LUID       |
|     |                                  |        |     |            | Device-ID | UUID       |
|     |                                  |        |     |            | Bus-ID    |            |
|---------------------------------------------------------------------------------------------|
| 0   | NVIDIA GeForce RTX 2080 Ti       | Yes: 0 |     | 11510   MB | 10de      | 0          |
|     |                                  |        |     |            | 1e07      | 5a1fbe3a.. |
|     |                                  |        |     |            | 19        |            |
|---------------------------------------------------------------------------------------------|
| 1   | NVIDIA GeForce RTX 4090          |        |     | 24810   MB | 10de      | 0          |
|     |                                  |        |     |            | 2684      | 6c6e36d2.. |
|     |                                  |        |     |            | 68        |            |
|=============================================================================================|
| OS: 22.04.1 LTS (Jammy Jellyfish) ubuntu, Version: 22.04.1, Kernel: 5.15.0-60-generic
| Processor: Intel(R) Core(TM) i9-9920X CPU @ 3.50GHz
| Cores: 12 | Logical Cores: 24
|---------------------------------------------------------------------------------------------|
| Total Memory (MB): 128497 | Free Memory: 122368
| Total Page/Swap (MB): 2047 | Free Page/Swap: 1877
|---------------------------------------------------------------------------------------------|
2026-09-21T15:06:55Z [1,509ms] [Warning] [gpu.foundation.plugin] CPU performance profile is set to powersave. This profile sets the CPU to the lowest frequency reducing performance.
2026-09-21T15:06:56Z [2,275ms] [Warning] [carb.windowing-glfw.plugin] GLFW initialization failed.
2026-09-21T15:06:56Z [2,275ms] [Warning] [carb] Failed to startup plugin carb.windowing-glfw.plugin (interfaces: [carb::windowing::IGLContext v1.0],[carb::windowing::IWindowing v1.5]) (impl: carb.windowing-glfw.plugin)
2026-09-21T15:06:56Z [2,293ms] [Warning] [carb.windowing-glfw.plugin] GLFW initialization failed.
2026-09-21T15:06:56Z [2,293ms] [Warning] [carb] Failed to startup plugin carb.windowing-glfw.plugin (interfaces: [carb::windowing::IGLContext v1.0],[carb::windowing::IWindowing v1.5]) (impl: carb.windowing-glfw.plugin)
2026-09-21T15:06:56Z [2,307ms] [Warning] [carb.windowing-glfw.plugin] GLFW initialization failed.
2026-09-21T15:06:56Z [2,307ms] [Warning] [carb] Failed to startup plugin carb.windowing-glfw.plugin (interfaces: [carb::windowing::IGLContext v1.0],[carb::windowing::IWindowing v1.5]) (impl: carb.windowing-glfw.plugin)
2026-09-21T15:06:56Z [2,321ms] [Warning] [carb.windowing-glfw.plugin] GLFW initialization failed.
2026-09-21T15:06:56Z [2,321ms] [Warning] [carb] Failed to startup plugin carb.windowing-glfw.plugin (interfaces: [carb::windowing::IGLContext v1.0],[carb::windowing::IWindowing v1.5]) (impl: carb.windowing-glfw.plugin)
2026-09-21T15:06:56Z [2,323ms] [Warning] [carb.windowing-glfw.plugin] GLFW initialization failed.
2026-09-21T15:06:56Z [2,323ms] [Warning] [carb] Failed to startup plugin carb.windowing-glfw.plugin (interfaces: [carb::windowing::IGLContext v1.0],[carb::windowing::IWindowing v1.5]) (impl: carb.windowing-glfw.plugin)
2026-09-21T15:06:56Z [2,324ms] [Warning] [carb.windowing-glfw.plugin] GLFW initialization failed.
2026-09-21T15:06:56Z [2,324ms] [Warning] [carb] Failed to startup plugin carb.windowing-glfw.plugin (interfaces: [carb::windowing::IGLContext v1.0],[carb::windowing::IWindowing v1.5]) (impl: carb.windowing-glfw.plugin)
2026-09-21T15:06:57Z [2,647ms] [Warning] [omni.log] Source: omni.hydra was already registered.
2026-09-21T15:06:57Z [3,183ms] [Warning] [carb] Acquiring non optional plugin interface which is not listed as dependency: [omni::physx::IPhysxBenchmarks v1.0] (plugin: <default plugin>), by client: omni.physics.physx.plugin. Add it to CARB_PLUGIN_IMPL_DEPS() macro of a client.
2026-09-21T15:06:57Z [3,210ms] [Warning] [omni.isaac.dynamic_control] omni.isaac.dynamic_control is deprecated as of Isaac Sim 4.5. No action is needed from end-users.
2026-09-21T15:06:58Z [4,136ms] [Warning] [pxr.Semantics] pxr.Semantics is deprecated - please use Semantics instead
2026-09-21T15:06:58Z [4,305ms] [Warning] [omni.graph.core.plugin] Found duplicate of category 'Replicator' - was 'Annotators', adding 'Fabric Reader'
2026-09-21T15:06:58Z [4,305ms] [Warning] [omni.graph.core.plugin] Category 'Replicator' not accepted on node type 'omni.replicator.core.FabricReader' in extension 'omni.replicator.core'
2026-09-21T15:06:58Z [4,306ms] [Warning] [omni.replicator.core.scripts.extension] No material configuration file, adding configuration to material settings directly.
[INFO][AppLauncher]: Using device: cuda:0
[INFO][AppLauncher]: Loading experience file: /pub0/muhammadf/IsaacLab/apps/isaaclab.python.headless.rendering.kit

[36m======================================================================================[0m
[36m[1m[INFO][IsaacLab]: Logging to file: /tmp/isaaclab/logs/isaaclab_2026-09-21_11-07-05.log[0m
[36m======================================================================================[0m

[33m11:07:06 [simulation_context.py] WARNING: The `enable_external_forces_every_iteration` parameter in the PhysxCfg is set to False. If you are experiencing noisy velocities, consider enabling this flag. You may need to slightly increase the number of velocity iterations (setting it to 1 or 2 rather than 0), together with this flag, to improve the accuracy of velocity updates.[0m
2026-09-21T15:07:03Z [9,114ms] [Warning] [omni.fabric.plugin] Warning: attribute viewPickingId not found for bucket id 7

2026-09-21T15:07:07Z [13,485ms] [Warning] [omni.fabric.plugin] getAttributeCount called on non-existent path /World/envs/env_9/Robot/origin/tail_yaw/visuals/tail_yaw
2026-09-21T15:07:07Z [13,485ms] [Warning] [omni.fabric.plugin] getTypes called on non-existent path /World/envs/env_9/Robot/origin/tail_yaw/visuals/tail_yaw
[INFO]: Base environment:
	Environment device    : cuda:0
	Environment seed      : 42
	Physics step-size     : 0.008333333333333333
	Rendering step-size   : 0.041666666666666664
	Environment step-size : 0.041666666666666664
[INFO]: Time taken for scene creation : 0.831027 seconds
[INFO]: Scene manager:  <class InteractiveScene>
	Number of environments: 10
	Environment spacing   : 5.0
	Source prim name      : /World/envs/env_0
	Global prim paths     : []
	Replicate physics     : True
[INFO]: Starting the simulation. This may take a few seconds. Please wait...
[INFO]: Time taken for simulation start : 2.380428 seconds
[INFO]: Completed setting up the environment...
Motion loaded (/pub0/muhammadf/Blender/docs/natural_walk/reference_02b/reference.npz): duration: 1.125 sec, frames: 136
Motion loaded (/pub0/muhammadf/Blender/docs/experiment_loop/loops/loop_0007/A/reference.npz): duration: 1.125 sec, frames: 136
Motion loaded (/pub0/muhammadf/Blender/docs/experiment_loop/turning/loops/loop_0005/A/reference.npz): duration: 1.125 sec, frames: 136
[33m11:07:09 [math.py] WARNING: The function 'quat_rotate_inverse' will be deprecated in favor of the faster method 'quat_apply_inverse'. Please use 'quat_apply_inverse' instead....[0m
2026-09-21T15:07:09Z [15,580ms] [Warning] [omni.syntheticdata.plugin] OgnSdPostRenderVarToHost : rendervar copy from texture directly to host buffer is counter-performant. Please use copy from texture to device buffer first.
eval seconds 0.0 survivors [True, True, True, True, True, True, True, True, True, True]
[33m11:07:15 [math.py] WARNING: The function 'quat_rotate_inverse' will be deprecated in favor of the faster method 'quat_apply_inverse'. Please use 'quat_apply_inverse' instead....[0m
2026-09-21T15:07:17Z [23,138ms] [Warning] [carb] Client gpu.foundation.plugin has acquired [gpu::unstable::IMemoryBudgetManagerFactory v0.1] 100 times. Consider accessing this interface with carb::getCachedInterface() (Performance warning)
[33m11:07:21 [math.py] WARNING: The function 'quat_rotate_inverse' will be deprecated in favor of the faster method 'quat_apply_inverse'. Please use 'quat_apply_inverse' instead....[0m
[33m11:07:27 [math.py] WARNING: The function 'quat_rotate_inverse' will be deprecated in favor of the faster method 'quat_apply_inverse'. Please use 'quat_apply_inverse' instead....[0m
[33m11:07:32 [math.py] WARNING: The function 'quat_rotate_inverse' will be deprecated in favor of the faster method 'quat_apply_inverse'. Please use 'quat_apply_inverse' instead....[0m
[33m11:07:38 [math.py] WARNING: The function 'quat_rotate_inverse' will be deprecated in favor of the faster method 'quat_apply_inverse'. Please use 'quat_apply_inverse' instead....[0m
[33m11:07:43 [math.py] WARNING: The function 'quat_rotate_inverse' will be deprecated in favor of the faster method 'quat_apply_inverse'. Please use 'quat_apply_inverse' instead....[0m
[33m11:07:49 [math.py] WARNING: The function 'quat_rotate_inverse' will be deprecated in favor of the faster method 'quat_apply_inverse'. Please use 'quat_apply_inverse' instead....[0m
[33m11:07:54 [math.py] WARNING: The function 'quat_rotate_inverse' will be deprecated in favor of the faster method 'quat_apply_inverse'. Please use 'quat_apply_inverse' instead....[0m
[33m11:08:00 [math.py] WARNING: The function 'quat_rotate_inverse' will be deprecated in favor of the faster method 'quat_apply_inverse'. Please use 'quat_apply_inverse' instead....[0m
[33m11:08:05 [math.py] WARNING: The function 'quat_rotate_inverse' will be deprecated in favor of the faster method 'quat_apply_inverse'. Please use 'quat_apply_inverse' instead....[0m
{
  "stand": {
    "command": [
      0.0,
      0.0
    ],
    "survival": true,
    "valid_seconds": 5.0,
    "vx_mean": -0.0012046558549627662,
    "vx_std": 0.0012425269233062863,
    "yaw_mean": -0.00295864325016737,
    "yaw_std": 0.002416976960375905,
    "roll_rms_deg": 5.887781012675548,
    "pitch_rms_deg": 8.679605467992628,
    "height_mean": 0.16926530003547668,
    "height_std": 0.00038992398185655475,
    "joint_acceleration_rms": 0.21122786402702332,
    "action_rate_rms": 0.027513932436704636,
    "torque_saturation_max_pct": 0.0,
    "torque_saturation_per_joint_pct": [
      0.0,
      0.0,
      0.0,
      0.0,
      0.0,
      0.0,
      0.0,
      0.0,
      0.0,
      0.0,
      0.0,
      0.0
    ],
    "contact_duty": [
      1.0,
      0.0,
      1.0,
      1.0
    ],
    "slip_mean": 0.0002836335333995521,
    "soft_margin_violation_rad": 0.0,
    "joint_limit_violation_rad": 0.0
  },
  "forward": {
    "command": [
      0.2,
      0.0
    ],
    "survival": true,
    "valid_seconds": 5.0,
    "vx_mean": 0.17887210845947266,
    "vx_std": 0.04966467618942261,
    "yaw_mean": -0.040958140045404434,
    "yaw_std": 0.3149130344390869,
    "roll_rms_deg": 5.423668804799536,
    "pitch_rms_deg": 1.7505691599812172,
    "height_mean": 0.1715354472398758,
    "height_std": 0.0014062830014154315,
    "joint_acceleration_rms": 11.676579475402832,
    "action_rate_rms": 1.4035810232162476,
    "torque_saturation_max_pct": 17.5,
    "torque_saturation_per_joint_pct": [
      0.0,
      15.0,
      17.5,
      0.0,
      12.5,
      7.5,
      0.0,
      5.833333333333333,
      3.3333333333333335,
      0.0,
      0.8333333333333334,
      3.3333333333333335
    ],
    "contact_duty": [
      0.4666666666666667,
      0.5333333333333333,
      0.8333333333333334,
      0.7333333333333333
    ],
    "slip_mean": 0.1436164677143097,
    "soft_margin_violation_rad": 0.0,
    "joint_limit_violation_rad": 0.0
  },
  "backward": {
    "command": [
      -0.2,
      0.0
    ],
    "survival": true,
    "valid_seconds": 5.0,
    "vx_mean": -0.1793099045753479,
    "vx_std": 0.06347230076789856,
    "yaw_mean": 0.01795746013522148,
    "yaw_std": 0.3513765037059784,
    "roll_rms_deg": 4.864485486318823,
    "pitch_rms_deg": 1.436302124428587,
    "height_mean": 0.17074450850486755,
    "height_std": 0.0015036999247968197,
    "joint_acceleration_rms": 8.513423919677734,
    "action_rate_rms": 1.1100220680236816,
    "torque_saturation_max_pct": 8.333333333333332,
    "torque_saturation_per_joint_pct": [
      0.0,
      0.0,
      0.0,
      0.0,
      8.333333333333332,
      4.166666666666666,
      0.0,
      2.5,
      0.0,
      0.0,
      1.6666666666666667,
      5.0
    ],
    "contact_duty": [
      0.55,
      0.6166666666666667,
      0.6416666666666667,
      0.65
    ],
    "slip_mean": 0.1024395003914833,
    "soft_margin_violation_rad": 0.0,
    "joint_limit_violation_rad": 0.0
  },
  "left": {
    "command": [
      0.0,
      0.4
    ],
    "survival": true,
    "valid_seconds": 5.0,
    "vx_mean": -0.002539179055020213,
    "vx_std": 0.06478675454854965,
    "yaw_mean": 0.2562488615512848,
    "yaw_std": 0.25194671750068665,
    "roll_rms_deg": 7.8878712837459055,
    "pitch_rms_deg": 2.2363535580936804,
    "height_mean": 0.165951207280159,
    "height_std": 0.003014225047081709,
    "joint_acceleration_rms": 9.154703140258789,
    "action_rate_rms": 1.166290521621704,
    "torque_saturation_max_pct": 3.3333333333333335,
    "torque_saturation_per_joint_pct": [
      0.0,
      0.0,
      0.8333333333333334,
      0.0,
      3.3333333333333335,
      2.5,
      0.0,
      1.6666666666666667,
      0.0,
      0.0,
      0.8333333333333334,
      1.6666666666666667
    ],
    "contact_duty": [
      0.7,
      0.5916666666666667,
      0.9833333333333333,
      0.625
    ],
    "slip_mean": 0.07021276652812958,
    "soft_margin_violation_rad": 0.014295011758804321,
    "joint_limit_violation_rad": 0.0
  },
  "right": {
    "command": [
      0.0,
      -0.4
    ],
    "survival": true,
    "valid_seconds": 5.0,
    "vx_mean": -0.0015640005003660917,
    "vx_std": 0.05983538180589676,
    "yaw_mean": -0.1658620536327362,
    "yaw_std": 0.4144056439399719,
    "roll_rms_deg": 7.286193089570312,
    "pitch_rms_deg": 1.4810954655008826,
    "height_mean": 0.16802319884300232,
    "height_std": 0.004280552268028259,
    "joint_acceleration_rms": 7.558290481567383,
    "action_rate_rms": 1.229303002357483,
    "torque_saturation_max_pct": 5.0,
    "torque_saturation_per_joint_pct": [
      0.0,
      0.8333333333333334,
      5.0,
      0.0,
      1.6666666666666667,
      0.8333333333333334,
      0.0,
      0.0,
      0.8333333333333334,
      0.0,
      0.0,
      0.0
    ],
    "contact_duty": [
      0.5916666666666667,
      0.5833333333333334,
      0.975,
      0.6083333333333333
    ],
    "slip_mean": 0.0832739770412445,
    "soft_margin_violation_rad": 0.0,
    "joint_limit_violation_rad": 0.0
  },
  "forward_left": {
    "command": [
      0.15,
      0.4
    ],
    "survival": true,
    "valid_seconds": 5.0,
    "vx_mean": 0.16467420756816864,
    "vx_std": 0.04851781949400902,
    "yaw_mean": 0.3842499554157257,
    "yaw_std": 0.10641606897115707,
    "roll_rms_deg": 7.401485828986481,
    "pitch_rms_deg": 1.5573249656715735,
    "height_mean": 0.17038396000862122,
    "height_std": 0.0015284802066162229,
    "joint_acceleration_rms": 9.932053565979004,
    "action_rate_rms": 1.572408676147461,
    "torque_saturation_max_pct": 10.833333333333334,
    "torque_saturation_per_joint_pct": [
      0.0,
      5.0,
      10.833333333333334,
      0.0,
      7.5,
      4.166666666666666,
      0.0,
      4.166666666666666,
      0.0,
      0.0,
      1.6666666666666667,
      4.166666666666666
    ],
    "contact_duty": [
      0.5916666666666667,
      0.5,
      0.85,
      0.625
    ],
    "slip_mean": 0.13789469003677368,
    "soft_margin_violation_rad": 0.0,
    "joint_limit_violation_rad": 0.0
  },
  "forward_right": {
    "command": [
      0.15,
      -0.4
    ],
    "survival": true,
    "valid_seconds": 5.0,
    "vx_mean": 0.13570299744606018,
    "vx_std": 0.05190224200487137,
    "yaw_mean": -0.3734968602657318,
    "yaw_std": 0.11323060095310211,
    "roll_rms_deg": 4.877096576847605,
    "pitch_rms_deg": 1.8383767912904316,
    "height_mean": 0.17153462767601013,
    "height_std": 0.0016412590630352497,
    "joint_acceleration_rms": 9.930875778198242,
    "action_rate_rms": 1.4289191961288452,
    "torque_saturation_max_pct": 10.0,
    "torque_saturation_per_joint_pct": [
      0.0,
      9.166666666666666,
      10.0,
      0.0,
      5.0,
      4.166666666666666,
      0.0,
      8.333333333333332,
      3.3333333333333335,
      0.0,
      0.0,
      0.8333333333333334
    ],
    "contact_duty": [
      0.5,
      0.55,
      0.8333333333333334,
      0.725
    ],
    "slip_mean": 0.11899126321077347,
    "soft_margin_violation_rad": 0.0,
    "joint_limit_violation_rad": 0.0
  },
  "backward_left": {
    "command": [
      -0.15,
      0.4
    ],
    "survival": true,
    "valid_seconds": 5.0,
    "vx_mean": -0.14728334546089172,
    "vx_std": 0.07939651608467102,
    "yaw_mean": 0.13195733726024628,
    "yaw_std": 0.38187968730926514,
    "roll_rms_deg": 7.661290857088134,
    "pitch_rms_deg": 1.4529062075791823,
    "height_mean": 0.16991586983203888,
    "height_std": 0.0015553884441033006,
    "joint_acceleration_rms": 9.962175369262695,
    "action_rate_rms": 1.1812095642089844,
    "torque_saturation_max_pct": 10.0,
    "torque_saturation_per_joint_pct": [
      0.0,
      3.3333333333333335,
      4.166666666666666,
      0.0,
      2.5,
      1.6666666666666667,
      0.0,
      5.833333333333333,
      10.0,
      0.0,
      0.0,
      2.5
    ],
    "contact_duty": [
      0.675,
      0.5333333333333333,
      0.7416666666666667,
      0.6
    ],
    "slip_mean": 0.12045952677726746,
    "soft_margin_violation_rad": 0.0,
    "joint_limit_violation_rad": 0.0
  },
  "backward_right": {
    "command": [
      -0.15,
      -0.4
    ],
    "survival": true,
    "valid_seconds": 5.0,
    "vx_mean": -0.18172337114810944,
    "vx_std": 0.08374199271202087,
    "yaw_mean": -0.14335820078849792,
    "yaw_std": 0.3052552342414856,
    "roll_rms_deg": 5.300051772332413,
    "pitch_rms_deg": 1.6007602730378003,
    "height_mean": 0.170673668384552,
    "height_std": 0.001899806084111333,
    "joint_acceleration_rms": 8.121529579162598,
    "action_rate_rms": 1.0554258823394775,
    "torque_saturation_max_pct": 8.333333333333332,
    "torque_saturation_per_joint_pct": [
      0.0,
      0.0,
      0.0,
      0.0,
      6.666666666666667,
      2.5,
      0.0,
      0.8333333333333334,
      1.6666666666666667,
      0.0,
      3.3333333333333335,
      8.333333333333332
    ],
    "contact_duty": [
      0.5916666666666667,
      0.55,
      0.75,
      0.575
    ],
    "slip_mean": 0.10847079753875732,
    "soft_margin_violation_rad": 0.0,
    "joint_limit_violation_rad": 0.0
  },
  "transitions": {
    "command": "5-second command transitions",
    "survival": true,
    "valid_seconds": 5.0,
    "vx_mean": 0.022497616708278656,
    "vx_std": 0.05176708847284317,
    "yaw_mean": 0.005900849122554064,
    "yaw_std": 0.07005651295185089,
    "roll_rms_deg": 5.710302389074175,
    "pitch_rms_deg": 7.906109596377132,
    "height_mean": 0.16902802884578705,
    "height_std": 0.001229362329468131,
    "joint_acceleration_rms": 2.956970691680908,
    "action_rate_rms": 0.572318971157074,
    "torque_saturation_max_pct": 5.0,
    "torque_saturation_per_joint_pct": [
      0.0,
      0.0,
      5.0,
      0.0,
      0.0,
      0.0,
      0.0,
      0.8333333333333334,
      2.5,
      0.0,
      0.0,
      1.6666666666666667
    ],
    "contact_duty": [
      0.9666666666666667,
      0.06666666666666667,
      0.9833333333333333,
      0.9583333333333334
    ],
    "slip_mean": 0.02055264823138714,
    "soft_margin_violation_rad": 0.0,
    "joint_limit_violation_rad": 0.0
  }
}
