EXEC ['/pub0/muhammadf/miniconda3/envs/isaaclab/bin/python', '/pub0/muhammadf/Blender/rl/bingo_rl/experiment_loop/turning/worker.py', 'evaluate', '--context', '/pub0/muhammadf/Blender/docs/experiment_loop/turning/loops/loop_0001/A/config.json', '--task', 'Bingo-Turning-Play-v0', '--checkpoint', '/pub0/muhammadf/Blender/docs/experiment_loop/turning/loops/loop_0001/A/policy.pt', '--out_dir', '/pub0/muhammadf/Blender/docs/experiment_loop/turning/loops/loop_0001/A/left', '--duration_s', '60', '--cmd_vx', '.175', '--cmd_yaw', '0.4', '--diagnostics', '--headless', '--kit_args', '--/rtx/verifyDriverVersion/enabled=false --no-window']
Loading user config located at: '/pub0/muhammadf/miniconda3/envs/isaaclab/lib/python3.11/site-packages/isaacsim/kit/data/Kit/Isaac-Sim/5.1/user.config.json'
[Info] [carb] Logging to file: /pub0/muhammadf/miniconda3/envs/isaaclab/lib/python3.11/site-packages/isaacsim/kit/logs/Kit/Isaac-Sim/5.1/kit_20260919_190927.log
2026-09-19T23:09:27Z [197ms] [Warning] [carb.windowing-glfw.plugin] GLFW initialization failed.
2026-09-19T23:09:27Z [197ms] [Warning] [carb] Failed to startup plugin carb.windowing-glfw.plugin (interfaces: [carb::windowing::IGLContext v1.0],[carb::windowing::IWindowing v1.5]) (impl: carb.windowing-glfw.plugin)
2026-09-19T23:09:27Z [255ms] [Warning] [omni.platforminfo.plugin] failed to open the default display.  Can't verify X Server version.
2026-09-19T23:09:27Z [264ms] [Warning] [carb.cudainterop.plugin] CUDA_VISIBLE_DEVICES environment variable is set.
2026-09-19T23:09:27Z [264ms] [Warning] [carb.cudainterop.plugin] Note CUDA device enumeration and Omniverse device enumeration are different.
2026-09-19T23:09:27Z [264ms] [Warning] [carb.cudainterop.plugin] Setting CUDA_VISIBLE_DEVICES can lead to undesired behavior or crashes.
2026-09-19T23:09:28Z [488ms] [Warning] [carb.windowing-glfw.plugin] GLFW initialization failed.
2026-09-19T23:09:28Z [488ms] [Warning] [carb] Failed to startup plugin carb.windowing-glfw.plugin (interfaces: [carb::windowing::IGLContext v1.0],[carb::windowing::IWindowing v1.5]) (impl: carb.windowing-glfw.plugin)
2026-09-19T23:09:28Z [595ms] [Warning] [gpu.foundation.plugin] Skipping NVIDIA GPU due CUDA being in bad state: NVIDIA GeForce RTX 4090
2026-09-19T23:09:28Z [595ms] [Warning] [gpu.foundation.plugin] Please restart your system if CUDA is known to work in your system.
2026-09-19T23:09:28Z [595ms] [Warning] [gpu.foundation.plugin] Skipping NVIDIA GPU due CUDA being in bad state: NVIDIA GeForce RTX 4090
2026-09-19T23:09:28Z [595ms] [Warning] [gpu.foundation.plugin] Please restart your system if CUDA is known to work in your system.

|---------------------------------------------------------------------------------------------|
| Driver Version: 535.32.01     | Graphics API: Vulkan
|=============================================================================================|
| GPU | Name                             | Active | LDA | GPU Memory | Vendor-ID | LUID       |
|     |                                  |        |     |            | Device-ID | UUID       |
|     |                                  |        |     |            | Bus-ID    |            |
|---------------------------------------------------------------------------------------------|
| 0   | NVIDIA GeForce RTX 2080 Ti       | Yes: 0 |     | 11510   MB | 10de      | 0          |
|     |                                  |        |     |            | 1e07      | 5a1fbe3a.. |
|     |                                  |        |     |            | 19        |            |
|---------------------------------------------------------------------------------------------|
| 1   | NVIDIA GeForce RTX 4090          |        |     | 24810   MB | 10de      | 0          |
|     |                                  |        |     |            | 2684      | 6c6e36d2.. |
|     |                                  |        |     |            | 68        |            |
|=============================================================================================|
| OS: 22.04.1 LTS (Jammy Jellyfish) ubuntu, Version: 22.04.1, Kernel: 5.15.0-60-generic
| Processor: Intel(R) Core(TM) i9-9920X CPU @ 3.50GHz
| Cores: 12 | Logical Cores: 24
|---------------------------------------------------------------------------------------------|
| Total Memory (MB): 128497 | Free Memory: 122481
| Total Page/Swap (MB): 2047 | Free Page/Swap: 2017
|---------------------------------------------------------------------------------------------|
2026-09-19T23:09:29Z [1,640ms] [Warning] [gpu.foundation.plugin] CPU performance profile is set to powersave. This profile sets the CPU to the lowest frequency reducing performance.
2026-09-19T23:09:29Z [2,320ms] [Warning] [carb.windowing-glfw.plugin] GLFW initialization failed.
2026-09-19T23:09:29Z [2,320ms] [Warning] [carb] Failed to startup plugin carb.windowing-glfw.plugin (interfaces: [carb::windowing::IGLContext v1.0],[carb::windowing::IWindowing v1.5]) (impl: carb.windowing-glfw.plugin)
2026-09-19T23:09:29Z [2,332ms] [Warning] [carb.windowing-glfw.plugin] GLFW initialization failed.
2026-09-19T23:09:29Z [2,332ms] [Warning] [carb] Failed to startup plugin carb.windowing-glfw.plugin (interfaces: [carb::windowing::IGLContext v1.0],[carb::windowing::IWindowing v1.5]) (impl: carb.windowing-glfw.plugin)
2026-09-19T23:09:29Z [2,338ms] [Warning] [carb.windowing-glfw.plugin] GLFW initialization failed.
2026-09-19T23:09:29Z [2,338ms] [Warning] [carb] Failed to startup plugin carb.windowing-glfw.plugin (interfaces: [carb::windowing::IGLContext v1.0],[carb::windowing::IWindowing v1.5]) (impl: carb.windowing-glfw.plugin)
2026-09-19T23:09:29Z [2,347ms] [Warning] [carb.windowing-glfw.plugin] GLFW initialization failed.
2026-09-19T23:09:29Z [2,347ms] [Warning] [carb] Failed to startup plugin carb.windowing-glfw.plugin (interfaces: [carb::windowing::IGLContext v1.0],[carb::windowing::IWindowing v1.5]) (impl: carb.windowing-glfw.plugin)
2026-09-19T23:09:29Z [2,348ms] [Warning] [carb.windowing-glfw.plugin] GLFW initialization failed.
2026-09-19T23:09:29Z [2,348ms] [Warning] [carb] Failed to startup plugin carb.windowing-glfw.plugin (interfaces: [carb::windowing::IGLContext v1.0],[carb::windowing::IWindowing v1.5]) (impl: carb.windowing-glfw.plugin)
2026-09-19T23:09:29Z [2,349ms] [Warning] [carb.windowing-glfw.plugin] GLFW initialization failed.
2026-09-19T23:09:29Z [2,349ms] [Warning] [carb] Failed to startup plugin carb.windowing-glfw.plugin (interfaces: [carb::windowing::IGLContext v1.0],[carb::windowing::IWindowing v1.5]) (impl: carb.windowing-glfw.plugin)
2026-09-19T23:09:30Z [2,609ms] [Warning] [omni.log] Source: omni.hydra was already registered.
2026-09-19T23:09:30Z [3,125ms] [Warning] [carb] Acquiring non optional plugin interface which is not listed as dependency: [omni::physx::IPhysxBenchmarks v1.0] (plugin: <default plugin>), by client: omni.physics.physx.plugin. Add it to CARB_PLUGIN_IMPL_DEPS() macro of a client.
2026-09-19T23:09:30Z [3,160ms] [Warning] [omni.isaac.dynamic_control] omni.isaac.dynamic_control is deprecated as of Isaac Sim 4.5. No action is needed from end-users.
2026-09-19T23:09:33Z [5,536ms] [Warning] [pxr.Semantics] pxr.Semantics is deprecated - please use Semantics instead
2026-09-19T23:09:33Z [5,728ms] [Warning] [omni.graph.core.plugin] Found duplicate of category 'Replicator' - was 'Annotators', adding 'Fabric Reader'
2026-09-19T23:09:33Z [5,728ms] [Warning] [omni.graph.core.plugin] Category 'Replicator' not accepted on node type 'omni.replicator.core.FabricReader' in extension 'omni.replicator.core'
2026-09-19T23:09:33Z [5,729ms] [Warning] [omni.replicator.core.scripts.extension] No material configuration file, adding configuration to material settings directly.
[INFO][AppLauncher]: Using device: cuda:0
[INFO][AppLauncher]: Loading experience file: /pub0/muhammadf/IsaacLab/apps/isaaclab.python.headless.rendering.kit
[INFO]: Parsing configuration from: <class 'env.PlayCfg'>

[36m======================================================================================[0m
[36m[1m[INFO][IsaacLab]: Logging to file: /tmp/isaaclab/logs/isaaclab_2026-09-19_19-09-40.log[0m
[36m======================================================================================[0m

[33m19:09:40 [simulation_context.py] WARNING: The `enable_external_forces_every_iteration` parameter in the PhysxCfg is set to False. If you are experiencing noisy velocities, consider enabling this flag. You may need to slightly increase the number of velocity iterations (setting it to 1 or 2 rather than 0), together with this flag, to improve the accuracy of velocity updates.[0m
2026-09-19T23:09:38Z [10,689ms] [Warning] [omni.fabric.plugin] Warning: attribute viewportHandle not found for bucket id 7

2026-09-19T23:09:40Z [13,160ms] [Warning] [isaaclab.envs.direct_rl_env] Seed not set for the environment. The environment creation may not be deterministic.
[INFO]: Base environment:
	Environment device    : cuda:0
	Environment seed      : None
	Physics step-size     : 0.008333333333333333
	Rendering step-size   : 0.041666666666666664
	Environment step-size : 0.041666666666666664
[INFO]: Time taken for scene creation : 0.587568 seconds
[INFO]: Scene manager:  <class InteractiveScene>
	Number of environments: 1
	Environment spacing   : 3.0
	Source prim name      : /World/envs/env_0
	Global prim paths     : []
	Replicate physics     : True
[INFO]: Starting the simulation. This may take a few seconds. Please wait...
[INFO]: Time taken for simulation start : 1.120760 seconds
[INFO]: Completed setting up the environment...
Motion loaded (/pub0/muhammadf/Blender/docs/experiment_loop/turning/loops/loop_0001/A/reference.npz): duration: 1.125 sec, frames: 136
[33m19:09:42 [math.py] WARNING: The function 'quat_rotate_inverse' will be deprecated in favor of the faster method 'quat_apply_inverse'. Please use 'quat_apply_inverse' instead....[0m
2026-09-19T23:09:42Z [15,428ms] [Warning] [omni.fabric.plugin] getAttributeCount called on non-existent path /World/envs/env_0/Robot/origin/tail_yaw/visuals/tail_yaw
2026-09-19T23:09:42Z [15,428ms] [Warning] [omni.fabric.plugin] getTypes called on non-existent path /World/envs/env_0/Robot/origin/tail_yaw/visuals/tail_yaw
2026-09-19T23:09:44Z [16,665ms] [Warning] [omni.syntheticdata.plugin] OgnSdPostRenderVarToHost : rendervar copy from texture directly to host buffer is counter-performant. Please use copy from texture to device buffer first.
[38;20m[skrl:INFO] Environment wrapper: Isaac Lab (single-agent)[0m
[33;20m[skrl:WARNING] The 'lambda' field in the configuration is deprecated. Use 'gae_lambda' instead[0m
[INFO]: Parsing configuration from: /pub0/muhammadf/Blender/rl/bingo_rl/bingo_rl/track/agents/skrl_ppo_cfg.yaml
[33m19:09:47 [runner.py] WARNING: The 'lambda' field in the configuration is deprecated. Use 'gae_lambda' instead[0m
[33;20m[skrl:WARNING] The 'clip_predicted_values' field in the configuration is deprecated. Use a 'value_clip' value greater than 0 to clip the predicted values instead[0m
[33m19:09:47 [runner.py] WARNING: The 'clip_predicted_values' field in the configuration is deprecated. Use a 'value_clip' value greater than 0 to clip the predicted values instead[0m
[33;20m[skrl:WARNING] The 'state_preprocessor' field in the configuration has been replaced by 'observation_preprocessor'. If the 'state_preprocessor' definition is desired but the `observation_preprocessor` is not, define the last one to None (null) to avoid the automatic replacement[0m
[33m19:09:47 [runner.py] WARNING: The 'state_preprocessor' field in the configuration has been replaced by 'observation_preprocessor'. If the 'state_preprocessor' definition is desired but the `observation_preprocessor` is not, define the last one to None (null) to avoid the automatic replacement[0m
[38;20m[skrl:INFO] Seed: 42[0m
[[ policy loaded: /pub0/muhammadf/Blender/docs/experiment_loop/turning/loops/loop_0001/A/policy.pt
[33m19:09:47 [math.py] WARNING: The function 'quat_rotate_inverse' will be deprecated in favor of the faster method 'quat_apply_inverse'. Please use 'quat_apply_inverse' instead....[0m
[33m19:09:52 [math.py] WARNING: The function 'quat_rotate_inverse' will be deprecated in favor of the faster method 'quat_apply_inverse'. Please use 'quat_apply_inverse' instead....[0m
2026-09-19T23:09:55Z [27,663ms] [Warning] [carb] Client gpu.foundation.plugin has acquired [gpu::unstable::IMemoryBudgetManagerFactory v0.1] 100 times. Consider accessing this interface with carb::getCachedInterface() (Performance warning)
[33m19:09:57 [math.py] WARNING: The function 'quat_rotate_inverse' will be deprecated in favor of the faster method 'quat_apply_inverse'. Please use 'quat_apply_inverse' instead....[0m
[33m19:10:02 [math.py] WARNING: The function 'quat_rotate_inverse' will be deprecated in favor of the faster method 'quat_apply_inverse'. Please use 'quat_apply_inverse' instead....[0m
[33m19:10:07 [math.py] WARNING: The function 'quat_rotate_inverse' will be deprecated in favor of the faster method 'quat_apply_inverse'. Please use 'quat_apply_inverse' instead....[0m
[33m19:10:12 [math.py] WARNING: The function 'quat_rotate_inverse' will be deprecated in favor of the faster method 'quat_apply_inverse'. Please use 'quat_apply_inverse' instead....[0m
[33m19:10:17 [math.py] WARNING: The function 'quat_rotate_inverse' will be deprecated in favor of the faster method 'quat_apply_inverse'. Please use 'quat_apply_inverse' instead....[0m
[33m19:10:22 [math.py] WARNING: The function 'quat_rotate_inverse' will be deprecated in favor of the faster method 'quat_apply_inverse'. Please use 'quat_apply_inverse' instead....[0m
[33m19:10:27 [math.py] WARNING: The function 'quat_rotate_inverse' will be deprecated in favor of the faster method 'quat_apply_inverse'. Please use 'quat_apply_inverse' instead....[0m
[33m19:10:32 [math.py] WARNING: The function 'quat_rotate_inverse' will be deprecated in favor of the faster method 'quat_apply_inverse'. Please use 'quat_apply_inverse' instead....[0m
[33m19:10:37 [math.py] WARNING: The function 'quat_rotate_inverse' will be deprecated in favor of the faster method 'quat_apply_inverse'. Please use 'quat_apply_inverse' instead....[0m
[33m19:10:42 [math.py] WARNING: The function 'quat_rotate_inverse' will be deprecated in favor of the faster method 'quat_apply_inverse'. Please use 'quat_apply_inverse' instead....[0m
[33m19:10:47 [math.py] WARNING: The function 'quat_rotate_inverse' will be deprecated in favor of the faster method 'quat_apply_inverse'. Please use 'quat_apply_inverse' instead....[0m
[33m19:10:52 [math.py] WARNING: The function 'quat_rotate_inverse' will be deprecated in favor of the faster method 'quat_apply_inverse'. Please use 'quat_apply_inverse' instead....[0m
[33m19:10:57 [math.py] WARNING: The function 'quat_rotate_inverse' will be deprecated in favor of the faster method 'quat_apply_inverse'. Please use 'quat_apply_inverse' instead....[0m
[33m19:11:02 [math.py] WARNING: The function 'quat_rotate_inverse' will be deprecated in favor of the faster method 'quat_apply_inverse'. Please use 'quat_apply_inverse' instead....[0m
[33m19:11:07 [math.py] WARNING: The function 'quat_rotate_inverse' will be deprecated in favor of the faster method 'quat_apply_inverse'. Please use 'quat_apply_inverse' instead....[0m
[33m19:11:12 [math.py] WARNING: The function 'quat_rotate_inverse' will be deprecated in favor of the faster method 'quat_apply_inverse'. Please use 'quat_apply_inverse' instead....[0m
[33m19:11:17 [math.py] WARNING: The function 'quat_rotate_inverse' will be deprecated in favor of the faster method 'quat_apply_inverse'. Please use 'quat_apply_inverse' instead....[0m
[33m19:11:22 [math.py] WARNING: The function 'quat_rotate_inverse' will be deprecated in favor of the faster method 'quat_apply_inverse'. Please use 'quat_apply_inverse' instead....[0m
[33m19:11:27 [math.py] WARNING: The function 'quat_rotate_inverse' will be deprecated in favor of the faster method 'quat_apply_inverse'. Please use 'quat_apply_inverse' instead....[0m
[33m19:11:32 [math.py] WARNING: The function 'quat_rotate_inverse' will be deprecated in favor of the faster method 'quat_apply_inverse'. Please use 'quat_apply_inverse' instead....[0m
[33m19:11:37 [math.py] WARNING: The function 'quat_rotate_inverse' will be deprecated in favor of the faster method 'quat_apply_inverse'. Please use 'quat_apply_inverse' instead....[0m
[33m19:11:43 [math.py] WARNING: The function 'quat_rotate_inverse' will be deprecated in favor of the faster method 'quat_apply_inverse'. Please use 'quat_apply_inverse' instead....[0m
[[ wrote /pub0/muhammadf/Blender/docs/experiment_loop/turning/loops/loop_0001/A/left/eval.mp4

====================================================================================================
BINGO WALK-REF LOOP EVALUATION
====================================================================================================

task=Bingo-Turning-Play-v0  checkpoint=/pub0/muhammadf/Blender/docs/experiment_loop/turning/loops/loop_0001/A/policy.pt
command: vx=0.175 m/s  vy=0.000  yaw=0.400  (Turning extension accepts yaw; vy remains zero.)
duration=60.0s  settle=1.0s  steps_recorded=1440  num_envs=1
----------------------------------------------------------------------------------------------------
survival: 30.8%   any_fell=True  fall_time_s=[18.5]
vx: mean=0.087  std=0.060  max=0.261  (cmd=0.175)
base roll RMS: 7.704 deg   base pitch RMS: 2.363 deg
joint accel RMS: 7.949 rad/s^2
residual action-rate RMS: 0.0133 rad/step
reference tracking error (rad): mean=0.0745  rms=0.0958  max=0.4789

torque saturation % per joint:
  fl_SY_J       0.0%
  fl_SP_J       2.7%
  fl_knee       7.0%
  fr_SY_J       0.0%
  fr_SP_J       0.9%
  fr_knee       5.4%
  bl_SY_J       0.0%
  bl_SP_J       0.0%
  bl_knee       1.8%
  br_SY_J       0.0%
  br_SP_J       1.8%
  br_knee       1.4%
====================================================================================================
[[ wrote /pub0/muhammadf/Blender/docs/experiment_loop/turning/loops/loop_0001/A/left/metrics.json
EXEC ['/pub0/muhammadf/miniconda3/envs/isaaclab/bin/python', '/pub0/muhammadf/Blender/rl/bingo_rl/experiment_loop/turning/analyze.py', '/pub0/muhammadf/Blender/docs/experiment_loop/turning/loops/loop_0001/A/left']
EXEC ['/pub0/muhammadf/miniconda3/envs/isaaclab/bin/python', '/pub0/muhammadf/Blender/rl/bingo_rl/experiment_loop/turning/worker.py', 'evaluate', '--context', '/pub0/muhammadf/Blender/docs/experiment_loop/turning/loops/loop_0001/A/config.json', '--task', 'Bingo-Turning-Play-v0', '--checkpoint', '/pub0/muhammadf/Blender/docs/experiment_loop/turning/loops/loop_0001/A/policy.pt', '--out_dir', '/pub0/muhammadf/Blender/docs/experiment_loop/turning/loops/loop_0001/A/right', '--duration_s', '60', '--cmd_vx', '.175', '--cmd_yaw', '-0.4', '--diagnostics', '--headless', '--kit_args', '--/rtx/verifyDriverVersion/enabled=false --no-window']
Loading user config located at: '/pub0/muhammadf/miniconda3/envs/isaaclab/lib/python3.11/site-packages/isaacsim/kit/data/Kit/Isaac-Sim/5.1/user.config.json'
[Info] [carb] Logging to file: /pub0/muhammadf/miniconda3/envs/isaaclab/lib/python3.11/site-packages/isaacsim/kit/logs/Kit/Isaac-Sim/5.1/kit_20260919_191215.log
2026-09-19T23:12:15Z [189ms] [Warning] [carb.windowing-glfw.plugin] GLFW initialization failed.
2026-09-19T23:12:15Z [189ms] [Warning] [carb] Failed to startup plugin carb.windowing-glfw.plugin (interfaces: [carb::windowing::IGLContext v1.0],[carb::windowing::IWindowing v1.5]) (impl: carb.windowing-glfw.plugin)
2026-09-19T23:12:15Z [249ms] [Warning] [omni.platforminfo.plugin] failed to open the default display.  Can't verify X Server version.
2026-09-19T23:12:15Z [256ms] [Warning] [carb.cudainterop.plugin] CUDA_VISIBLE_DEVICES environment variable is set.
2026-09-19T23:12:15Z [256ms] [Warning] [carb.cudainterop.plugin] Note CUDA device enumeration and Omniverse device enumeration are different.
2026-09-19T23:12:15Z [256ms] [Warning] [carb.cudainterop.plugin] Setting CUDA_VISIBLE_DEVICES can lead to undesired behavior or crashes.
2026-09-19T23:12:15Z [465ms] [Warning] [carb.windowing-glfw.plugin] GLFW initialization failed.
2026-09-19T23:12:15Z [465ms] [Warning] [carb] Failed to startup plugin carb.windowing-glfw.plugin (interfaces: [carb::windowing::IGLContext v1.0],[carb::windowing::IWindowing v1.5]) (impl: carb.windowing-glfw.plugin)
2026-09-19T23:12:16Z [582ms] [Warning] [gpu.foundation.plugin] Skipping NVIDIA GPU due CUDA being in bad state: NVIDIA GeForce RTX 4090
2026-09-19T23:12:16Z [582ms] [Warning] [gpu.foundation.plugin] Please restart your system if CUDA is known to work in your system.
2026-09-19T23:12:16Z [582ms] [Warning] [gpu.foundation.plugin] Skipping NVIDIA GPU due CUDA being in bad state: NVIDIA GeForce RTX 4090
2026-09-19T23:12:16Z [582ms] [Warning] [gpu.foundation.plugin] Please restart your system if CUDA is known to work in your system.

|---------------------------------------------------------------------------------------------|
| Driver Version: 535.32.01     | Graphics API: Vulkan
|=============================================================================================|
| GPU | Name                             | Active | LDA | GPU Memory | Vendor-ID | LUID       |
|     |                                  |        |     |            | Device-ID | UUID       |
|     |                                  |        |     |            | Bus-ID    |            |
|---------------------------------------------------------------------------------------------|
| 0   | NVIDIA GeForce RTX 2080 Ti       | Yes: 0 |     | 11510   MB | 10de      | 0          |
|     |                                  |        |     |            | 1e07      | 5a1fbe3a.. |
|     |                                  |        |     |            | 19        |            |
|---------------------------------------------------------------------------------------------|
| 1   | NVIDIA GeForce RTX 4090          |        |     | 24810   MB | 10de      | 0          |
|     |                                  |        |     |            | 2684      | 6c6e36d2.. |
|     |                                  |        |     |            | 68        |            |
|=============================================================================================|
| OS: 22.04.1 LTS (Jammy Jellyfish) ubuntu, Version: 22.04.1, Kernel: 5.15.0-60-generic
| Processor: Intel(R) Core(TM) i9-9920X CPU @ 3.50GHz
| Cores: 12 | Logical Cores: 24
|---------------------------------------------------------------------------------------------|
| Total Memory (MB): 128497 | Free Memory: 122504
| Total Page/Swap (MB): 2047 | Free Page/Swap: 2017
|---------------------------------------------------------------------------------------------|
2026-09-19T23:12:16Z [1,447ms] [Warning] [gpu.foundation.plugin] CPU performance profile is set to powersave. This profile sets the CPU to the lowest frequency reducing performance.
2026-09-19T23:12:17Z [2,168ms] [Warning] [carb.windowing-glfw.plugin] GLFW initialization failed.
2026-09-19T23:12:17Z [2,168ms] [Warning] [carb] Failed to startup plugin carb.windowing-glfw.plugin (interfaces: [carb::windowing::IGLContext v1.0],[carb::windowing::IWindowing v1.5]) (impl: carb.windowing-glfw.plugin)
2026-09-19T23:12:17Z [2,180ms] [Warning] [carb.windowing-glfw.plugin] GLFW initialization failed.
2026-09-19T23:12:17Z [2,180ms] [Warning] [carb] Failed to startup plugin carb.windowing-glfw.plugin (interfaces: [carb::windowing::IGLContext v1.0],[carb::windowing::IWindowing v1.5]) (impl: carb.windowing-glfw.plugin)
2026-09-19T23:12:17Z [2,185ms] [Warning] [carb.windowing-glfw.plugin] GLFW initialization failed.
2026-09-19T23:12:17Z [2,185ms] [Warning] [carb] Failed to startup plugin carb.windowing-glfw.plugin (interfaces: [carb::windowing::IGLContext v1.0],[carb::windowing::IWindowing v1.5]) (impl: carb.windowing-glfw.plugin)
2026-09-19T23:12:17Z [2,195ms] [Warning] [carb.windowing-glfw.plugin] GLFW initialization failed.
2026-09-19T23:12:17Z [2,195ms] [Warning] [carb] Failed to startup plugin carb.windowing-glfw.plugin (interfaces: [carb::windowing::IGLContext v1.0],[carb::windowing::IWindowing v1.5]) (impl: carb.windowing-glfw.plugin)
2026-09-19T23:12:17Z [2,196ms] [Warning] [carb.windowing-glfw.plugin] GLFW initialization failed.
2026-09-19T23:12:17Z [2,196ms] [Warning] [carb] Failed to startup plugin carb.windowing-glfw.plugin (interfaces: [carb::windowing::IGLContext v1.0],[carb::windowing::IWindowing v1.5]) (impl: carb.windowing-glfw.plugin)
2026-09-19T23:12:17Z [2,197ms] [Warning] [carb.windowing-glfw.plugin] GLFW initialization failed.
2026-09-19T23:12:17Z [2,197ms] [Warning] [carb] Failed to startup plugin carb.windowing-glfw.plugin (interfaces: [carb::windowing::IGLContext v1.0],[carb::windowing::IWindowing v1.5]) (impl: carb.windowing-glfw.plugin)
2026-09-19T23:12:17Z [2,461ms] [Warning] [omni.log] Source: omni.hydra was already registered.
2026-09-19T23:12:18Z [2,939ms] [Warning] [carb] Acquiring non optional plugin interface which is not listed as dependency: [omni::physx::IPhysxBenchmarks v1.0] (plugin: <default plugin>), by client: omni.physics.physx.plugin. Add it to CARB_PLUGIN_IMPL_DEPS() macro of a client.
2026-09-19T23:12:18Z [2,965ms] [Warning] [omni.isaac.dynamic_control] omni.isaac.dynamic_control is deprecated as of Isaac Sim 4.5. No action is needed from end-users.
2026-09-19T23:12:20Z [5,121ms] [Warning] [pxr.Semantics] pxr.Semantics is deprecated - please use Semantics instead
2026-09-19T23:12:20Z [5,373ms] [Warning] [omni.graph.core.plugin] Found duplicate of category 'Replicator' - was 'Annotators', adding 'Fabric Reader'
2026-09-19T23:12:20Z [5,373ms] [Warning] [omni.graph.core.plugin] Category 'Replicator' not accepted on node type 'omni.replicator.core.FabricReader' in extension 'omni.replicator.core'
2026-09-19T23:12:20Z [5,374ms] [Warning] [omni.replicator.core.scripts.extension] No material configuration file, adding configuration to material settings directly.
[INFO][AppLauncher]: Using device: cuda:0
[INFO][AppLauncher]: Loading experience file: /pub0/muhammadf/IsaacLab/apps/isaaclab.python.headless.rendering.kit
[INFO]: Parsing configuration from: <class 'env.PlayCfg'>

[36m======================================================================================[0m
[36m[1m[INFO][IsaacLab]: Logging to file: /tmp/isaaclab/logs/isaaclab_2026-09-19_19-12-28.log[0m
[36m======================================================================================[0m

[33m19:12:28 [simulation_context.py] WARNING: The `enable_external_forces_every_iteration` parameter in the PhysxCfg is set to False. If you are experiencing noisy velocities, consider enabling this flag. You may need to slightly increase the number of velocity iterations (setting it to 1 or 2 rather than 0), together with this flag, to improve the accuracy of velocity updates.[0m
2026-09-19T23:12:26Z [10,518ms] [Warning] [omni.fabric.plugin] Warning: attribute viewportHandle not found for bucket id 7

2026-09-19T23:12:28Z [13,126ms] [Warning] [isaaclab.envs.direct_rl_env] Seed not set for the environment. The environment creation may not be deterministic.
[INFO]: Base environment:
	Environment device    : cuda:0
	Environment seed      : None
	Physics step-size     : 0.008333333333333333
	Rendering step-size   : 0.041666666666666664
	Environment step-size : 0.041666666666666664
[INFO]: Time taken for scene creation : 0.525268 seconds
[INFO]: Scene manager:  <class InteractiveScene>
	Number of environments: 1
	Environment spacing   : 3.0
	Source prim name      : /World/envs/env_0
	Global prim paths     : []
	Replicate physics     : True
[INFO]: Starting the simulation. This may take a few seconds. Please wait...
[INFO]: Time taken for simulation start : 1.083745 seconds
[INFO]: Completed setting up the environment...
Motion loaded (/pub0/muhammadf/Blender/docs/experiment_loop/turning/loops/loop_0001/A/reference.npz): duration: 1.125 sec, frames: 136
[33m19:12:30 [math.py] WARNING: The function 'quat_rotate_inverse' will be deprecated in favor of the faster method 'quat_apply_inverse'. Please use 'quat_apply_inverse' instead....[0m
2026-09-19T23:12:30Z [15,235ms] [Warning] [omni.fabric.plugin] getAttributeCount called on non-existent path /World/envs/env_0/Robot/origin/tail_yaw/visuals/tail_yaw
2026-09-19T23:12:30Z [15,235ms] [Warning] [omni.fabric.plugin] getTypes called on non-existent path /World/envs/env_0/Robot/origin/tail_yaw/visuals/tail_yaw
2026-09-19T23:12:31Z [16,405ms] [Warning] [omni.syntheticdata.plugin] OgnSdPostRenderVarToHost : rendervar copy from texture directly to host buffer is counter-performant. Please use copy from texture to device buffer first.
[38;20m[skrl:INFO] Environment wrapper: Isaac Lab (single-agent)[0m
[33;20m[skrl:WARNING] The 'lambda' field in the configuration is deprecated. Use 'gae_lambda' instead[0m
[INFO]: Parsing configuration from: /pub0/muhammadf/Blender/rl/bingo_rl/bingo_rl/track/agents/skrl_ppo_cfg.yaml
[33m19:12:35 [runner.py] WARNING: The 'lambda' field in the configuration is deprecated. Use 'gae_lambda' instead[0m
[33;20m[skrl:WARNING] The 'clip_predicted_values' field in the configuration is deprecated. Use a 'value_clip' value greater than 0 to clip the predicted values instead[0m
[33m19:12:35 [runner.py] WARNING: The 'clip_predicted_values' field in the configuration is deprecated. Use a 'value_clip' value greater than 0 to clip the predicted values instead[0m
[33;20m[skrl:WARNING] The 'state_preprocessor' field in the configuration has been replaced by 'observation_preprocessor'. If the 'state_preprocessor' definition is desired but the `observation_preprocessor` is not, define the last one to None (null) to avoid the automatic replacement[0m
[33m19:12:35 [runner.py] WARNING: The 'state_preprocessor' field in the configuration has been replaced by 'observation_preprocessor'. If the 'state_preprocessor' definition is desired but the `observation_preprocessor` is not, define the last one to None (null) to avoid the automatic replacement[0m
[38;20m[skrl:INFO] Seed: 42[0m
[[ policy loaded: /pub0/muhammadf/Blender/docs/experiment_loop/turning/loops/loop_0001/A/policy.pt
[33m19:12:35 [math.py] WARNING: The function 'quat_rotate_inverse' will be deprecated in favor of the faster method 'quat_apply_inverse'. Please use 'quat_apply_inverse' instead....[0m
[33m19:12:40 [math.py] WARNING: The function 'quat_rotate_inverse' will be deprecated in favor of the faster method 'quat_apply_inverse'. Please use 'quat_apply_inverse' instead....[0m
2026-09-19T23:12:43Z [27,574ms] [Warning] [carb] Client gpu.foundation.plugin has acquired [gpu::unstable::IMemoryBudgetManagerFactory v0.1] 100 times. Consider accessing this interface with carb::getCachedInterface() (Performance warning)
[33m19:12:45 [math.py] WARNING: The function 'quat_rotate_inverse' will be deprecated in favor of the faster method 'quat_apply_inverse'. Please use 'quat_apply_inverse' instead....[0m
[33m19:12:50 [math.py] WARNING: The function 'quat_rotate_inverse' will be deprecated in favor of the faster method 'quat_apply_inverse'. Please use 'quat_apply_inverse' instead....[0m
[33m19:12:55 [math.py] WARNING: The function 'quat_rotate_inverse' will be deprecated in favor of the faster method 'quat_apply_inverse'. Please use 'quat_apply_inverse' instead....[0m
[33m19:13:00 [math.py] WARNING: The function 'quat_rotate_inverse' will be deprecated in favor of the faster method 'quat_apply_inverse'. Please use 'quat_apply_inverse' instead....[0m
[33m19:13:05 [math.py] WARNING: The function 'quat_rotate_inverse' will be deprecated in favor of the faster method 'quat_apply_inverse'. Please use 'quat_apply_inverse' instead....[0m
[33m19:13:10 [math.py] WARNING: The function 'quat_rotate_inverse' will be deprecated in favor of the faster method 'quat_apply_inverse'. Please use 'quat_apply_inverse' instead....[0m
[33m19:13:15 [math.py] WARNING: The function 'quat_rotate_inverse' will be deprecated in favor of the faster method 'quat_apply_inverse'. Please use 'quat_apply_inverse' instead....[0m
[33m19:13:20 [math.py] WARNING: The function 'quat_rotate_inverse' will be deprecated in favor of the faster method 'quat_apply_inverse'. Please use 'quat_apply_inverse' instead....[0m
[33m19:13:25 [math.py] WARNING: The function 'quat_rotate_inverse' will be deprecated in favor of the faster method 'quat_apply_inverse'. Please use 'quat_apply_inverse' instead....[0m
[33m19:13:30 [math.py] WARNING: The function 'quat_rotate_inverse' will be deprecated in favor of the faster method 'quat_apply_inverse'. Please use 'quat_apply_inverse' instead....[0m
[33m19:13:35 [math.py] WARNING: The function 'quat_rotate_inverse' will be deprecated in favor of the faster method 'quat_apply_inverse'. Please use 'quat_apply_inverse' instead....[0m
[33m19:13:40 [math.py] WARNING: The function 'quat_rotate_inverse' will be deprecated in favor of the faster method 'quat_apply_inverse'. Please use 'quat_apply_inverse' instead....[0m
[33m19:13:45 [math.py] WARNING: The function 'quat_rotate_inverse' will be deprecated in favor of the faster method 'quat_apply_inverse'. Please use 'quat_apply_inverse' instead....[0m
[33m19:13:50 [math.py] WARNING: The function 'quat_rotate_inverse' will be deprecated in favor of the faster method 'quat_apply_inverse'. Please use 'quat_apply_inverse' instead....[0m
[33m19:13:55 [math.py] WARNING: The function 'quat_rotate_inverse' will be deprecated in favor of the faster method 'quat_apply_inverse'. Please use 'quat_apply_inverse' instead....[0m
[33m19:14:00 [math.py] WARNING: The function 'quat_rotate_inverse' will be deprecated in favor of the faster method 'quat_apply_inverse'. Please use 'quat_apply_inverse' instead....[0m
[33m19:14:05 [math.py] WARNING: The function 'quat_rotate_inverse' will be deprecated in favor of the faster method 'quat_apply_inverse'. Please use 'quat_apply_inverse' instead....[0m
[33m19:14:10 [math.py] WARNING: The function 'quat_rotate_inverse' will be deprecated in favor of the faster method 'quat_apply_inverse'. Please use 'quat_apply_inverse' instead....[0m
[33m19:14:15 [math.py] WARNING: The function 'quat_rotate_inverse' will be deprecated in favor of the faster method 'quat_apply_inverse'. Please use 'quat_apply_inverse' instead....[0m
[33m19:14:20 [math.py] WARNING: The function 'quat_rotate_inverse' will be deprecated in favor of the faster method 'quat_apply_inverse'. Please use 'quat_apply_inverse' instead....[0m
[33m19:14:25 [math.py] WARNING: The function 'quat_rotate_inverse' will be deprecated in favor of the faster method 'quat_apply_inverse'. Please use 'quat_apply_inverse' instead....[0m
[33m19:14:30 [math.py] WARNING: The function 'quat_rotate_inverse' will be deprecated in favor of the faster method 'quat_apply_inverse'. Please use 'quat_apply_inverse' instead....[0m
[[ wrote /pub0/muhammadf/Blender/docs/experiment_loop/turning/loops/loop_0001/A/right/eval.mp4

====================================================================================================
BINGO WALK-REF LOOP EVALUATION
====================================================================================================

task=Bingo-Turning-Play-v0  checkpoint=/pub0/muhammadf/Blender/docs/experiment_loop/turning/loops/loop_0001/A/policy.pt
command: vx=0.175 m/s  vy=0.000  yaw=-0.400  (Turning extension accepts yaw; vy remains zero.)
duration=60.0s  settle=1.0s  steps_recorded=1440  num_envs=1
----------------------------------------------------------------------------------------------------
survival: 100.0%   any_fell=False  fall_time_s=[None]
vx: mean=0.111  std=0.078  max=0.302  (cmd=0.175)
base roll RMS: 5.505 deg   base pitch RMS: 2.106 deg
joint accel RMS: 8.517 rad/s^2
residual action-rate RMS: 0.0167 rad/step
reference tracking error (rad): mean=0.0608  rms=0.0772  max=0.2444

torque saturation % per joint:
  fl_SY_J       0.0%
  fl_SP_J       0.7%
  fl_knee       7.6%
  fr_SY_J       0.0%
  fr_SP_J       3.3%
  fr_knee       4.8%
  bl_SY_J       0.0%
  bl_SP_J       0.8%
  bl_knee       3.2%
  br_SY_J       0.0%
  br_SP_J       0.0%
  br_knee       0.4%
====================================================================================================
[[ wrote /pub0/muhammadf/Blender/docs/experiment_loop/turning/loops/loop_0001/A/right/metrics.json
EXEC ['/pub0/muhammadf/miniconda3/envs/isaaclab/bin/python', '/pub0/muhammadf/Blender/rl/bingo_rl/experiment_loop/turning/analyze.py', '/pub0/muhammadf/Blender/docs/experiment_loop/turning/loops/loop_0001/A/right']
EXEC ['/pub0/muhammadf/miniconda3/envs/isaaclab/bin/python', '/pub0/muhammadf/Blender/rl/bingo_rl/experiment_loop/turning/worker.py', 'evaluate', '--context', '/pub0/muhammadf/Blender/docs/experiment_loop/turning/loops/loop_0001/A/config.json', '--task', 'Bingo-Turning-Play-v0', '--checkpoint', '/pub0/muhammadf/Blender/docs/experiment_loop/turning/loops/loop_0001/A/policy.pt', '--out_dir', '/pub0/muhammadf/Blender/docs/experiment_loop/turning/loops/loop_0001/A/left_max', '--duration_s', '30', '--cmd_vx', '.175', '--cmd_yaw', '0.6', '--diagnostics', '--headless', '--kit_args', '--/rtx/verifyDriverVersion/enabled=false --no-window', '--no_video']
Loading user config located at: '/pub0/muhammadf/miniconda3/envs/isaaclab/lib/python3.11/site-packages/isaacsim/kit/data/Kit/Isaac-Sim/5.1/user.config.json'
[Info] [carb] Logging to file: /pub0/muhammadf/miniconda3/envs/isaaclab/lib/python3.11/site-packages/isaacsim/kit/logs/Kit/Isaac-Sim/5.1/kit_20260919_191504.log
2026-09-19T23:15:05Z [139ms] [Warning] [omni.usd_config.extension] Enable omni.materialx.libs extension to use MaterialX
2026-09-19T23:15:05Z [426ms] [Warning] [omni.platforminfo.plugin] failed to open the default display.  Can't verify X Server version.
2026-09-19T23:15:05Z [660ms] [Warning] [carb] Acquiring non optional plugin interface which is not listed as dependency: [omni::physx::IPhysxBenchmarks v1.0] (plugin: <default plugin>), by client: omni.physics.physx.plugin. Add it to CARB_PLUGIN_IMPL_DEPS() macro of a client.
2026-09-19T23:15:05Z [674ms] [Warning] [omni.isaac.dynamic_control] omni.isaac.dynamic_control is deprecated as of Isaac Sim 4.5. No action is needed from end-users.
2026-09-19T23:15:08Z [3,350ms] [Warning] [carb.cudainterop.plugin] CUDA_VISIBLE_DEVICES environment variable is set.
2026-09-19T23:15:08Z [3,350ms] [Warning] [carb.cudainterop.plugin] Note CUDA device enumeration and Omniverse device enumeration are different.
2026-09-19T23:15:08Z [3,350ms] [Warning] [carb.cudainterop.plugin] Setting CUDA_VISIBLE_DEVICES can lead to undesired behavior or crashes.
2026-09-19T23:15:08Z [3,648ms] [Warning] [gpu.foundation.plugin] Skipping NVIDIA GPU due CUDA being in bad state: NVIDIA GeForce RTX 4090
2026-09-19T23:15:08Z [3,648ms] [Warning] [gpu.foundation.plugin] Please restart your system if CUDA is known to work in your system.
2026-09-19T23:15:08Z [3,648ms] [Warning] [gpu.foundation.plugin] Skipping NVIDIA GPU due CUDA being in bad state: NVIDIA GeForce RTX 4090
2026-09-19T23:15:08Z [3,648ms] [Warning] [gpu.foundation.plugin] Please restart your system if CUDA is known to work in your system.

|---------------------------------------------------------------------------------------------|
| Driver Version: 535.32.01     | Graphics API: Vulkan
|=============================================================================================|
| GPU | Name                             | Active | LDA | GPU Memory | Vendor-ID | LUID       |
|     |                                  |        |     |            | Device-ID | UUID       |
|     |                                  |        |     |            | Bus-ID    |            |
|---------------------------------------------------------------------------------------------|
| 0   | NVIDIA GeForce RTX 2080 Ti       | Yes: 0 |     | 11510   MB | 10de      | 0          |
|     |                                  |        |     |            | 1e07      | 5a1fbe3a.. |
|     |                                  |        |     |            | 19        |            |
|---------------------------------------------------------------------------------------------|
| 1   | NVIDIA GeForce RTX 4090          |        |     | 24810   MB | 10de      | 0          |
|     |                                  |        |     |            | 2684      | 6c6e36d2.. |
|     |                                  |        |     |            | 68        |            |
|=============================================================================================|
| OS: 22.04.1 LTS (Jammy Jellyfish) ubuntu, Version: 22.04.1, Kernel: 5.15.0-60-generic
| Processor: Intel(R) Core(TM) i9-9920X CPU @ 3.50GHz
| Cores: 12 | Logical Cores: 24
|---------------------------------------------------------------------------------------------|
| Total Memory (MB): 128497 | Free Memory: 122049
| Total Page/Swap (MB): 2047 | Free Page/Swap: 2017
|---------------------------------------------------------------------------------------------|
2026-09-19T23:15:09Z [4,609ms] [Warning] [gpu.foundation.plugin] CPU performance profile is set to powersave. This profile sets the CPU to the lowest frequency reducing performance.
2026-09-19T23:15:11Z [6,908ms] [Warning] [isaaclab.envs.direct_rl_env] Seed not set for the environment. The environment creation may not be deterministic.
[INFO][AppLauncher]: Using device: cuda:0
[INFO][AppLauncher]: Loading experience file: /pub0/muhammadf/IsaacLab/apps/isaaclab.python.headless.kit
[INFO]: Parsing configuration from: <class 'env.PlayCfg'>

[36m======================================================================================[0m
[36m[1m[INFO][IsaacLab]: Logging to file: /tmp/isaaclab/logs/isaaclab_2026-09-19_19-15-11.log[0m
[36m======================================================================================[0m

[33m19:15:11 [simulation_context.py] WARNING: The `enable_external_forces_every_iteration` parameter in the PhysxCfg is set to False. If you are experiencing noisy velocities, consider enabling this flag. You may need to slightly increase the number of velocity iterations (setting it to 1 or 2 rather than 0), together with this flag, to improve the accuracy of velocity updates.[0m
[38;20m[skrl:INFO] Environment wrapper: Isaac Lab (single-agent)[0m
[33;20m[skrl:WARNING] The 'lambda' field in the configuration is deprecated. Use 'gae_lambda' instead[0m
[INFO]: Base environment:
	Environment device    : cuda:0
	Environment seed      : None
	Physics step-size     : 0.008333333333333333
	Rendering step-size   : 0.041666666666666664
	Environment step-size : 0.041666666666666664
[INFO]: Time taken for scene creation : 0.513408 seconds
[INFO]: Scene manager:  <class InteractiveScene>
	Number of environments: 1
	Environment spacing   : 3.0
	Source prim name      : /World/envs/env_0
	Global prim paths     : []
	Replicate physics     : True
[INFO]: Starting the simulation. This may take a few seconds. Please wait...
[INFO]: Time taken for simulation start : 0.856855 seconds
[INFO]: Completed setting up the environment...
Motion loaded (/pub0/muhammadf/Blender/docs/experiment_loop/turning/loops/loop_0001/A/reference.npz): duration: 1.125 sec, frames: 136
[INFO]: Parsing configuration from: /pub0/muhammadf/Blender/rl/bingo_rl/bingo_rl/track/agents/skrl_ppo_cfg.yaml
[33m19:15:13 [runner.py] WARNING: The 'lambda' field in the configuration is deprecated. Use 'gae_lambda' instead[0m
[33;20m[skrl:WARNING] The 'clip_predicted_values' field in the configuration is deprecated. Use a 'value_clip' value greater than 0 to clip the predicted values instead[0m
[33m19:15:13 [runner.py] WARNING: The 'clip_predicted_values' field in the configuration is deprecated. Use a 'value_clip' value greater than 0 to clip the predicted values instead[0m
[33;20m[skrl:WARNING] The 'state_preprocessor' field in the configuration has been replaced by 'observation_preprocessor'. If the 'state_preprocessor' definition is desired but the `observation_preprocessor` is not, define the last one to None (null) to avoid the automatic replacement[0m
[33m19:15:13 [runner.py] WARNING: The 'state_preprocessor' field in the configuration has been replaced by 'observation_preprocessor'. If the 'state_preprocessor' definition is desired but the `observation_preprocessor` is not, define the last one to None (null) to avoid the automatic replacement[0m
[38;20m[skrl:INFO] Seed: 42[0m
[[ policy loaded: /pub0/muhammadf/Blender/docs/experiment_loop/turning/loops/loop_0001/A/policy.pt
[33m19:15:13 [math.py] WARNING: The function 'quat_rotate_inverse' will be deprecated in favor of the faster method 'quat_apply_inverse'. Please use 'quat_apply_inverse' instead....[0m
[33m19:15:18 [math.py] WARNING: The function 'quat_rotate_inverse' will be deprecated in favor of the faster method 'quat_apply_inverse'. Please use 'quat_apply_inverse' instead....[0m
[33m19:15:23 [math.py] WARNING: The function 'quat_rotate_inverse' will be deprecated in favor of the faster method 'quat_apply_inverse'. Please use 'quat_apply_inverse' instead....[0m
[33m19:15:28 [math.py] WARNING: The function 'quat_rotate_inverse' will be deprecated in favor of the faster method 'quat_apply_inverse'. Please use 'quat_apply_inverse' instead....[0m
[33m19:15:33 [math.py] WARNING: The function 'quat_rotate_inverse' will be deprecated in favor of the faster method 'quat_apply_inverse'. Please use 'quat_apply_inverse' instead....[0m
[33m19:15:38 [math.py] WARNING: The function 'quat_rotate_inverse' will be deprecated in favor of the faster method 'quat_apply_inverse'. Please use 'quat_apply_inverse' instead....[0m

====================================================================================================
BINGO WALK-REF LOOP EVALUATION
====================================================================================================

task=Bingo-Turning-Play-v0  checkpoint=/pub0/muhammadf/Blender/docs/experiment_loop/turning/loops/loop_0001/A/policy.pt
command: vx=0.175 m/s  vy=0.000  yaw=0.600  (Turning extension accepts yaw; vy remains zero.)
duration=30.0s  settle=1.0s  steps_recorded=720  num_envs=1
----------------------------------------------------------------------------------------------------
survival: 24.6%   any_fell=True  fall_time_s=[7.375]
vx: mean=0.078  std=0.079  max=0.212  (cmd=0.175)
base roll RMS: 12.104 deg   base pitch RMS: 2.029 deg
joint accel RMS: 8.631 rad/s^2
residual action-rate RMS: 0.0132 rad/step
reference tracking error (rad): mean=0.0750  rms=0.0971  max=0.3115

torque saturation % per joint:
  fl_SY_J       0.0%
  fl_SP_J       4.5%
  fl_knee       8.5%
  fr_SY_J       0.0%
  fr_SP_J       1.1%
  fr_knee       5.6%
  bl_SY_J       0.0%
  bl_SP_J       0.0%
  bl_knee       1.1%
  br_SY_J       0.0%
  br_SP_J       3.4%
  br_knee       3.4%
====================================================================================================
[[ wrote /pub0/muhammadf/Blender/docs/experiment_loop/turning/loops/loop_0001/A/left_max/metrics.json
EXEC ['/pub0/muhammadf/miniconda3/envs/isaaclab/bin/python', '/pub0/muhammadf/Blender/rl/bingo_rl/experiment_loop/turning/analyze.py', '/pub0/muhammadf/Blender/docs/experiment_loop/turning/loops/loop_0001/A/left_max']
EXEC ['/pub0/muhammadf/miniconda3/envs/isaaclab/bin/python', '/pub0/muhammadf/Blender/rl/bingo_rl/experiment_loop/turning/worker.py', 'evaluate', '--context', '/pub0/muhammadf/Blender/docs/experiment_loop/turning/loops/loop_0001/A/config.json', '--task', 'Bingo-Turning-Play-v0', '--checkpoint', '/pub0/muhammadf/Blender/docs/experiment_loop/turning/loops/loop_0001/A/policy.pt', '--out_dir', '/pub0/muhammadf/Blender/docs/experiment_loop/turning/loops/loop_0001/A/right_max', '--duration_s', '30', '--cmd_vx', '.175', '--cmd_yaw', '-0.6', '--diagnostics', '--headless', '--kit_args', '--/rtx/verifyDriverVersion/enabled=false --no-window', '--no_video']
Loading user config located at: '/pub0/muhammadf/miniconda3/envs/isaaclab/lib/python3.11/site-packages/isaacsim/kit/data/Kit/Isaac-Sim/5.1/user.config.json'
[Info] [carb] Logging to file: /pub0/muhammadf/miniconda3/envs/isaaclab/lib/python3.11/site-packages/isaacsim/kit/logs/Kit/Isaac-Sim/5.1/kit_20260919_191541.log
2026-09-19T23:15:41Z [158ms] [Warning] [omni.usd_config.extension] Enable omni.materialx.libs extension to use MaterialX
2026-09-19T23:15:42Z [435ms] [Warning] [omni.platforminfo.plugin] failed to open the default display.  Can't verify X Server version.
2026-09-19T23:15:42Z [624ms] [Warning] [carb] Acquiring non optional plugin interface which is not listed as dependency: [omni::physx::IPhysxBenchmarks v1.0] (plugin: <default plugin>), by client: omni.physics.physx.plugin. Add it to CARB_PLUGIN_IMPL_DEPS() macro of a client.
2026-09-19T23:15:42Z [633ms] [Warning] [omni.isaac.dynamic_control] omni.isaac.dynamic_control is deprecated as of Isaac Sim 4.5. No action is needed from end-users.
2026-09-19T23:15:45Z [3,694ms] [Warning] [carb.cudainterop.plugin] CUDA_VISIBLE_DEVICES environment variable is set.
2026-09-19T23:15:45Z [3,694ms] [Warning] [carb.cudainterop.plugin] Note CUDA device enumeration and Omniverse device enumeration are different.
2026-09-19T23:15:45Z [3,694ms] [Warning] [carb.cudainterop.plugin] Setting CUDA_VISIBLE_DEVICES can lead to undesired behavior or crashes.
2026-09-19T23:15:45Z [3,948ms] [Warning] [gpu.foundation.plugin] Skipping NVIDIA GPU due CUDA being in bad state: NVIDIA GeForce RTX 4090
2026-09-19T23:15:45Z [3,948ms] [Warning] [gpu.foundation.plugin] Please restart your system if CUDA is known to work in your system.
2026-09-19T23:15:45Z [3,948ms] [Warning] [gpu.foundation.plugin] Skipping NVIDIA GPU due CUDA being in bad state: NVIDIA GeForce RTX 4090
2026-09-19T23:15:45Z [3,948ms] [Warning] [gpu.foundation.plugin] Please restart your system if CUDA is known to work in your system.

|---------------------------------------------------------------------------------------------|
| Driver Version: 535.32.01     | Graphics API: Vulkan
|=============================================================================================|
| GPU | Name                             | Active | LDA | GPU Memory | Vendor-ID | LUID       |
|     |                                  |        |     |            | Device-ID | UUID       |
|     |                                  |        |     |            | Bus-ID    |            |
|---------------------------------------------------------------------------------------------|
| 0   | NVIDIA GeForce RTX 2080 Ti       | Yes: 0 |     | 11510   MB | 10de      | 0          |
|     |                                  |        |     |            | 1e07      | 5a1fbe3a.. |
|     |                                  |        |     |            | 19        |            |
|---------------------------------------------------------------------------------------------|
| 1   | NVIDIA GeForce RTX 4090          |        |     | 24810   MB | 10de      | 0          |
|     |                                  |        |     |            | 2684      | 6c6e36d2.. |
|     |                                  |        |     |            | 68        |            |
|=============================================================================================|
| OS: 22.04.1 LTS (Jammy Jellyfish) ubuntu, Version: 22.04.1, Kernel: 5.15.0-60-generic
| Processor: Intel(R) Core(TM) i9-9920X CPU @ 3.50GHz
| Cores: 12 | Logical Cores: 24
|---------------------------------------------------------------------------------------------|
| Total Memory (MB): 128497 | Free Memory: 122048
| Total Page/Swap (MB): 2047 | Free Page/Swap: 2017
|---------------------------------------------------------------------------------------------|
2026-09-19T23:15:46Z [5,092ms] [Warning] [gpu.foundation.plugin] CPU performance profile is set to powersave. This profile sets the CPU to the lowest frequency reducing performance.
2026-09-19T23:15:49Z [7,436ms] [Warning] [isaaclab.envs.direct_rl_env] Seed not set for the environment. The environment creation may not be deterministic.
[INFO][AppLauncher]: Using device: cuda:0
[INFO][AppLauncher]: Loading experience file: /pub0/muhammadf/IsaacLab/apps/isaaclab.python.headless.kit
[INFO]: Parsing configuration from: <class 'env.PlayCfg'>

[36m======================================================================================[0m
[36m[1m[INFO][IsaacLab]: Logging to file: /tmp/isaaclab/logs/isaaclab_2026-09-19_19-15-49.log[0m
[36m======================================================================================[0m

[33m19:15:49 [simulation_context.py] WARNING: The `enable_external_forces_every_iteration` parameter in the PhysxCfg is set to False. If you are experiencing noisy velocities, consider enabling this flag. You may need to slightly increase the number of velocity iterations (setting it to 1 or 2 rather than 0), together with this flag, to improve the accuracy of velocity updates.[0m
[38;20m[skrl:INFO] Environment wrapper: Isaac Lab (single-agent)[0m
[33;20m[skrl:WARNING] The 'lambda' field in the configuration is deprecated. Use 'gae_lambda' instead[0m
[INFO]: Base environment:
	Environment device    : cuda:0
	Environment seed      : None
	Physics step-size     : 0.008333333333333333
	Rendering step-size   : 0.041666666666666664
	Environment step-size : 0.041666666666666664
[INFO]: Time taken for scene creation : 0.609227 seconds
[INFO]: Scene manager:  <class InteractiveScene>
	Number of environments: 1
	Environment spacing   : 3.0
	Source prim name      : /World/envs/env_0
	Global prim paths     : []
	Replicate physics     : True
[INFO]: Starting the simulation. This may take a few seconds. Please wait...
[INFO]: Time taken for simulation start : 0.898632 seconds
[INFO]: Completed setting up the environment...
Motion loaded (/pub0/muhammadf/Blender/docs/experiment_loop/turning/loops/loop_0001/A/reference.npz): duration: 1.125 sec, frames: 136
[INFO]: Parsing configuration from: /pub0/muhammadf/Blender/rl/bingo_rl/bingo_rl/track/agents/skrl_ppo_cfg.yaml
[33m19:15:50 [runner.py] WARNING: The 'lambda' field in the configuration is deprecated. Use 'gae_lambda' instead[0m
[33;20m[skrl:WARNING] The 'clip_predicted_values' field in the configuration is deprecated. Use a 'value_clip' value greater than 0 to clip the predicted values instead[0m
[33m19:15:50 [runner.py] WARNING: The 'clip_predicted_values' field in the configuration is deprecated. Use a 'value_clip' value greater than 0 to clip the predicted values instead[0m
[33;20m[skrl:WARNING] The 'state_preprocessor' field in the configuration has been replaced by 'observation_preprocessor'. If the 'state_preprocessor' definition is desired but the `observation_preprocessor` is not, define the last one to None (null) to avoid the automatic replacement[0m
[33m19:15:50 [runner.py] WARNING: The 'state_preprocessor' field in the configuration has been replaced by 'observation_preprocessor'. If the 'state_preprocessor' definition is desired but the `observation_preprocessor` is not, define the last one to None (null) to avoid the automatic replacement[0m
[38;20m[skrl:INFO] Seed: 42[0m
[[ policy loaded: /pub0/muhammadf/Blender/docs/experiment_loop/turning/loops/loop_0001/A/policy.pt
[33m19:15:50 [math.py] WARNING: The function 'quat_rotate_inverse' will be deprecated in favor of the faster method 'quat_apply_inverse'. Please use 'quat_apply_inverse' instead....[0m
[33m19:15:55 [math.py] WARNING: The function 'quat_rotate_inverse' will be deprecated in favor of the faster method 'quat_apply_inverse'. Please use 'quat_apply_inverse' instead....[0m
[33m19:16:00 [math.py] WARNING: The function 'quat_rotate_inverse' will be deprecated in favor of the faster method 'quat_apply_inverse'. Please use 'quat_apply_inverse' instead....[0m
[33m19:16:05 [math.py] WARNING: The function 'quat_rotate_inverse' will be deprecated in favor of the faster method 'quat_apply_inverse'. Please use 'quat_apply_inverse' instead....[0m
[33m19:16:10 [math.py] WARNING: The function 'quat_rotate_inverse' will be deprecated in favor of the faster method 'quat_apply_inverse'. Please use 'quat_apply_inverse' instead....[0m
[33m19:16:15 [math.py] WARNING: The function 'quat_rotate_inverse' will be deprecated in favor of the faster method 'quat_apply_inverse'. Please use 'quat_apply_inverse' instead....[0m

====================================================================================================
BINGO WALK-REF LOOP EVALUATION
====================================================================================================

task=Bingo-Turning-Play-v0  checkpoint=/pub0/muhammadf/Blender/docs/experiment_loop/turning/loops/loop_0001/A/policy.pt
command: vx=0.175 m/s  vy=0.000  yaw=-0.600  (Turning extension accepts yaw; vy remains zero.)
duration=30.0s  settle=1.0s  steps_recorded=720  num_envs=1
----------------------------------------------------------------------------------------------------
survival: 100.0%   any_fell=False  fall_time_s=[None]
vx: mean=0.108  std=0.088  max=0.370  (cmd=0.175)
base roll RMS: 5.703 deg   base pitch RMS: 2.596 deg
joint accel RMS: 8.851 rad/s^2
residual action-rate RMS: 0.0174 rad/step
reference tracking error (rad): mean=0.0653  rms=0.0842  max=0.2726

torque saturation % per joint:
  fl_SY_J       0.0%
  fl_SP_J       2.9%
  fl_knee      10.6%
  fr_SY_J       0.0%
  fr_SP_J       2.1%
  fr_knee       6.0%
  bl_SY_J       0.0%
  bl_SP_J       2.6%
  bl_knee       4.4%
  br_SY_J       0.0%
  br_SP_J       0.0%
  br_knee       0.8%
====================================================================================================
[[ wrote /pub0/muhammadf/Blender/docs/experiment_loop/turning/loops/loop_0001/A/right_max/metrics.json
EXEC ['/pub0/muhammadf/miniconda3/envs/isaaclab/bin/python', '/pub0/muhammadf/Blender/rl/bingo_rl/experiment_loop/turning/analyze.py', '/pub0/muhammadf/Blender/docs/experiment_loop/turning/loops/loop_0001/A/right_max']
EXEC ['/pub0/muhammadf/miniconda3/envs/isaaclab/bin/python', '/pub0/muhammadf/Blender/rl/bingo_rl/experiment_loop/turning/worker.py', 'evaluate', '--context', '/pub0/muhammadf/Blender/docs/experiment_loop/turning/loops/loop_0001/A/config.json', '--task', 'Bingo-Turning-Play-v0', '--checkpoint', '/pub0/muhammadf/Blender/docs/experiment_loop/turning/loops/loop_0001/A/policy.pt', '--out_dir', '/pub0/muhammadf/Blender/docs/experiment_loop/turning/loops/loop_0001/A/straight', '--duration_s', '30', '--cmd_vx', '.175', '--cmd_yaw', '0.0', '--diagnostics', '--headless', '--kit_args', '--/rtx/verifyDriverVersion/enabled=false --no-window', '--no_video']
Loading user config located at: '/pub0/muhammadf/miniconda3/envs/isaaclab/lib/python3.11/site-packages/isaacsim/kit/data/Kit/Isaac-Sim/5.1/user.config.json'
[Info] [carb] Logging to file: /pub0/muhammadf/miniconda3/envs/isaaclab/lib/python3.11/site-packages/isaacsim/kit/logs/Kit/Isaac-Sim/5.1/kit_20260919_191618.log
2026-09-19T23:16:18Z [148ms] [Warning] [omni.usd_config.extension] Enable omni.materialx.libs extension to use MaterialX
2026-09-19T23:16:18Z [440ms] [Warning] [omni.platforminfo.plugin] failed to open the default display.  Can't verify X Server version.
2026-09-19T23:16:18Z [659ms] [Warning] [carb] Acquiring non optional plugin interface which is not listed as dependency: [omni::physx::IPhysxBenchmarks v1.0] (plugin: <default plugin>), by client: omni.physics.physx.plugin. Add it to CARB_PLUGIN_IMPL_DEPS() macro of a client.
2026-09-19T23:16:18Z [669ms] [Warning] [omni.isaac.dynamic_control] omni.isaac.dynamic_control is deprecated as of Isaac Sim 4.5. No action is needed from end-users.
2026-09-19T23:16:21Z [3,374ms] [Warning] [carb.cudainterop.plugin] CUDA_VISIBLE_DEVICES environment variable is set.
2026-09-19T23:16:21Z [3,374ms] [Warning] [carb.cudainterop.plugin] Note CUDA device enumeration and Omniverse device enumeration are different.
2026-09-19T23:16:21Z [3,374ms] [Warning] [carb.cudainterop.plugin] Setting CUDA_VISIBLE_DEVICES can lead to undesired behavior or crashes.
2026-09-19T23:16:21Z [3,659ms] [Warning] [gpu.foundation.plugin] Skipping NVIDIA GPU due CUDA being in bad state: NVIDIA GeForce RTX 4090
2026-09-19T23:16:21Z [3,659ms] [Warning] [gpu.foundation.plugin] Please restart your system if CUDA is known to work in your system.
2026-09-19T23:16:21Z [3,659ms] [Warning] [gpu.foundation.plugin] Skipping NVIDIA GPU due CUDA being in bad state: NVIDIA GeForce RTX 4090
2026-09-19T23:16:21Z [3,659ms] [Warning] [gpu.foundation.plugin] Please restart your system if CUDA is known to work in your system.

|---------------------------------------------------------------------------------------------|
| Driver Version: 535.32.01     | Graphics API: Vulkan
|=============================================================================================|
| GPU | Name                             | Active | LDA | GPU Memory | Vendor-ID | LUID       |
|     |                                  |        |     |            | Device-ID | UUID       |
|     |                                  |        |     |            | Bus-ID    |            |
|---------------------------------------------------------------------------------------------|
| 0   | NVIDIA GeForce RTX 2080 Ti       | Yes: 0 |     | 11510   MB | 10de      | 0          |
|     |                                  |        |     |            | 1e07      | 5a1fbe3a.. |
|     |                                  |        |     |            | 19        |            |
|---------------------------------------------------------------------------------------------|
| 1   | NVIDIA GeForce RTX 4090          |        |     | 24810   MB | 10de      | 0          |
|     |                                  |        |     |            | 2684      | 6c6e36d2.. |
|     |                                  |        |     |            | 68        |            |
|=============================================================================================|
| OS: 22.04.1 LTS (Jammy Jellyfish) ubuntu, Version: 22.04.1, Kernel: 5.15.0-60-generic
| Processor: Intel(R) Core(TM) i9-9920X CPU @ 3.50GHz
| Cores: 12 | Logical Cores: 24
|---------------------------------------------------------------------------------------------|
| Total Memory (MB): 128497 | Free Memory: 122062
| Total Page/Swap (MB): 2047 | Free Page/Swap: 2017
|---------------------------------------------------------------------------------------------|
2026-09-19T23:16:22Z [4,720ms] [Warning] [gpu.foundation.plugin] CPU performance profile is set to powersave. This profile sets the CPU to the lowest frequency reducing performance.
2026-09-19T23:16:25Z [7,071ms] [Warning] [isaaclab.envs.direct_rl_env] Seed not set for the environment. The environment creation may not be deterministic.
[INFO][AppLauncher]: Using device: cuda:0
[INFO][AppLauncher]: Loading experience file: /pub0/muhammadf/IsaacLab/apps/isaaclab.python.headless.kit
[INFO]: Parsing configuration from: <class 'env.PlayCfg'>

[36m======================================================================================[0m
[36m[1m[INFO][IsaacLab]: Logging to file: /tmp/isaaclab/logs/isaaclab_2026-09-19_19-16-25.log[0m
[36m======================================================================================[0m

[33m19:16:25 [simulation_context.py] WARNING: The `enable_external_forces_every_iteration` parameter in the PhysxCfg is set to False. If you are experiencing noisy velocities, consider enabling this flag. You may need to slightly increase the number of velocity iterations (setting it to 1 or 2 rather than 0), together with this flag, to improve the accuracy of velocity updates.[0m
[38;20m[skrl:INFO] Environment wrapper: Isaac Lab (single-agent)[0m
[33;20m[skrl:WARNING] The 'lambda' field in the configuration is deprecated. Use 'gae_lambda' instead[0m
[INFO]: Base environment:
	Environment device    : cuda:0
	Environment seed      : None
	Physics step-size     : 0.008333333333333333
	Rendering step-size   : 0.041666666666666664
	Environment step-size : 0.041666666666666664
[INFO]: Time taken for scene creation : 0.553527 seconds
[INFO]: Scene manager:  <class InteractiveScene>
	Number of environments: 1
	Environment spacing   : 3.0
	Source prim name      : /World/envs/env_0
	Global prim paths     : []
	Replicate physics     : True
[INFO]: Starting the simulation. This may take a few seconds. Please wait...
[INFO]: Time taken for simulation start : 0.940295 seconds
[INFO]: Completed setting up the environment...
Motion loaded (/pub0/muhammadf/Blender/docs/experiment_loop/turning/loops/loop_0001/A/reference.npz): duration: 1.125 sec, frames: 136
[INFO]: Parsing configuration from: /pub0/muhammadf/Blender/rl/bingo_rl/bingo_rl/track/agents/skrl_ppo_cfg.yaml
[33m19:16:26 [runner.py] WARNING: The 'lambda' field in the configuration is deprecated. Use 'gae_lambda' instead[0m
[33;20m[skrl:WARNING] The 'clip_predicted_values' field in the configuration is deprecated. Use a 'value_clip' value greater than 0 to clip the predicted values instead[0m
[33m19:16:26 [runner.py] WARNING: The 'clip_predicted_values' field in the configuration is deprecated. Use a 'value_clip' value greater than 0 to clip the predicted values instead[0m
[33;20m[skrl:WARNING] The 'state_preprocessor' field in the configuration has been replaced by 'observation_preprocessor'. If the 'state_preprocessor' definition is desired but the `observation_preprocessor` is not, define the last one to None (null) to avoid the automatic replacement[0m
[33m19:16:26 [runner.py] WARNING: The 'state_preprocessor' field in the configuration has been replaced by 'observation_preprocessor'. If the 'state_preprocessor' definition is desired but the `observation_preprocessor` is not, define the last one to None (null) to avoid the automatic replacement[0m
[38;20m[skrl:INFO] Seed: 42[0m
[[ policy loaded: /pub0/muhammadf/Blender/docs/experiment_loop/turning/loops/loop_0001/A/policy.pt
[33m19:16:27 [math.py] WARNING: The function 'quat_rotate_inverse' will be deprecated in favor of the faster method 'quat_apply_inverse'. Please use 'quat_apply_inverse' instead....[0m
[33m19:16:32 [math.py] WARNING: The function 'quat_rotate_inverse' will be deprecated in favor of the faster method 'quat_apply_inverse'. Please use 'quat_apply_inverse' instead....[0m
[33m19:16:37 [math.py] WARNING: The function 'quat_rotate_inverse' will be deprecated in favor of the faster method 'quat_apply_inverse'. Please use 'quat_apply_inverse' instead....[0m
[33m19:16:42 [math.py] WARNING: The function 'quat_rotate_inverse' will be deprecated in favor of the faster method 'quat_apply_inverse'. Please use 'quat_apply_inverse' instead....[0m
[33m19:16:47 [math.py] WARNING: The function 'quat_rotate_inverse' will be deprecated in favor of the faster method 'quat_apply_inverse'. Please use 'quat_apply_inverse' instead....[0m

====================================================================================================
BINGO WALK-REF LOOP EVALUATION
====================================================================================================

task=Bingo-Turning-Play-v0  checkpoint=/pub0/muhammadf/Blender/docs/experiment_loop/turning/loops/loop_0001/A/policy.pt
command: vx=0.175 m/s  vy=0.000  yaw=0.000  (Turning extension accepts yaw; vy remains zero.)
duration=30.0s  settle=1.0s  steps_recorded=720  num_envs=1
----------------------------------------------------------------------------------------------------
survival: 100.0%   any_fell=False  fall_time_s=[None]
vx: mean=0.099  std=0.043  max=0.235  (cmd=0.175)
base roll RMS: 4.539 deg   base pitch RMS: 1.900 deg
joint accel RMS: 7.003 rad/s^2
residual action-rate RMS: 0.0137 rad/step
reference tracking error (rad): mean=0.0494  rms=0.0630  max=0.2244

torque saturation % per joint:
  fl_SY_J       0.0%
  fl_SP_J       0.1%
  fl_knee       2.9%
  fr_SY_J       0.0%
  fr_SP_J       0.3%
  fr_knee       5.1%
  bl_SY_J       0.0%
  bl_SP_J       0.0%
  bl_knee       1.4%
  br_SY_J       0.0%
  br_SP_J       0.0%
  br_knee       1.0%
====================================================================================================
[[ wrote /pub0/muhammadf/Blender/docs/experiment_loop/turning/loops/loop_0001/A/straight/metrics.json
EXEC ['/pub0/muhammadf/miniconda3/envs/isaaclab/bin/python', '/pub0/muhammadf/Blender/rl/bingo_rl/experiment_loop/turning/analyze.py', '/pub0/muhammadf/Blender/docs/experiment_loop/turning/loops/loop_0001/A/straight']
