EXEC ['/pub0/muhammadf/miniconda3/envs/isaaclab/bin/python', '/pub0/muhammadf/Blender/rl/bingo_rl/experiment_loop/turning/worker.py', 'evaluate', '--context', '/pub0/muhammadf/Blender/docs/experiment_loop/turning/loops/loop_0004/A/config.json', '--task', 'Bingo-Turning-Play-v0', '--checkpoint', '/pub0/muhammadf/Blender/docs/experiment_loop/turning/loops/loop_0004/A/policy.pt', '--out_dir', '/pub0/muhammadf/Blender/docs/experiment_loop/turning/loops/loop_0004/A/left', '--duration_s', '60', '--cmd_vx', '0.215', '--cmd_yaw', '0.4', '--diagnostics', '--headless', '--kit_args', '--/rtx/verifyDriverVersion/enabled=false --no-window']
Loading user config located at: '/pub0/muhammadf/miniconda3/envs/isaaclab/lib/python3.11/site-packages/isaacsim/kit/data/Kit/Isaac-Sim/5.1/user.config.json'
[Info] [carb] Logging to file: /pub0/muhammadf/miniconda3/envs/isaaclab/lib/python3.11/site-packages/isaacsim/kit/logs/Kit/Isaac-Sim/5.1/kit_20260919_200809.log
2026-09-20T00:08:09Z [177ms] [Warning] [carb.windowing-glfw.plugin] GLFW initialization failed.
2026-09-20T00:08:09Z [177ms] [Warning] [carb] Failed to startup plugin carb.windowing-glfw.plugin (interfaces: [carb::windowing::IGLContext v1.0],[carb::windowing::IWindowing v1.5]) (impl: carb.windowing-glfw.plugin)
2026-09-20T00:08:09Z [224ms] [Warning] [omni.platforminfo.plugin] failed to open the default display.  Can't verify X Server version.
2026-09-20T00:08:09Z [234ms] [Warning] [carb.cudainterop.plugin] CUDA_VISIBLE_DEVICES environment variable is set.
2026-09-20T00:08:09Z [234ms] [Warning] [carb.cudainterop.plugin] Note CUDA device enumeration and Omniverse device enumeration are different.
2026-09-20T00:08:09Z [234ms] [Warning] [carb.cudainterop.plugin] Setting CUDA_VISIBLE_DEVICES can lead to undesired behavior or crashes.
2026-09-20T00:08:09Z [453ms] [Warning] [carb.windowing-glfw.plugin] GLFW initialization failed.
2026-09-20T00:08:09Z [454ms] [Warning] [carb] Failed to startup plugin carb.windowing-glfw.plugin (interfaces: [carb::windowing::IGLContext v1.0],[carb::windowing::IWindowing v1.5]) (impl: carb.windowing-glfw.plugin)
2026-09-20T00:08:09Z [553ms] [Warning] [gpu.foundation.plugin] Skipping NVIDIA GPU due CUDA being in bad state: NVIDIA GeForce RTX 4090
2026-09-20T00:08:09Z [553ms] [Warning] [gpu.foundation.plugin] Please restart your system if CUDA is known to work in your system.
2026-09-20T00:08:09Z [553ms] [Warning] [gpu.foundation.plugin] Skipping NVIDIA GPU due CUDA being in bad state: NVIDIA GeForce RTX 4090
2026-09-20T00:08:09Z [553ms] [Warning] [gpu.foundation.plugin] Please restart your system if CUDA is known to work in your system.

|---------------------------------------------------------------------------------------------|
| Driver Version: 535.32.01     | Graphics API: Vulkan
|=============================================================================================|
| GPU | Name                             | Active | LDA | GPU Memory | Vendor-ID | LUID       |
|     |                                  |        |     |            | Device-ID | UUID       |
|     |                                  |        |     |            | Bus-ID    |            |
|---------------------------------------------------------------------------------------------|
| 0   | NVIDIA GeForce RTX 2080 Ti       | Yes: 0 |     | 11510   MB | 10de      | 0          |
|     |                                  |        |     |            | 1e07      | 5a1fbe3a.. |
|     |                                  |        |     |            | 19        |            |
|---------------------------------------------------------------------------------------------|
| 1   | NVIDIA GeForce RTX 4090          |        |     | 24810   MB | 10de      | 0          |
|     |                                  |        |     |            | 2684      | 6c6e36d2.. |
|     |                                  |        |     |            | 68        |            |
|=============================================================================================|
| OS: 22.04.1 LTS (Jammy Jellyfish) ubuntu, Version: 22.04.1, Kernel: 5.15.0-60-generic
| Processor: Intel(R) Core(TM) i9-9920X CPU @ 3.50GHz
| Cores: 12 | Logical Cores: 24
|---------------------------------------------------------------------------------------------|
| Total Memory (MB): 128497 | Free Memory: 122476
| Total Page/Swap (MB): 2047 | Free Page/Swap: 2017
|---------------------------------------------------------------------------------------------|
2026-09-20T00:08:10Z [1,635ms] [Warning] [gpu.foundation.plugin] CPU performance profile is set to powersave. This profile sets the CPU to the lowest frequency reducing performance.
2026-09-20T00:08:11Z [2,345ms] [Warning] [carb.windowing-glfw.plugin] GLFW initialization failed.
2026-09-20T00:08:11Z [2,345ms] [Warning] [carb] Failed to startup plugin carb.windowing-glfw.plugin (interfaces: [carb::windowing::IGLContext v1.0],[carb::windowing::IWindowing v1.5]) (impl: carb.windowing-glfw.plugin)
2026-09-20T00:08:11Z [2,362ms] [Warning] [carb.windowing-glfw.plugin] GLFW initialization failed.
2026-09-20T00:08:11Z [2,362ms] [Warning] [carb] Failed to startup plugin carb.windowing-glfw.plugin (interfaces: [carb::windowing::IGLContext v1.0],[carb::windowing::IWindowing v1.5]) (impl: carb.windowing-glfw.plugin)
2026-09-20T00:08:11Z [2,374ms] [Warning] [carb.windowing-glfw.plugin] GLFW initialization failed.
2026-09-20T00:08:11Z [2,374ms] [Warning] [carb] Failed to startup plugin carb.windowing-glfw.plugin (interfaces: [carb::windowing::IGLContext v1.0],[carb::windowing::IWindowing v1.5]) (impl: carb.windowing-glfw.plugin)
2026-09-20T00:08:11Z [2,387ms] [Warning] [carb.windowing-glfw.plugin] GLFW initialization failed.
2026-09-20T00:08:11Z [2,387ms] [Warning] [carb] Failed to startup plugin carb.windowing-glfw.plugin (interfaces: [carb::windowing::IGLContext v1.0],[carb::windowing::IWindowing v1.5]) (impl: carb.windowing-glfw.plugin)
2026-09-20T00:08:11Z [2,389ms] [Warning] [carb.windowing-glfw.plugin] GLFW initialization failed.
2026-09-20T00:08:11Z [2,389ms] [Warning] [carb] Failed to startup plugin carb.windowing-glfw.plugin (interfaces: [carb::windowing::IGLContext v1.0],[carb::windowing::IWindowing v1.5]) (impl: carb.windowing-glfw.plugin)
2026-09-20T00:08:11Z [2,390ms] [Warning] [carb.windowing-glfw.plugin] GLFW initialization failed.
2026-09-20T00:08:11Z [2,390ms] [Warning] [carb] Failed to startup plugin carb.windowing-glfw.plugin (interfaces: [carb::windowing::IGLContext v1.0],[carb::windowing::IWindowing v1.5]) (impl: carb.windowing-glfw.plugin)
2026-09-20T00:08:12Z [2,666ms] [Warning] [omni.log] Source: omni.hydra was already registered.
2026-09-20T00:08:12Z [3,458ms] [Warning] [carb] Acquiring non optional plugin interface which is not listed as dependency: [omni::physx::IPhysxBenchmarks v1.0] (plugin: <default plugin>), by client: omni.physics.physx.plugin. Add it to CARB_PLUGIN_IMPL_DEPS() macro of a client.
2026-09-20T00:08:12Z [3,496ms] [Warning] [omni.isaac.dynamic_control] omni.isaac.dynamic_control is deprecated as of Isaac Sim 4.5. No action is needed from end-users.
2026-09-20T00:08:15Z [5,765ms] [Warning] [pxr.Semantics] pxr.Semantics is deprecated - please use Semantics instead
2026-09-20T00:08:15Z [5,949ms] [Warning] [omni.graph.core.plugin] Found duplicate of category 'Replicator' - was 'Annotators', adding 'Fabric Reader'
2026-09-20T00:08:15Z [5,949ms] [Warning] [omni.graph.core.plugin] Category 'Replicator' not accepted on node type 'omni.replicator.core.FabricReader' in extension 'omni.replicator.core'
2026-09-20T00:08:15Z [5,950ms] [Warning] [omni.replicator.core.scripts.extension] No material configuration file, adding configuration to material settings directly.
[INFO][AppLauncher]: Using device: cuda:0
[INFO][AppLauncher]: Loading experience file: /pub0/muhammadf/IsaacLab/apps/isaaclab.python.headless.rendering.kit
[INFO]: Parsing configuration from: <class 'env.PlayCfg'>

[36m======================================================================================[0m
[36m[1m[INFO][IsaacLab]: Logging to file: /tmp/isaaclab/logs/isaaclab_2026-09-19_20-08-22.log[0m
[36m======================================================================================[0m

[33m20:08:22 [simulation_context.py] WARNING: The `enable_external_forces_every_iteration` parameter in the PhysxCfg is set to False. If you are experiencing noisy velocities, consider enabling this flag. You may need to slightly increase the number of velocity iterations (setting it to 1 or 2 rather than 0), together with this flag, to improve the accuracy of velocity updates.[0m
2026-09-20T00:08:20Z [11,096ms] [Warning] [omni.fabric.plugin] Warning: attribute viewportHandle not found for bucket id 7

2026-09-20T00:08:22Z [13,577ms] [Warning] [isaaclab.envs.direct_rl_env] Seed not set for the environment. The environment creation may not be deterministic.
[INFO]: Base environment:
	Environment device    : cuda:0
	Environment seed      : None
	Physics step-size     : 0.008333333333333333
	Rendering step-size   : 0.041666666666666664
	Environment step-size : 0.041666666666666664
[INFO]: Time taken for scene creation : 0.632795 seconds
[INFO]: Scene manager:  <class InteractiveScene>
	Number of environments: 1
	Environment spacing   : 3.0
	Source prim name      : /World/envs/env_0
	Global prim paths     : []
	Replicate physics     : True
[INFO]: Starting the simulation. This may take a few seconds. Please wait...
[INFO]: Time taken for simulation start : 1.094557 seconds
[INFO]: Completed setting up the environment...
Motion loaded (/pub0/muhammadf/Blender/docs/experiment_loop/turning/loops/loop_0004/A/reference.npz): duration: 1.125 sec, frames: 136
[33m20:08:24 [math.py] WARNING: The function 'quat_rotate_inverse' will be deprecated in favor of the faster method 'quat_apply_inverse'. Please use 'quat_apply_inverse' instead....[0m
2026-09-20T00:08:25Z [16,174ms] [Warning] [omni.fabric.plugin] getAttributeCount called on non-existent path /World/envs/env_0/Robot/origin/tail_yaw/visuals/tail_yaw
2026-09-20T00:08:25Z [16,174ms] [Warning] [omni.fabric.plugin] getTypes called on non-existent path /World/envs/env_0/Robot/origin/tail_yaw/visuals/tail_yaw
2026-09-20T00:08:27Z [17,717ms] [Warning] [omni.syntheticdata.plugin] OgnSdPostRenderVarToHost : rendervar copy from texture directly to host buffer is counter-performant. Please use copy from texture to device buffer first.
[38;20m[skrl:INFO] Environment wrapper: Isaac Lab (single-agent)[0m
[33;20m[skrl:WARNING] The 'lambda' field in the configuration is deprecated. Use 'gae_lambda' instead[0m
[INFO]: Parsing configuration from: /pub0/muhammadf/Blender/rl/bingo_rl/bingo_rl/track/agents/skrl_ppo_cfg.yaml
[33m20:08:30 [runner.py] WARNING: The 'lambda' field in the configuration is deprecated. Use 'gae_lambda' instead[0m
[33;20m[skrl:WARNING] The 'clip_predicted_values' field in the configuration is deprecated. Use a 'value_clip' value greater than 0 to clip the predicted values instead[0m
[33m20:08:30 [runner.py] WARNING: The 'clip_predicted_values' field in the configuration is deprecated. Use a 'value_clip' value greater than 0 to clip the predicted values instead[0m
[33;20m[skrl:WARNING] The 'state_preprocessor' field in the configuration has been replaced by 'observation_preprocessor'. If the 'state_preprocessor' definition is desired but the `observation_preprocessor` is not, define the last one to None (null) to avoid the automatic replacement[0m
[33m20:08:30 [runner.py] WARNING: The 'state_preprocessor' field in the configuration has been replaced by 'observation_preprocessor'. If the 'state_preprocessor' definition is desired but the `observation_preprocessor` is not, define the last one to None (null) to avoid the automatic replacement[0m
[38;20m[skrl:INFO] Seed: 42[0m
[[ policy loaded: /pub0/muhammadf/Blender/docs/experiment_loop/turning/loops/loop_0004/A/policy.pt
[33m20:08:30 [math.py] WARNING: The function 'quat_rotate_inverse' will be deprecated in favor of the faster method 'quat_apply_inverse'. Please use 'quat_apply_inverse' instead....[0m
[33m20:08:35 [math.py] WARNING: The function 'quat_rotate_inverse' will be deprecated in favor of the faster method 'quat_apply_inverse'. Please use 'quat_apply_inverse' instead....[0m
2026-09-20T00:08:38Z [28,861ms] [Warning] [carb] Client gpu.foundation.plugin has acquired [gpu::unstable::IMemoryBudgetManagerFactory v0.1] 100 times. Consider accessing this interface with carb::getCachedInterface() (Performance warning)
[33m20:08:40 [math.py] WARNING: The function 'quat_rotate_inverse' will be deprecated in favor of the faster method 'quat_apply_inverse'. Please use 'quat_apply_inverse' instead....[0m
[33m20:08:45 [math.py] WARNING: The function 'quat_rotate_inverse' will be deprecated in favor of the faster method 'quat_apply_inverse'. Please use 'quat_apply_inverse' instead....[0m
[33m20:08:50 [math.py] WARNING: The function 'quat_rotate_inverse' will be deprecated in favor of the faster method 'quat_apply_inverse'. Please use 'quat_apply_inverse' instead....[0m
[33m20:08:55 [math.py] WARNING: The function 'quat_rotate_inverse' will be deprecated in favor of the faster method 'quat_apply_inverse'. Please use 'quat_apply_inverse' instead....[0m
[33m20:09:00 [math.py] WARNING: The function 'quat_rotate_inverse' will be deprecated in favor of the faster method 'quat_apply_inverse'. Please use 'quat_apply_inverse' instead....[0m
[33m20:09:05 [math.py] WARNING: The function 'quat_rotate_inverse' will be deprecated in favor of the faster method 'quat_apply_inverse'. Please use 'quat_apply_inverse' instead....[0m
[33m20:09:10 [math.py] WARNING: The function 'quat_rotate_inverse' will be deprecated in favor of the faster method 'quat_apply_inverse'. Please use 'quat_apply_inverse' instead....[0m
[33m20:09:15 [math.py] WARNING: The function 'quat_rotate_inverse' will be deprecated in favor of the faster method 'quat_apply_inverse'. Please use 'quat_apply_inverse' instead....[0m
[33m20:09:20 [math.py] WARNING: The function 'quat_rotate_inverse' will be deprecated in favor of the faster method 'quat_apply_inverse'. Please use 'quat_apply_inverse' instead....[0m
[33m20:09:25 [math.py] WARNING: The function 'quat_rotate_inverse' will be deprecated in favor of the faster method 'quat_apply_inverse'. Please use 'quat_apply_inverse' instead....[0m
[33m20:09:30 [math.py] WARNING: The function 'quat_rotate_inverse' will be deprecated in favor of the faster method 'quat_apply_inverse'. Please use 'quat_apply_inverse' instead....[0m
[33m20:09:35 [math.py] WARNING: The function 'quat_rotate_inverse' will be deprecated in favor of the faster method 'quat_apply_inverse'. Please use 'quat_apply_inverse' instead....[0m
[33m20:09:40 [math.py] WARNING: The function 'quat_rotate_inverse' will be deprecated in favor of the faster method 'quat_apply_inverse'. Please use 'quat_apply_inverse' instead....[0m
[33m20:09:45 [math.py] WARNING: The function 'quat_rotate_inverse' will be deprecated in favor of the faster method 'quat_apply_inverse'. Please use 'quat_apply_inverse' instead....[0m
[33m20:09:50 [math.py] WARNING: The function 'quat_rotate_inverse' will be deprecated in favor of the faster method 'quat_apply_inverse'. Please use 'quat_apply_inverse' instead....[0m
[33m20:09:55 [math.py] WARNING: The function 'quat_rotate_inverse' will be deprecated in favor of the faster method 'quat_apply_inverse'. Please use 'quat_apply_inverse' instead....[0m
[33m20:10:00 [math.py] WARNING: The function 'quat_rotate_inverse' will be deprecated in favor of the faster method 'quat_apply_inverse'. Please use 'quat_apply_inverse' instead....[0m
[33m20:10:05 [math.py] WARNING: The function 'quat_rotate_inverse' will be deprecated in favor of the faster method 'quat_apply_inverse'. Please use 'quat_apply_inverse' instead....[0m
[33m20:10:10 [math.py] WARNING: The function 'quat_rotate_inverse' will be deprecated in favor of the faster method 'quat_apply_inverse'. Please use 'quat_apply_inverse' instead....[0m
[33m20:10:15 [math.py] WARNING: The function 'quat_rotate_inverse' will be deprecated in favor of the faster method 'quat_apply_inverse'. Please use 'quat_apply_inverse' instead....[0m
[33m20:10:20 [math.py] WARNING: The function 'quat_rotate_inverse' will be deprecated in favor of the faster method 'quat_apply_inverse'. Please use 'quat_apply_inverse' instead....[0m
[33m20:10:25 [math.py] WARNING: The function 'quat_rotate_inverse' will be deprecated in favor of the faster method 'quat_apply_inverse'. Please use 'quat_apply_inverse' instead....[0m
[33m20:10:30 [math.py] WARNING: The function 'quat_rotate_inverse' will be deprecated in favor of the faster method 'quat_apply_inverse'. Please use 'quat_apply_inverse' instead....[0m
[[ wrote /pub0/muhammadf/Blender/docs/experiment_loop/turning/loops/loop_0004/A/left/eval.mp4

====================================================================================================
BINGO WALK-REF LOOP EVALUATION
====================================================================================================

task=Bingo-Turning-Play-v0  checkpoint=/pub0/muhammadf/Blender/docs/experiment_loop/turning/loops/loop_0004/A/policy.pt
command: vx=0.215 m/s  vy=0.000  yaw=0.400  (Turning extension accepts yaw; vy remains zero.)
duration=60.0s  settle=1.0s  steps_recorded=1440  num_envs=1
----------------------------------------------------------------------------------------------------
survival: 100.0%   any_fell=False  fall_time_s=[None]
vx: mean=0.155  std=0.057  max=0.330  (cmd=0.215)
base roll RMS: 6.686 deg   base pitch RMS: 1.704 deg
joint accel RMS: 9.545 rad/s^2
residual action-rate RMS: 0.0189 rad/step
reference tracking error (rad): mean=0.0453  rms=0.0555  max=0.2005

torque saturation % per joint:
  fl_SY_J       0.0%
  fl_SP_J       4.2%
  fl_knee      12.0%
  fr_SY_J       0.0%
  fr_SP_J       7.4%
  fr_knee       7.8%
  bl_SY_J       0.0%
  bl_SP_J       2.6%
  bl_knee       1.7%
  br_SY_J       0.0%
  br_SP_J       2.6%
  br_knee       5.1%
====================================================================================================
[[ wrote /pub0/muhammadf/Blender/docs/experiment_loop/turning/loops/loop_0004/A/left/metrics.json
EXEC ['/pub0/muhammadf/miniconda3/envs/isaaclab/bin/python', '/pub0/muhammadf/Blender/rl/bingo_rl/experiment_loop/turning/analyze.py', '/pub0/muhammadf/Blender/docs/experiment_loop/turning/loops/loop_0004/A/left']
EXEC ['/pub0/muhammadf/miniconda3/envs/isaaclab/bin/python', '/pub0/muhammadf/Blender/rl/bingo_rl/experiment_loop/turning/worker.py', 'evaluate', '--context', '/pub0/muhammadf/Blender/docs/experiment_loop/turning/loops/loop_0004/A/config.json', '--task', 'Bingo-Turning-Play-v0', '--checkpoint', '/pub0/muhammadf/Blender/docs/experiment_loop/turning/loops/loop_0004/A/policy.pt', '--out_dir', '/pub0/muhammadf/Blender/docs/experiment_loop/turning/loops/loop_0004/A/right', '--duration_s', '60', '--cmd_vx', '0.215', '--cmd_yaw', '-0.4', '--diagnostics', '--headless', '--kit_args', '--/rtx/verifyDriverVersion/enabled=false --no-window']
Loading user config located at: '/pub0/muhammadf/miniconda3/envs/isaaclab/lib/python3.11/site-packages/isaacsim/kit/data/Kit/Isaac-Sim/5.1/user.config.json'
[Info] [carb] Logging to file: /pub0/muhammadf/miniconda3/envs/isaaclab/lib/python3.11/site-packages/isaacsim/kit/logs/Kit/Isaac-Sim/5.1/kit_20260919_201101.log
2026-09-20T00:11:01Z [174ms] [Warning] [carb.windowing-glfw.plugin] GLFW initialization failed.
2026-09-20T00:11:01Z [174ms] [Warning] [carb] Failed to startup plugin carb.windowing-glfw.plugin (interfaces: [carb::windowing::IGLContext v1.0],[carb::windowing::IWindowing v1.5]) (impl: carb.windowing-glfw.plugin)
2026-09-20T00:11:01Z [230ms] [Warning] [omni.platforminfo.plugin] failed to open the default display.  Can't verify X Server version.
2026-09-20T00:11:01Z [239ms] [Warning] [carb.cudainterop.plugin] CUDA_VISIBLE_DEVICES environment variable is set.
2026-09-20T00:11:01Z [239ms] [Warning] [carb.cudainterop.plugin] Note CUDA device enumeration and Omniverse device enumeration are different.
2026-09-20T00:11:01Z [239ms] [Warning] [carb.cudainterop.plugin] Setting CUDA_VISIBLE_DEVICES can lead to undesired behavior or crashes.
2026-09-20T00:11:02Z [452ms] [Warning] [carb.windowing-glfw.plugin] GLFW initialization failed.
2026-09-20T00:11:02Z [452ms] [Warning] [carb] Failed to startup plugin carb.windowing-glfw.plugin (interfaces: [carb::windowing::IGLContext v1.0],[carb::windowing::IWindowing v1.5]) (impl: carb.windowing-glfw.plugin)
2026-09-20T00:11:02Z [552ms] [Warning] [gpu.foundation.plugin] Skipping NVIDIA GPU due CUDA being in bad state: NVIDIA GeForce RTX 4090
2026-09-20T00:11:02Z [552ms] [Warning] [gpu.foundation.plugin] Please restart your system if CUDA is known to work in your system.
2026-09-20T00:11:02Z [553ms] [Warning] [gpu.foundation.plugin] Skipping NVIDIA GPU due CUDA being in bad state: NVIDIA GeForce RTX 4090
2026-09-20T00:11:02Z [553ms] [Warning] [gpu.foundation.plugin] Please restart your system if CUDA is known to work in your system.

|---------------------------------------------------------------------------------------------|
| Driver Version: 535.32.01     | Graphics API: Vulkan
|=============================================================================================|
| GPU | Name                             | Active | LDA | GPU Memory | Vendor-ID | LUID       |
|     |                                  |        |     |            | Device-ID | UUID       |
|     |                                  |        |     |            | Bus-ID    |            |
|---------------------------------------------------------------------------------------------|
| 0   | NVIDIA GeForce RTX 2080 Ti       | Yes: 0 |     | 11510   MB | 10de      | 0          |
|     |                                  |        |     |            | 1e07      | 5a1fbe3a.. |
|     |                                  |        |     |            | 19        |            |
|---------------------------------------------------------------------------------------------|
| 1   | NVIDIA GeForce RTX 4090          |        |     | 24810   MB | 10de      | 0          |
|     |                                  |        |     |            | 2684      | 6c6e36d2.. |
|     |                                  |        |     |            | 68        |            |
|=============================================================================================|
| OS: 22.04.1 LTS (Jammy Jellyfish) ubuntu, Version: 22.04.1, Kernel: 5.15.0-60-generic
| Processor: Intel(R) Core(TM) i9-9920X CPU @ 3.50GHz
| Cores: 12 | Logical Cores: 24
|---------------------------------------------------------------------------------------------|
| Total Memory (MB): 128497 | Free Memory: 122472
| Total Page/Swap (MB): 2047 | Free Page/Swap: 2017
|---------------------------------------------------------------------------------------------|
2026-09-20T00:11:03Z [1,661ms] [Warning] [gpu.foundation.plugin] CPU performance profile is set to powersave. This profile sets the CPU to the lowest frequency reducing performance.
2026-09-20T00:11:04Z [2,347ms] [Warning] [carb.windowing-glfw.plugin] GLFW initialization failed.
2026-09-20T00:11:04Z [2,348ms] [Warning] [carb] Failed to startup plugin carb.windowing-glfw.plugin (interfaces: [carb::windowing::IGLContext v1.0],[carb::windowing::IWindowing v1.5]) (impl: carb.windowing-glfw.plugin)
2026-09-20T00:11:04Z [2,359ms] [Warning] [carb.windowing-glfw.plugin] GLFW initialization failed.
2026-09-20T00:11:04Z [2,359ms] [Warning] [carb] Failed to startup plugin carb.windowing-glfw.plugin (interfaces: [carb::windowing::IGLContext v1.0],[carb::windowing::IWindowing v1.5]) (impl: carb.windowing-glfw.plugin)
2026-09-20T00:11:04Z [2,365ms] [Warning] [carb.windowing-glfw.plugin] GLFW initialization failed.
2026-09-20T00:11:04Z [2,365ms] [Warning] [carb] Failed to startup plugin carb.windowing-glfw.plugin (interfaces: [carb::windowing::IGLContext v1.0],[carb::windowing::IWindowing v1.5]) (impl: carb.windowing-glfw.plugin)
2026-09-20T00:11:04Z [2,375ms] [Warning] [carb.windowing-glfw.plugin] GLFW initialization failed.
2026-09-20T00:11:04Z [2,375ms] [Warning] [carb] Failed to startup plugin carb.windowing-glfw.plugin (interfaces: [carb::windowing::IGLContext v1.0],[carb::windowing::IWindowing v1.5]) (impl: carb.windowing-glfw.plugin)
2026-09-20T00:11:04Z [2,376ms] [Warning] [carb.windowing-glfw.plugin] GLFW initialization failed.
2026-09-20T00:11:04Z [2,376ms] [Warning] [carb] Failed to startup plugin carb.windowing-glfw.plugin (interfaces: [carb::windowing::IGLContext v1.0],[carb::windowing::IWindowing v1.5]) (impl: carb.windowing-glfw.plugin)
2026-09-20T00:11:04Z [2,377ms] [Warning] [carb.windowing-glfw.plugin] GLFW initialization failed.
2026-09-20T00:11:04Z [2,377ms] [Warning] [carb] Failed to startup plugin carb.windowing-glfw.plugin (interfaces: [carb::windowing::IGLContext v1.0],[carb::windowing::IWindowing v1.5]) (impl: carb.windowing-glfw.plugin)
2026-09-20T00:11:04Z [2,655ms] [Warning] [omni.log] Source: omni.hydra was already registered.
2026-09-20T00:11:04Z [3,226ms] [Warning] [carb] Acquiring non optional plugin interface which is not listed as dependency: [omni::physx::IPhysxBenchmarks v1.0] (plugin: <default plugin>), by client: omni.physics.physx.plugin. Add it to CARB_PLUGIN_IMPL_DEPS() macro of a client.
2026-09-20T00:11:04Z [3,251ms] [Warning] [omni.isaac.dynamic_control] omni.isaac.dynamic_control is deprecated as of Isaac Sim 4.5. No action is needed from end-users.
2026-09-20T00:11:07Z [5,610ms] [Warning] [pxr.Semantics] pxr.Semantics is deprecated - please use Semantics instead
2026-09-20T00:11:07Z [5,840ms] [Warning] [omni.graph.core.plugin] Found duplicate of category 'Replicator' - was 'Annotators', adding 'Fabric Reader'
2026-09-20T00:11:07Z [5,840ms] [Warning] [omni.graph.core.plugin] Category 'Replicator' not accepted on node type 'omni.replicator.core.FabricReader' in extension 'omni.replicator.core'
2026-09-20T00:11:07Z [5,841ms] [Warning] [omni.replicator.core.scripts.extension] No material configuration file, adding configuration to material settings directly.
[INFO][AppLauncher]: Using device: cuda:0
[INFO][AppLauncher]: Loading experience file: /pub0/muhammadf/IsaacLab/apps/isaaclab.python.headless.rendering.kit
[INFO]: Parsing configuration from: <class 'env.PlayCfg'>

[36m======================================================================================[0m
[36m[1m[INFO][IsaacLab]: Logging to file: /tmp/isaaclab/logs/isaaclab_2026-09-19_20-11-15.log[0m
[36m======================================================================================[0m

[33m20:11:15 [simulation_context.py] WARNING: The `enable_external_forces_every_iteration` parameter in the PhysxCfg is set to False. If you are experiencing noisy velocities, consider enabling this flag. You may need to slightly increase the number of velocity iterations (setting it to 1 or 2 rather than 0), together with this flag, to improve the accuracy of velocity updates.[0m
2026-09-20T00:11:12Z [10,854ms] [Warning] [omni.fabric.plugin] Warning: attribute viewportHandle not found for bucket id 7

2026-09-20T00:11:15Z [13,340ms] [Warning] [isaaclab.envs.direct_rl_env] Seed not set for the environment. The environment creation may not be deterministic.
[INFO]: Base environment:
	Environment device    : cuda:0
	Environment seed      : None
	Physics step-size     : 0.008333333333333333
	Rendering step-size   : 0.041666666666666664
	Environment step-size : 0.041666666666666664
[INFO]: Time taken for scene creation : 0.517389 seconds
[INFO]: Scene manager:  <class InteractiveScene>
	Number of environments: 1
	Environment spacing   : 3.0
	Source prim name      : /World/envs/env_0
	Global prim paths     : []
	Replicate physics     : True
[INFO]: Starting the simulation. This may take a few seconds. Please wait...
[INFO]: Time taken for simulation start : 1.078390 seconds
[INFO]: Completed setting up the environment...
Motion loaded (/pub0/muhammadf/Blender/docs/experiment_loop/turning/loops/loop_0004/A/reference.npz): duration: 1.125 sec, frames: 136
[33m20:11:16 [math.py] WARNING: The function 'quat_rotate_inverse' will be deprecated in favor of the faster method 'quat_apply_inverse'. Please use 'quat_apply_inverse' instead....[0m
2026-09-20T00:11:17Z [15,794ms] [Warning] [omni.fabric.plugin] getAttributeCount called on non-existent path /World/envs/env_0/Robot/origin/tail_yaw/visuals/tail_yaw
2026-09-20T00:11:17Z [15,794ms] [Warning] [omni.fabric.plugin] getTypes called on non-existent path /World/envs/env_0/Robot/origin/tail_yaw/visuals/tail_yaw
2026-09-20T00:11:18Z [16,994ms] [Warning] [omni.syntheticdata.plugin] OgnSdPostRenderVarToHost : rendervar copy from texture directly to host buffer is counter-performant. Please use copy from texture to device buffer first.
[38;20m[skrl:INFO] Environment wrapper: Isaac Lab (single-agent)[0m
[33;20m[skrl:WARNING] The 'lambda' field in the configuration is deprecated. Use 'gae_lambda' instead[0m
[INFO]: Parsing configuration from: /pub0/muhammadf/Blender/rl/bingo_rl/bingo_rl/track/agents/skrl_ppo_cfg.yaml
[33m20:11:21 [runner.py] WARNING: The 'lambda' field in the configuration is deprecated. Use 'gae_lambda' instead[0m
[33;20m[skrl:WARNING] The 'clip_predicted_values' field in the configuration is deprecated. Use a 'value_clip' value greater than 0 to clip the predicted values instead[0m
[33m20:11:21 [runner.py] WARNING: The 'clip_predicted_values' field in the configuration is deprecated. Use a 'value_clip' value greater than 0 to clip the predicted values instead[0m
[33;20m[skrl:WARNING] The 'state_preprocessor' field in the configuration has been replaced by 'observation_preprocessor'. If the 'state_preprocessor' definition is desired but the `observation_preprocessor` is not, define the last one to None (null) to avoid the automatic replacement[0m
[33m20:11:21 [runner.py] WARNING: The 'state_preprocessor' field in the configuration has been replaced by 'observation_preprocessor'. If the 'state_preprocessor' definition is desired but the `observation_preprocessor` is not, define the last one to None (null) to avoid the automatic replacement[0m
[38;20m[skrl:INFO] Seed: 42[0m
[[ policy loaded: /pub0/muhammadf/Blender/docs/experiment_loop/turning/loops/loop_0004/A/policy.pt
[33m20:11:21 [math.py] WARNING: The function 'quat_rotate_inverse' will be deprecated in favor of the faster method 'quat_apply_inverse'. Please use 'quat_apply_inverse' instead....[0m
[33m20:11:26 [math.py] WARNING: The function 'quat_rotate_inverse' will be deprecated in favor of the faster method 'quat_apply_inverse'. Please use 'quat_apply_inverse' instead....[0m
2026-09-20T00:11:29Z [28,183ms] [Warning] [carb] Client gpu.foundation.plugin has acquired [gpu::unstable::IMemoryBudgetManagerFactory v0.1] 100 times. Consider accessing this interface with carb::getCachedInterface() (Performance warning)
[33m20:11:31 [math.py] WARNING: The function 'quat_rotate_inverse' will be deprecated in favor of the faster method 'quat_apply_inverse'. Please use 'quat_apply_inverse' instead....[0m
[33m20:11:36 [math.py] WARNING: The function 'quat_rotate_inverse' will be deprecated in favor of the faster method 'quat_apply_inverse'. Please use 'quat_apply_inverse' instead....[0m
[33m20:11:42 [math.py] WARNING: The function 'quat_rotate_inverse' will be deprecated in favor of the faster method 'quat_apply_inverse'. Please use 'quat_apply_inverse' instead....[0m
[33m20:11:47 [math.py] WARNING: The function 'quat_rotate_inverse' will be deprecated in favor of the faster method 'quat_apply_inverse'. Please use 'quat_apply_inverse' instead....[0m
[33m20:11:52 [math.py] WARNING: The function 'quat_rotate_inverse' will be deprecated in favor of the faster method 'quat_apply_inverse'. Please use 'quat_apply_inverse' instead....[0m
[33m20:11:57 [math.py] WARNING: The function 'quat_rotate_inverse' will be deprecated in favor of the faster method 'quat_apply_inverse'. Please use 'quat_apply_inverse' instead....[0m
[33m20:12:02 [math.py] WARNING: The function 'quat_rotate_inverse' will be deprecated in favor of the faster method 'quat_apply_inverse'. Please use 'quat_apply_inverse' instead....[0m
[33m20:12:07 [math.py] WARNING: The function 'quat_rotate_inverse' will be deprecated in favor of the faster method 'quat_apply_inverse'. Please use 'quat_apply_inverse' instead....[0m
[33m20:12:12 [math.py] WARNING: The function 'quat_rotate_inverse' will be deprecated in favor of the faster method 'quat_apply_inverse'. Please use 'quat_apply_inverse' instead....[0m
[33m20:12:17 [math.py] WARNING: The function 'quat_rotate_inverse' will be deprecated in favor of the faster method 'quat_apply_inverse'. Please use 'quat_apply_inverse' instead....[0m
[33m20:12:22 [math.py] WARNING: The function 'quat_rotate_inverse' will be deprecated in favor of the faster method 'quat_apply_inverse'. Please use 'quat_apply_inverse' instead....[0m
[33m20:12:27 [math.py] WARNING: The function 'quat_rotate_inverse' will be deprecated in favor of the faster method 'quat_apply_inverse'. Please use 'quat_apply_inverse' instead....[0m
[33m20:12:32 [math.py] WARNING: The function 'quat_rotate_inverse' will be deprecated in favor of the faster method 'quat_apply_inverse'. Please use 'quat_apply_inverse' instead....[0m
[33m20:12:37 [math.py] WARNING: The function 'quat_rotate_inverse' will be deprecated in favor of the faster method 'quat_apply_inverse'. Please use 'quat_apply_inverse' instead....[0m
[33m20:12:42 [math.py] WARNING: The function 'quat_rotate_inverse' will be deprecated in favor of the faster method 'quat_apply_inverse'. Please use 'quat_apply_inverse' instead....[0m
[33m20:12:47 [math.py] WARNING: The function 'quat_rotate_inverse' will be deprecated in favor of the faster method 'quat_apply_inverse'. Please use 'quat_apply_inverse' instead....[0m
[33m20:12:52 [math.py] WARNING: The function 'quat_rotate_inverse' will be deprecated in favor of the faster method 'quat_apply_inverse'. Please use 'quat_apply_inverse' instead....[0m
[33m20:12:57 [math.py] WARNING: The function 'quat_rotate_inverse' will be deprecated in favor of the faster method 'quat_apply_inverse'. Please use 'quat_apply_inverse' instead....[0m
[33m20:13:02 [math.py] WARNING: The function 'quat_rotate_inverse' will be deprecated in favor of the faster method 'quat_apply_inverse'. Please use 'quat_apply_inverse' instead....[0m
[33m20:13:07 [math.py] WARNING: The function 'quat_rotate_inverse' will be deprecated in favor of the faster method 'quat_apply_inverse'. Please use 'quat_apply_inverse' instead....[0m
[33m20:13:12 [math.py] WARNING: The function 'quat_rotate_inverse' will be deprecated in favor of the faster method 'quat_apply_inverse'. Please use 'quat_apply_inverse' instead....[0m
[33m20:13:17 [math.py] WARNING: The function 'quat_rotate_inverse' will be deprecated in favor of the faster method 'quat_apply_inverse'. Please use 'quat_apply_inverse' instead....[0m
[33m20:13:22 [math.py] WARNING: The function 'quat_rotate_inverse' will be deprecated in favor of the faster method 'quat_apply_inverse'. Please use 'quat_apply_inverse' instead....[0m
[[ wrote /pub0/muhammadf/Blender/docs/experiment_loop/turning/loops/loop_0004/A/right/eval.mp4

====================================================================================================
BINGO WALK-REF LOOP EVALUATION
====================================================================================================

task=Bingo-Turning-Play-v0  checkpoint=/pub0/muhammadf/Blender/docs/experiment_loop/turning/loops/loop_0004/A/policy.pt
command: vx=0.215 m/s  vy=0.000  yaw=-0.400  (Turning extension accepts yaw; vy remains zero.)
duration=60.0s  settle=1.0s  steps_recorded=1440  num_envs=1
----------------------------------------------------------------------------------------------------
survival: 100.0%   any_fell=False  fall_time_s=[None]
vx: mean=0.135  std=0.051  max=0.259  (cmd=0.215)
base roll RMS: 4.611 deg   base pitch RMS: 1.705 deg
joint accel RMS: 10.055 rad/s^2
residual action-rate RMS: 0.0182 rad/step
reference tracking error (rad): mean=0.0309  rms=0.0376  max=0.1358

torque saturation % per joint:
  fl_SY_J       0.0%
  fl_SP_J       9.4%
  fl_knee      12.3%
  fr_SY_J       0.0%
  fr_SP_J       6.1%
  fr_knee       5.4%
  bl_SY_J       0.0%
  bl_SP_J       9.0%
  bl_knee       3.1%
  br_SY_J       0.0%
  br_SP_J       0.0%
  br_knee       0.6%
====================================================================================================
[[ wrote /pub0/muhammadf/Blender/docs/experiment_loop/turning/loops/loop_0004/A/right/metrics.json
EXEC ['/pub0/muhammadf/miniconda3/envs/isaaclab/bin/python', '/pub0/muhammadf/Blender/rl/bingo_rl/experiment_loop/turning/analyze.py', '/pub0/muhammadf/Blender/docs/experiment_loop/turning/loops/loop_0004/A/right']
EXEC ['/pub0/muhammadf/miniconda3/envs/isaaclab/bin/python', '/pub0/muhammadf/Blender/rl/bingo_rl/experiment_loop/turning/worker.py', 'evaluate', '--context', '/pub0/muhammadf/Blender/docs/experiment_loop/turning/loops/loop_0004/A/config.json', '--task', 'Bingo-Turning-Play-v0', '--checkpoint', '/pub0/muhammadf/Blender/docs/experiment_loop/turning/loops/loop_0004/A/policy.pt', '--out_dir', '/pub0/muhammadf/Blender/docs/experiment_loop/turning/loops/loop_0004/A/left_max', '--duration_s', '30', '--cmd_vx', '0.215', '--cmd_yaw', '0.6', '--diagnostics', '--headless', '--kit_args', '--/rtx/verifyDriverVersion/enabled=false --no-window', '--no_video']
Loading user config located at: '/pub0/muhammadf/miniconda3/envs/isaaclab/lib/python3.11/site-packages/isaacsim/kit/data/Kit/Isaac-Sim/5.1/user.config.json'
[Info] [carb] Logging to file: /pub0/muhammadf/miniconda3/envs/isaaclab/lib/python3.11/site-packages/isaacsim/kit/logs/Kit/Isaac-Sim/5.1/kit_20260919_201355.log
2026-09-20T00:13:55Z [156ms] [Warning] [omni.usd_config.extension] Enable omni.materialx.libs extension to use MaterialX
2026-09-20T00:13:55Z [452ms] [Warning] [omni.platforminfo.plugin] failed to open the default display.  Can't verify X Server version.
2026-09-20T00:13:55Z [720ms] [Warning] [carb] Acquiring non optional plugin interface which is not listed as dependency: [omni::physx::IPhysxBenchmarks v1.0] (plugin: <default plugin>), by client: omni.physics.physx.plugin. Add it to CARB_PLUGIN_IMPL_DEPS() macro of a client.
2026-09-20T00:13:55Z [734ms] [Warning] [omni.isaac.dynamic_control] omni.isaac.dynamic_control is deprecated as of Isaac Sim 4.5. No action is needed from end-users.
2026-09-20T00:13:58Z [3,625ms] [Warning] [carb.cudainterop.plugin] CUDA_VISIBLE_DEVICES environment variable is set.
2026-09-20T00:13:58Z [3,625ms] [Warning] [carb.cudainterop.plugin] Note CUDA device enumeration and Omniverse device enumeration are different.
2026-09-20T00:13:58Z [3,625ms] [Warning] [carb.cudainterop.plugin] Setting CUDA_VISIBLE_DEVICES can lead to undesired behavior or crashes.
2026-09-20T00:13:58Z [3,880ms] [Warning] [gpu.foundation.plugin] Skipping NVIDIA GPU due CUDA being in bad state: NVIDIA GeForce RTX 4090
2026-09-20T00:13:58Z [3,880ms] [Warning] [gpu.foundation.plugin] Please restart your system if CUDA is known to work in your system.
2026-09-20T00:13:58Z [3,881ms] [Warning] [gpu.foundation.plugin] Skipping NVIDIA GPU due CUDA being in bad state: NVIDIA GeForce RTX 4090
2026-09-20T00:13:58Z [3,881ms] [Warning] [gpu.foundation.plugin] Please restart your system if CUDA is known to work in your system.

|---------------------------------------------------------------------------------------------|
| Driver Version: 535.32.01     | Graphics API: Vulkan
|=============================================================================================|
| GPU | Name                             | Active | LDA | GPU Memory | Vendor-ID | LUID       |
|     |                                  |        |     |            | Device-ID | UUID       |
|     |                                  |        |     |            | Bus-ID    |            |
|---------------------------------------------------------------------------------------------|
| 0   | NVIDIA GeForce RTX 2080 Ti       | Yes: 0 |     | 11510   MB | 10de      | 0          |
|     |                                  |        |     |            | 1e07      | 5a1fbe3a.. |
|     |                                  |        |     |            | 19        |            |
|---------------------------------------------------------------------------------------------|
| 1   | NVIDIA GeForce RTX 4090          |        |     | 24810   MB | 10de      | 0          |
|     |                                  |        |     |            | 2684      | 6c6e36d2.. |
|     |                                  |        |     |            | 68        |            |
|=============================================================================================|
| OS: 22.04.1 LTS (Jammy Jellyfish) ubuntu, Version: 22.04.1, Kernel: 5.15.0-60-generic
| Processor: Intel(R) Core(TM) i9-9920X CPU @ 3.50GHz
| Cores: 12 | Logical Cores: 24
|---------------------------------------------------------------------------------------------|
| Total Memory (MB): 128497 | Free Memory: 122040
| Total Page/Swap (MB): 2047 | Free Page/Swap: 2017
|---------------------------------------------------------------------------------------------|
2026-09-20T00:14:00Z [5,085ms] [Warning] [gpu.foundation.plugin] CPU performance profile is set to powersave. This profile sets the CPU to the lowest frequency reducing performance.
2026-09-20T00:14:02Z [7,428ms] [Warning] [isaaclab.envs.direct_rl_env] Seed not set for the environment. The environment creation may not be deterministic.
[INFO][AppLauncher]: Using device: cuda:0
[INFO][AppLauncher]: Loading experience file: /pub0/muhammadf/IsaacLab/apps/isaaclab.python.headless.kit
[INFO]: Parsing configuration from: <class 'env.PlayCfg'>

[36m======================================================================================[0m
[36m[1m[INFO][IsaacLab]: Logging to file: /tmp/isaaclab/logs/isaaclab_2026-09-19_20-14-02.log[0m
[36m======================================================================================[0m

[33m20:14:02 [simulation_context.py] WARNING: The `enable_external_forces_every_iteration` parameter in the PhysxCfg is set to False. If you are experiencing noisy velocities, consider enabling this flag. You may need to slightly increase the number of velocity iterations (setting it to 1 or 2 rather than 0), together with this flag, to improve the accuracy of velocity updates.[0m
[38;20m[skrl:INFO] Environment wrapper: Isaac Lab (single-agent)[0m
[33;20m[skrl:WARNING] The 'lambda' field in the configuration is deprecated. Use 'gae_lambda' instead[0m
[INFO]: Base environment:
	Environment device    : cuda:0
	Environment seed      : None
	Physics step-size     : 0.008333333333333333
	Rendering step-size   : 0.041666666666666664
	Environment step-size : 0.041666666666666664
[INFO]: Time taken for scene creation : 0.533144 seconds
[INFO]: Scene manager:  <class InteractiveScene>
	Number of environments: 1
	Environment spacing   : 3.0
	Source prim name      : /World/envs/env_0
	Global prim paths     : []
	Replicate physics     : True
[INFO]: Starting the simulation. This may take a few seconds. Please wait...
[INFO]: Time taken for simulation start : 0.891835 seconds
[INFO]: Completed setting up the environment...
Motion loaded (/pub0/muhammadf/Blender/docs/experiment_loop/turning/loops/loop_0004/A/reference.npz): duration: 1.125 sec, frames: 136
[INFO]: Parsing configuration from: /pub0/muhammadf/Blender/rl/bingo_rl/bingo_rl/track/agents/skrl_ppo_cfg.yaml
[33m20:14:04 [runner.py] WARNING: The 'lambda' field in the configuration is deprecated. Use 'gae_lambda' instead[0m
[33;20m[skrl:WARNING] The 'clip_predicted_values' field in the configuration is deprecated. Use a 'value_clip' value greater than 0 to clip the predicted values instead[0m
[33m20:14:04 [runner.py] WARNING: The 'clip_predicted_values' field in the configuration is deprecated. Use a 'value_clip' value greater than 0 to clip the predicted values instead[0m
[33;20m[skrl:WARNING] The 'state_preprocessor' field in the configuration has been replaced by 'observation_preprocessor'. If the 'state_preprocessor' definition is desired but the `observation_preprocessor` is not, define the last one to None (null) to avoid the automatic replacement[0m
[33m20:14:04 [runner.py] WARNING: The 'state_preprocessor' field in the configuration has been replaced by 'observation_preprocessor'. If the 'state_preprocessor' definition is desired but the `observation_preprocessor` is not, define the last one to None (null) to avoid the automatic replacement[0m
[38;20m[skrl:INFO] Seed: 42[0m
[[ policy loaded: /pub0/muhammadf/Blender/docs/experiment_loop/turning/loops/loop_0004/A/policy.pt
[33m20:14:04 [math.py] WARNING: The function 'quat_rotate_inverse' will be deprecated in favor of the faster method 'quat_apply_inverse'. Please use 'quat_apply_inverse' instead....[0m
[33m20:14:09 [math.py] WARNING: The function 'quat_rotate_inverse' will be deprecated in favor of the faster method 'quat_apply_inverse'. Please use 'quat_apply_inverse' instead....[0m
[33m20:14:14 [math.py] WARNING: The function 'quat_rotate_inverse' will be deprecated in favor of the faster method 'quat_apply_inverse'. Please use 'quat_apply_inverse' instead....[0m
[33m20:14:19 [math.py] WARNING: The function 'quat_rotate_inverse' will be deprecated in favor of the faster method 'quat_apply_inverse'. Please use 'quat_apply_inverse' instead....[0m
[33m20:14:24 [math.py] WARNING: The function 'quat_rotate_inverse' will be deprecated in favor of the faster method 'quat_apply_inverse'. Please use 'quat_apply_inverse' instead....[0m
[33m20:14:29 [math.py] WARNING: The function 'quat_rotate_inverse' will be deprecated in favor of the faster method 'quat_apply_inverse'. Please use 'quat_apply_inverse' instead....[0m

====================================================================================================
BINGO WALK-REF LOOP EVALUATION
====================================================================================================

task=Bingo-Turning-Play-v0  checkpoint=/pub0/muhammadf/Blender/docs/experiment_loop/turning/loops/loop_0004/A/policy.pt
command: vx=0.215 m/s  vy=0.000  yaw=0.600  (Turning extension accepts yaw; vy remains zero.)
duration=30.0s  settle=1.0s  steps_recorded=720  num_envs=1
----------------------------------------------------------------------------------------------------
survival: 100.0%   any_fell=False  fall_time_s=[None]
vx: mean=0.155  std=0.068  max=0.423  (cmd=0.215)
base roll RMS: 8.045 deg   base pitch RMS: 1.630 deg
joint accel RMS: 11.092 rad/s^2
residual action-rate RMS: 0.0204 rad/step
reference tracking error (rad): mean=0.0551  rms=0.0681  max=0.2340

torque saturation % per joint:
  fl_SY_J       0.0%
  fl_SP_J       4.6%
  fl_knee      13.1%
  fr_SY_J       0.0%
  fr_SP_J      11.0%
  fr_knee      10.0%
  bl_SY_J       0.0%
  bl_SP_J       2.1%
  bl_knee       1.9%
  br_SY_J       0.0%
  br_SP_J       6.1%
  br_knee       8.5%
====================================================================================================
[[ wrote /pub0/muhammadf/Blender/docs/experiment_loop/turning/loops/loop_0004/A/left_max/metrics.json
EXEC ['/pub0/muhammadf/miniconda3/envs/isaaclab/bin/python', '/pub0/muhammadf/Blender/rl/bingo_rl/experiment_loop/turning/analyze.py', '/pub0/muhammadf/Blender/docs/experiment_loop/turning/loops/loop_0004/A/left_max']
EXEC ['/pub0/muhammadf/miniconda3/envs/isaaclab/bin/python', '/pub0/muhammadf/Blender/rl/bingo_rl/experiment_loop/turning/worker.py', 'evaluate', '--context', '/pub0/muhammadf/Blender/docs/experiment_loop/turning/loops/loop_0004/A/config.json', '--task', 'Bingo-Turning-Play-v0', '--checkpoint', '/pub0/muhammadf/Blender/docs/experiment_loop/turning/loops/loop_0004/A/policy.pt', '--out_dir', '/pub0/muhammadf/Blender/docs/experiment_loop/turning/loops/loop_0004/A/right_max', '--duration_s', '30', '--cmd_vx', '0.215', '--cmd_yaw', '-0.6', '--diagnostics', '--headless', '--kit_args', '--/rtx/verifyDriverVersion/enabled=false --no-window', '--no_video']
Loading user config located at: '/pub0/muhammadf/miniconda3/envs/isaaclab/lib/python3.11/site-packages/isaacsim/kit/data/Kit/Isaac-Sim/5.1/user.config.json'
[Info] [carb] Logging to file: /pub0/muhammadf/miniconda3/envs/isaaclab/lib/python3.11/site-packages/isaacsim/kit/logs/Kit/Isaac-Sim/5.1/kit_20260919_201433.log
2026-09-20T00:14:33Z [157ms] [Warning] [omni.usd_config.extension] Enable omni.materialx.libs extension to use MaterialX
2026-09-20T00:14:34Z [442ms] [Warning] [omni.platforminfo.plugin] failed to open the default display.  Can't verify X Server version.
2026-09-20T00:14:34Z [643ms] [Warning] [carb] Acquiring non optional plugin interface which is not listed as dependency: [omni::physx::IPhysxBenchmarks v1.0] (plugin: <default plugin>), by client: omni.physics.physx.plugin. Add it to CARB_PLUGIN_IMPL_DEPS() macro of a client.
2026-09-20T00:14:34Z [652ms] [Warning] [omni.isaac.dynamic_control] omni.isaac.dynamic_control is deprecated as of Isaac Sim 4.5. No action is needed from end-users.
2026-09-20T00:14:36Z [3,355ms] [Warning] [carb.cudainterop.plugin] CUDA_VISIBLE_DEVICES environment variable is set.
2026-09-20T00:14:36Z [3,355ms] [Warning] [carb.cudainterop.plugin] Note CUDA device enumeration and Omniverse device enumeration are different.
2026-09-20T00:14:36Z [3,355ms] [Warning] [carb.cudainterop.plugin] Setting CUDA_VISIBLE_DEVICES can lead to undesired behavior or crashes.
2026-09-20T00:14:37Z [3,615ms] [Warning] [gpu.foundation.plugin] Skipping NVIDIA GPU due CUDA being in bad state: NVIDIA GeForce RTX 4090
2026-09-20T00:14:37Z [3,615ms] [Warning] [gpu.foundation.plugin] Please restart your system if CUDA is known to work in your system.
2026-09-20T00:14:37Z [3,615ms] [Warning] [gpu.foundation.plugin] Skipping NVIDIA GPU due CUDA being in bad state: NVIDIA GeForce RTX 4090
2026-09-20T00:14:37Z [3,615ms] [Warning] [gpu.foundation.plugin] Please restart your system if CUDA is known to work in your system.

|---------------------------------------------------------------------------------------------|
| Driver Version: 535.32.01     | Graphics API: Vulkan
|=============================================================================================|
| GPU | Name                             | Active | LDA | GPU Memory | Vendor-ID | LUID       |
|     |                                  |        |     |            | Device-ID | UUID       |
|     |                                  |        |     |            | Bus-ID    |            |
|---------------------------------------------------------------------------------------------|
| 0   | NVIDIA GeForce RTX 2080 Ti       | Yes: 0 |     | 11510   MB | 10de      | 0          |
|     |                                  |        |     |            | 1e07      | 5a1fbe3a.. |
|     |                                  |        |     |            | 19        |            |
|---------------------------------------------------------------------------------------------|
| 1   | NVIDIA GeForce RTX 4090          |        |     | 24810   MB | 10de      | 0          |
|     |                                  |        |     |            | 2684      | 6c6e36d2.. |
|     |                                  |        |     |            | 68        |            |
|=============================================================================================|
| OS: 22.04.1 LTS (Jammy Jellyfish) ubuntu, Version: 22.04.1, Kernel: 5.15.0-60-generic
| Processor: Intel(R) Core(TM) i9-9920X CPU @ 3.50GHz
| Cores: 12 | Logical Cores: 24
|---------------------------------------------------------------------------------------------|
| Total Memory (MB): 128497 | Free Memory: 122025
| Total Page/Swap (MB): 2047 | Free Page/Swap: 2017
|---------------------------------------------------------------------------------------------|
2026-09-20T00:14:38Z [4,702ms] [Warning] [gpu.foundation.plugin] CPU performance profile is set to powersave. This profile sets the CPU to the lowest frequency reducing performance.
2026-09-20T00:14:40Z [7,077ms] [Warning] [isaaclab.envs.direct_rl_env] Seed not set for the environment. The environment creation may not be deterministic.
[INFO][AppLauncher]: Using device: cuda:0
[INFO][AppLauncher]: Loading experience file: /pub0/muhammadf/IsaacLab/apps/isaaclab.python.headless.kit
[INFO]: Parsing configuration from: <class 'env.PlayCfg'>

[36m======================================================================================[0m
[36m[1m[INFO][IsaacLab]: Logging to file: /tmp/isaaclab/logs/isaaclab_2026-09-19_20-14-40.log[0m
[36m======================================================================================[0m

[33m20:14:40 [simulation_context.py] WARNING: The `enable_external_forces_every_iteration` parameter in the PhysxCfg is set to False. If you are experiencing noisy velocities, consider enabling this flag. You may need to slightly increase the number of velocity iterations (setting it to 1 or 2 rather than 0), together with this flag, to improve the accuracy of velocity updates.[0m
[38;20m[skrl:INFO] Environment wrapper: Isaac Lab (single-agent)[0m
[33;20m[skrl:WARNING] The 'lambda' field in the configuration is deprecated. Use 'gae_lambda' instead[0m
[INFO]: Base environment:
	Environment device    : cuda:0
	Environment seed      : None
	Physics step-size     : 0.008333333333333333
	Rendering step-size   : 0.041666666666666664
	Environment step-size : 0.041666666666666664
[INFO]: Time taken for scene creation : 0.569246 seconds
[INFO]: Scene manager:  <class InteractiveScene>
	Number of environments: 1
	Environment spacing   : 3.0
	Source prim name      : /World/envs/env_0
	Global prim paths     : []
	Replicate physics     : True
[INFO]: Starting the simulation. This may take a few seconds. Please wait...
[INFO]: Time taken for simulation start : 0.955523 seconds
[INFO]: Completed setting up the environment...
Motion loaded (/pub0/muhammadf/Blender/docs/experiment_loop/turning/loops/loop_0004/A/reference.npz): duration: 1.125 sec, frames: 136
[INFO]: Parsing configuration from: /pub0/muhammadf/Blender/rl/bingo_rl/bingo_rl/track/agents/skrl_ppo_cfg.yaml
[33m20:14:42 [runner.py] WARNING: The 'lambda' field in the configuration is deprecated. Use 'gae_lambda' instead[0m
[33;20m[skrl:WARNING] The 'clip_predicted_values' field in the configuration is deprecated. Use a 'value_clip' value greater than 0 to clip the predicted values instead[0m
[33m20:14:42 [runner.py] WARNING: The 'clip_predicted_values' field in the configuration is deprecated. Use a 'value_clip' value greater than 0 to clip the predicted values instead[0m
[33;20m[skrl:WARNING] The 'state_preprocessor' field in the configuration has been replaced by 'observation_preprocessor'. If the 'state_preprocessor' definition is desired but the `observation_preprocessor` is not, define the last one to None (null) to avoid the automatic replacement[0m
[33m20:14:42 [runner.py] WARNING: The 'state_preprocessor' field in the configuration has been replaced by 'observation_preprocessor'. If the 'state_preprocessor' definition is desired but the `observation_preprocessor` is not, define the last one to None (null) to avoid the automatic replacement[0m
[38;20m[skrl:INFO] Seed: 42[0m
[[ policy loaded: /pub0/muhammadf/Blender/docs/experiment_loop/turning/loops/loop_0004/A/policy.pt
[33m20:14:42 [math.py] WARNING: The function 'quat_rotate_inverse' will be deprecated in favor of the faster method 'quat_apply_inverse'. Please use 'quat_apply_inverse' instead....[0m
[33m20:14:47 [math.py] WARNING: The function 'quat_rotate_inverse' will be deprecated in favor of the faster method 'quat_apply_inverse'. Please use 'quat_apply_inverse' instead....[0m
[33m20:14:52 [math.py] WARNING: The function 'quat_rotate_inverse' will be deprecated in favor of the faster method 'quat_apply_inverse'. Please use 'quat_apply_inverse' instead....[0m
[33m20:14:57 [math.py] WARNING: The function 'quat_rotate_inverse' will be deprecated in favor of the faster method 'quat_apply_inverse'. Please use 'quat_apply_inverse' instead....[0m
[33m20:15:02 [math.py] WARNING: The function 'quat_rotate_inverse' will be deprecated in favor of the faster method 'quat_apply_inverse'. Please use 'quat_apply_inverse' instead....[0m
[33m20:15:07 [math.py] WARNING: The function 'quat_rotate_inverse' will be deprecated in favor of the faster method 'quat_apply_inverse'. Please use 'quat_apply_inverse' instead....[0m

====================================================================================================
BINGO WALK-REF LOOP EVALUATION
====================================================================================================

task=Bingo-Turning-Play-v0  checkpoint=/pub0/muhammadf/Blender/docs/experiment_loop/turning/loops/loop_0004/A/policy.pt
command: vx=0.215 m/s  vy=0.000  yaw=-0.600  (Turning extension accepts yaw; vy remains zero.)
duration=30.0s  settle=1.0s  steps_recorded=720  num_envs=1
----------------------------------------------------------------------------------------------------
survival: 100.0%   any_fell=False  fall_time_s=[None]
vx: mean=0.130  std=0.051  max=0.257  (cmd=0.215)
base roll RMS: 4.122 deg   base pitch RMS: 1.751 deg
joint accel RMS: 10.914 rad/s^2
residual action-rate RMS: 0.0191 rad/step
reference tracking error (rad): mean=0.0368  rms=0.0450  max=0.1421

torque saturation % per joint:
  fl_SY_J       0.0%
  fl_SP_J      12.1%
  fl_knee      12.8%
  fr_SY_J       0.0%
  fr_SP_J       7.6%
  fr_knee       5.0%
  bl_SY_J       0.0%
  bl_SP_J       9.7%
  bl_knee       5.8%
  br_SY_J       0.0%
  br_SP_J       0.0%
  br_knee       0.8%
====================================================================================================
[[ wrote /pub0/muhammadf/Blender/docs/experiment_loop/turning/loops/loop_0004/A/right_max/metrics.json
EXEC ['/pub0/muhammadf/miniconda3/envs/isaaclab/bin/python', '/pub0/muhammadf/Blender/rl/bingo_rl/experiment_loop/turning/analyze.py', '/pub0/muhammadf/Blender/docs/experiment_loop/turning/loops/loop_0004/A/right_max']
EXEC ['/pub0/muhammadf/miniconda3/envs/isaaclab/bin/python', '/pub0/muhammadf/Blender/rl/bingo_rl/experiment_loop/turning/worker.py', 'evaluate', '--context', '/pub0/muhammadf/Blender/docs/experiment_loop/turning/loops/loop_0004/A/config.json', '--task', 'Bingo-Turning-Play-v0', '--checkpoint', '/pub0/muhammadf/Blender/docs/experiment_loop/turning/loops/loop_0004/A/policy.pt', '--out_dir', '/pub0/muhammadf/Blender/docs/experiment_loop/turning/loops/loop_0004/A/straight', '--duration_s', '30', '--cmd_vx', '0.215', '--cmd_yaw', '0.0', '--diagnostics', '--headless', '--kit_args', '--/rtx/verifyDriverVersion/enabled=false --no-window', '--no_video']
Loading user config located at: '/pub0/muhammadf/miniconda3/envs/isaaclab/lib/python3.11/site-packages/isaacsim/kit/data/Kit/Isaac-Sim/5.1/user.config.json'
[Info] [carb] Logging to file: /pub0/muhammadf/miniconda3/envs/isaaclab/lib/python3.11/site-packages/isaacsim/kit/logs/Kit/Isaac-Sim/5.1/kit_20260919_201511.log
2026-09-20T00:15:12Z [136ms] [Warning] [omni.usd_config.extension] Enable omni.materialx.libs extension to use MaterialX
2026-09-20T00:15:12Z [425ms] [Warning] [omni.platforminfo.plugin] failed to open the default display.  Can't verify X Server version.
2026-09-20T00:15:12Z [646ms] [Warning] [carb] Acquiring non optional plugin interface which is not listed as dependency: [omni::physx::IPhysxBenchmarks v1.0] (plugin: <default plugin>), by client: omni.physics.physx.plugin. Add it to CARB_PLUGIN_IMPL_DEPS() macro of a client.
2026-09-20T00:15:12Z [655ms] [Warning] [omni.isaac.dynamic_control] omni.isaac.dynamic_control is deprecated as of Isaac Sim 4.5. No action is needed from end-users.
2026-09-20T00:15:15Z [3,432ms] [Warning] [carb.cudainterop.plugin] CUDA_VISIBLE_DEVICES environment variable is set.
2026-09-20T00:15:15Z [3,432ms] [Warning] [carb.cudainterop.plugin] Note CUDA device enumeration and Omniverse device enumeration are different.
2026-09-20T00:15:15Z [3,432ms] [Warning] [carb.cudainterop.plugin] Setting CUDA_VISIBLE_DEVICES can lead to undesired behavior or crashes.
2026-09-20T00:15:15Z [3,700ms] [Warning] [gpu.foundation.plugin] Skipping NVIDIA GPU due CUDA being in bad state: NVIDIA GeForce RTX 4090
2026-09-20T00:15:15Z [3,700ms] [Warning] [gpu.foundation.plugin] Please restart your system if CUDA is known to work in your system.
2026-09-20T00:15:15Z [3,700ms] [Warning] [gpu.foundation.plugin] Skipping NVIDIA GPU due CUDA being in bad state: NVIDIA GeForce RTX 4090
2026-09-20T00:15:15Z [3,700ms] [Warning] [gpu.foundation.plugin] Please restart your system if CUDA is known to work in your system.

|---------------------------------------------------------------------------------------------|
| Driver Version: 535.32.01     | Graphics API: Vulkan
|=============================================================================================|
| GPU | Name                             | Active | LDA | GPU Memory | Vendor-ID | LUID       |
|     |                                  |        |     |            | Device-ID | UUID       |
|     |                                  |        |     |            | Bus-ID    |            |
|---------------------------------------------------------------------------------------------|
| 0   | NVIDIA GeForce RTX 2080 Ti       | Yes: 0 |     | 11510   MB | 10de      | 0          |
|     |                                  |        |     |            | 1e07      | 5a1fbe3a.. |
|     |                                  |        |     |            | 19        |            |
|---------------------------------------------------------------------------------------------|
| 1   | NVIDIA GeForce RTX 4090          |        |     | 24810   MB | 10de      | 0          |
|     |                                  |        |     |            | 2684      | 6c6e36d2.. |
|     |                                  |        |     |            | 68        |            |
|=============================================================================================|
| OS: 22.04.1 LTS (Jammy Jellyfish) ubuntu, Version: 22.04.1, Kernel: 5.15.0-60-generic
| Processor: Intel(R) Core(TM) i9-9920X CPU @ 3.50GHz
| Cores: 12 | Logical Cores: 24
|---------------------------------------------------------------------------------------------|
| Total Memory (MB): 128497 | Free Memory: 122024
| Total Page/Swap (MB): 2047 | Free Page/Swap: 2017
|---------------------------------------------------------------------------------------------|
2026-09-20T00:15:16Z [4,716ms] [Warning] [gpu.foundation.plugin] CPU performance profile is set to powersave. This profile sets the CPU to the lowest frequency reducing performance.
2026-09-20T00:15:18Z [7,044ms] [Warning] [isaaclab.envs.direct_rl_env] Seed not set for the environment. The environment creation may not be deterministic.
[INFO][AppLauncher]: Using device: cuda:0
[INFO][AppLauncher]: Loading experience file: /pub0/muhammadf/IsaacLab/apps/isaaclab.python.headless.kit
[INFO]: Parsing configuration from: <class 'env.PlayCfg'>

[36m======================================================================================[0m
[36m[1m[INFO][IsaacLab]: Logging to file: /tmp/isaaclab/logs/isaaclab_2026-09-19_20-15-18.log[0m
[36m======================================================================================[0m

[33m20:15:19 [simulation_context.py] WARNING: The `enable_external_forces_every_iteration` parameter in the PhysxCfg is set to False. If you are experiencing noisy velocities, consider enabling this flag. You may need to slightly increase the number of velocity iterations (setting it to 1 or 2 rather than 0), together with this flag, to improve the accuracy of velocity updates.[0m
[38;20m[skrl:INFO] Environment wrapper: Isaac Lab (single-agent)[0m
[33;20m[skrl:WARNING] The 'lambda' field in the configuration is deprecated. Use 'gae_lambda' instead[0m
[INFO]: Base environment:
	Environment device    : cuda:0
	Environment seed      : None
	Physics step-size     : 0.008333333333333333
	Rendering step-size   : 0.041666666666666664
	Environment step-size : 0.041666666666666664
[INFO]: Time taken for scene creation : 0.600755 seconds
[INFO]: Scene manager:  <class InteractiveScene>
	Number of environments: 1
	Environment spacing   : 3.0
	Source prim name      : /World/envs/env_0
	Global prim paths     : []
	Replicate physics     : True
[INFO]: Starting the simulation. This may take a few seconds. Please wait...
[INFO]: Time taken for simulation start : 0.917621 seconds
[INFO]: Completed setting up the environment...
Motion loaded (/pub0/muhammadf/Blender/docs/experiment_loop/turning/loops/loop_0004/A/reference.npz): duration: 1.125 sec, frames: 136
[INFO]: Parsing configuration from: /pub0/muhammadf/Blender/rl/bingo_rl/bingo_rl/track/agents/skrl_ppo_cfg.yaml
[33m20:15:20 [runner.py] WARNING: The 'lambda' field in the configuration is deprecated. Use 'gae_lambda' instead[0m
[33;20m[skrl:WARNING] The 'clip_predicted_values' field in the configuration is deprecated. Use a 'value_clip' value greater than 0 to clip the predicted values instead[0m
[33m20:15:20 [runner.py] WARNING: The 'clip_predicted_values' field in the configuration is deprecated. Use a 'value_clip' value greater than 0 to clip the predicted values instead[0m
[33;20m[skrl:WARNING] The 'state_preprocessor' field in the configuration has been replaced by 'observation_preprocessor'. If the 'state_preprocessor' definition is desired but the `observation_preprocessor` is not, define the last one to None (null) to avoid the automatic replacement[0m
[33m20:15:20 [runner.py] WARNING: The 'state_preprocessor' field in the configuration has been replaced by 'observation_preprocessor'. If the 'state_preprocessor' definition is desired but the `observation_preprocessor` is not, define the last one to None (null) to avoid the automatic replacement[0m
[38;20m[skrl:INFO] Seed: 42[0m
[[ policy loaded: /pub0/muhammadf/Blender/docs/experiment_loop/turning/loops/loop_0004/A/policy.pt
[33m20:15:20 [math.py] WARNING: The function 'quat_rotate_inverse' will be deprecated in favor of the faster method 'quat_apply_inverse'. Please use 'quat_apply_inverse' instead....[0m
[33m20:15:25 [math.py] WARNING: The function 'quat_rotate_inverse' will be deprecated in favor of the faster method 'quat_apply_inverse'. Please use 'quat_apply_inverse' instead....[0m
[33m20:15:30 [math.py] WARNING: The function 'quat_rotate_inverse' will be deprecated in favor of the faster method 'quat_apply_inverse'. Please use 'quat_apply_inverse' instead....[0m
[33m20:15:35 [math.py] WARNING: The function 'quat_rotate_inverse' will be deprecated in favor of the faster method 'quat_apply_inverse'. Please use 'quat_apply_inverse' instead....[0m
[33m20:15:40 [math.py] WARNING: The function 'quat_rotate_inverse' will be deprecated in favor of the faster method 'quat_apply_inverse'. Please use 'quat_apply_inverse' instead....[0m
[33m20:15:45 [math.py] WARNING: The function 'quat_rotate_inverse' will be deprecated in favor of the faster method 'quat_apply_inverse'. Please use 'quat_apply_inverse' instead....[0m

====================================================================================================
BINGO WALK-REF LOOP EVALUATION
====================================================================================================

task=Bingo-Turning-Play-v0  checkpoint=/pub0/muhammadf/Blender/docs/experiment_loop/turning/loops/loop_0004/A/policy.pt
command: vx=0.215 m/s  vy=0.000  yaw=0.000  (Turning extension accepts yaw; vy remains zero.)
duration=30.0s  settle=1.0s  steps_recorded=720  num_envs=1
----------------------------------------------------------------------------------------------------
survival: 100.0%   any_fell=False  fall_time_s=[None]
vx: mean=0.142  std=0.050  max=0.316  (cmd=0.215)
base roll RMS: 5.139 deg   base pitch RMS: 1.785 deg
joint accel RMS: 9.111 rad/s^2
residual action-rate RMS: 0.0178 rad/step
reference tracking error (rad): mean=0.0310  rms=0.0385  max=0.1303

torque saturation % per joint:
  fl_SY_J       0.0%
  fl_SP_J       5.0%
  fl_knee      10.4%
  fr_SY_J       0.0%
  fr_SP_J       6.1%
  fr_knee       5.6%
  bl_SY_J       0.0%
  bl_SP_J       6.1%
  bl_knee       2.2%
  br_SY_J       0.0%
  br_SP_J       0.0%
  br_knee       2.8%
====================================================================================================
[[ wrote /pub0/muhammadf/Blender/docs/experiment_loop/turning/loops/loop_0004/A/straight/metrics.json
EXEC ['/pub0/muhammadf/miniconda3/envs/isaaclab/bin/python', '/pub0/muhammadf/Blender/rl/bingo_rl/experiment_loop/turning/analyze.py', '/pub0/muhammadf/Blender/docs/experiment_loop/turning/loops/loop_0004/A/straight']
