Loading user config located at: '/pub0/muhammadf/miniconda3/envs/isaaclab/lib/python3.11/site-packages/isaacsim/kit/data/Kit/Isaac-Sim/5.1/user.config.json'
[Info] [carb] Logging to file: /pub0/muhammadf/miniconda3/envs/isaaclab/lib/python3.11/site-packages/isaacsim/kit/logs/Kit/Isaac-Sim/5.1/kit_20260921_024437.log
2026-09-21T06:44:37Z [165ms] [Warning] [omni.usd_config.extension] Enable omni.materialx.libs extension to use MaterialX
2026-09-21T06:44:37Z [452ms] [Warning] [omni.platforminfo.plugin] failed to open the default display.  Can't verify X Server version.
2026-09-21T06:44:37Z [681ms] [Warning] [carb] Acquiring non optional plugin interface which is not listed as dependency: [omni::physx::IPhysxBenchmarks v1.0] (plugin: <default plugin>), by client: omni.physics.physx.plugin. Add it to CARB_PLUGIN_IMPL_DEPS() macro of a client.
2026-09-21T06:44:37Z [693ms] [Warning] [omni.isaac.dynamic_control] omni.isaac.dynamic_control is deprecated as of Isaac Sim 4.5. No action is needed from end-users.
2026-09-21T06:44:39Z [2,255ms] [Warning] [carb.cudainterop.plugin] CUDA_VISIBLE_DEVICES environment variable is set.
2026-09-21T06:44:39Z [2,255ms] [Warning] [carb.cudainterop.plugin] Note CUDA device enumeration and Omniverse device enumeration are different.
2026-09-21T06:44:39Z [2,255ms] [Warning] [carb.cudainterop.plugin] Setting CUDA_VISIBLE_DEVICES can lead to undesired behavior or crashes.
2026-09-21T06:44:39Z [2,504ms] [Warning] [gpu.foundation.plugin] Skipping NVIDIA GPU due CUDA being in bad state: NVIDIA GeForce RTX 2080 Ti
2026-09-21T06:44:39Z [2,504ms] [Warning] [gpu.foundation.plugin] Please restart your system if CUDA is known to work in your system.
2026-09-21T06:44:39Z [2,505ms] [Warning] [gpu.foundation.plugin] Skipping NVIDIA GPU due CUDA being in bad state: NVIDIA GeForce RTX 2080 Ti
2026-09-21T06:44:39Z [2,505ms] [Warning] [gpu.foundation.plugin] Please restart your system if CUDA is known to work in your system.

|---------------------------------------------------------------------------------------------|
| Driver Version: 535.32.01     | Graphics API: Vulkan
|=============================================================================================|
| GPU | Name                             | Active | LDA | GPU Memory | Vendor-ID | LUID       |
|     |                                  |        |     |            | Device-ID | UUID       |
|     |                                  |        |     |            | Bus-ID    |            |
|---------------------------------------------------------------------------------------------|
| 0   | NVIDIA GeForce RTX 2080 Ti       |        |     | 11510   MB | 10de      | 0          |
|     |                                  |        |     |            | 1e07      | 5a1fbe3a.. |
|     |                                  |        |     |            | 19        |            |
|---------------------------------------------------------------------------------------------|
| 1   | NVIDIA GeForce RTX 4090          | Yes: 0 |     | 24810   MB | 10de      | 0          |
|     |                                  |        |     |            | 2684      | 6c6e36d2.. |
|     |                                  |        |     |            | 68        |            |
|=============================================================================================|
| OS: 22.04.1 LTS (Jammy Jellyfish) ubuntu, Version: 22.04.1, Kernel: 5.15.0-60-generic
| Processor: Intel(R) Core(TM) i9-9920X CPU @ 3.50GHz
| Cores: 12 | Logical Cores: 24
|---------------------------------------------------------------------------------------------|
| Total Memory (MB): 128497 | Free Memory: 117020
| Total Page/Swap (MB): 2047 | Free Page/Swap: 1873
|---------------------------------------------------------------------------------------------|
2026-09-21T06:44:40Z [3,153ms] [Warning] [gpu.foundation.plugin] CPU performance profile is set to powersave. This profile sets the CPU to the lowest frequency reducing performance.
2026-09-21T06:44:40Z [3,160ms] [Warning] [gpu.foundation.plugin] PCIe link width current (8) and maximum (16) for device 1 don't match.
[INFO][AppLauncher]: Using device: cuda:0
[INFO][AppLauncher]: Loading experience file: /pub0/muhammadf/IsaacLab/apps/isaaclab.python.headless.kit

[36m======================================================================================[0m
[36m[1m[INFO][IsaacLab]: Logging to file: /tmp/isaaclab/logs/isaaclab_2026-09-21_02-44-42.log[0m
[36m======================================================================================[0m

[33m02:44:42 [simulation_context.py] WARNING: The `enable_external_forces_every_iteration` parameter in the PhysxCfg is set to False. If you are experiencing noisy velocities, consider enabling this flag. You may need to slightly increase the number of velocity iterations (setting it to 1 or 2 rather than 0), together with this flag, to improve the accuracy of velocity updates.[0m
[INFO]: Base environment:
	Environment device    : cuda:0
	Environment seed      : 42
	Physics step-size     : 0.008333333333333333
	Rendering step-size   : 0.041666666666666664
	Environment step-size : 0.041666666666666664
[INFO]: Time taken for scene creation : 0.598913 seconds
[INFO]: Scene manager:  <class InteractiveScene>
	Number of environments: 10
	Environment spacing   : 5.0
	Source prim name      : /World/envs/env_0
	Global prim paths     : []
	Replicate physics     : True
[INFO]: Starting the simulation. This may take a few seconds. Please wait...
[INFO]: Time taken for simulation start : 0.918692 seconds
[INFO]: Completed setting up the environment...
Motion loaded (/pub0/muhammadf/Blender/docs/natural_walk/reference_02b/reference.npz): duration: 1.125 sec, frames: 136
Motion loaded (/pub0/muhammadf/Blender/docs/experiment_loop/loops/loop_0007/A/reference.npz): duration: 1.125 sec, frames: 136
Motion loaded (/pub0/muhammadf/Blender/docs/experiment_loop/turning/loops/loop_0005/A/reference.npz): duration: 1.125 sec, frames: 136
[33m02:44:44 [math.py] WARNING: The function 'quat_rotate_inverse' will be deprecated in favor of the faster method 'quat_apply_inverse'. Please use 'quat_apply_inverse' instead....[0m
eval seconds 0.0 survivors [True, True, True, True, True, True, True, True, True, True]
[33m02:44:49 [math.py] WARNING: The function 'quat_rotate_inverse' will be deprecated in favor of the faster method 'quat_apply_inverse'. Please use 'quat_apply_inverse' instead....[0m
[33m02:44:54 [math.py] WARNING: The function 'quat_rotate_inverse' will be deprecated in favor of the faster method 'quat_apply_inverse'. Please use 'quat_apply_inverse' instead....[0m
[33m02:44:59 [math.py] WARNING: The function 'quat_rotate_inverse' will be deprecated in favor of the faster method 'quat_apply_inverse'. Please use 'quat_apply_inverse' instead....[0m
[33m02:45:04 [math.py] WARNING: The function 'quat_rotate_inverse' will be deprecated in favor of the faster method 'quat_apply_inverse'. Please use 'quat_apply_inverse' instead....[0m
{
  "stand": {
    "command": [
      0.0,
      0.0
    ],
    "survival": true,
    "valid_seconds": 9.0,
    "vx_mean": 0.0020671712700277567,
    "vx_std": 0.0010576718486845493,
    "yaw_mean": 0.004154881928116083,
    "yaw_std": 0.020855719223618507,
    "roll_rms_deg": 5.155306403441503,
    "pitch_rms_deg": 9.515112627082669,
    "height_mean": 0.17108595371246338,
    "height_std": 0.00036449666367843747,
    "joint_acceleration_rms": 0.32585644721984863,
    "action_rate_rms": 0.051999371498823166,
    "torque_saturation_max_pct": 0.0,
    "torque_saturation_per_joint_pct": [
      0.0,
      0.0,
      0.0,
      0.0,
      0.0,
      0.0,
      0.0,
      0.0,
      0.0,
      0.0,
      0.0,
      0.0
    ],
    "contact_duty": [
      1.0,
      0.0,
      1.0,
      1.0
    ],
    "slip_mean": 0.000556126469746232,
    "joint_limit_violation_rad": 0.0
  },
  "forward": {
    "command": [
      0.2,
      0.0
    ],
    "survival": true,
    "valid_seconds": 9.0,
    "vx_mean": 0.1844630390405655,
    "vx_std": 0.05065745487809181,
    "yaw_mean": -0.034637052565813065,
    "yaw_std": 0.47984230518341064,
    "roll_rms_deg": 4.9510986882969314,
    "pitch_rms_deg": 1.886371676814465,
    "height_mean": 0.17202453315258026,
    "height_std": 0.0014111711643636227,
    "joint_acceleration_rms": 11.622710227966309,
    "action_rate_rms": 1.4413220882415771,
    "torque_saturation_max_pct": 19.444444444444446,
    "torque_saturation_per_joint_pct": [
      0.0,
      12.5,
      19.444444444444446,
      0.0,
      14.351851851851851,
      10.185185185185185,
      0.0,
      7.4074074074074066,
      3.2407407407407405,
      0.0,
      0.4629629629629629,
      2.314814814814815
    ],
    "contact_duty": [
      0.4398148148148148,
      0.5092592592592593,
      0.8287037037037037,
      0.7222222222222222
    ],
    "slip_mean": 0.1470574587583542,
    "joint_limit_violation_rad": 0.0
  },
  "backward": {
    "command": [
      -0.2,
      0.0
    ],
    "survival": true,
    "valid_seconds": 9.0,
    "vx_mean": -0.18680979311466217,
    "vx_std": 0.06460674852132797,
    "yaw_mean": 0.017521213740110397,
    "yaw_std": 0.32865381240844727,
    "roll_rms_deg": 5.342862544276407,
    "pitch_rms_deg": 1.4832935057531573,
    "height_mean": 0.17058560252189636,
    "height_std": 0.0014124515000730753,
    "joint_acceleration_rms": 8.110047340393066,
    "action_rate_rms": 1.073775291442871,
    "torque_saturation_max_pct": 7.87037037037037,
    "torque_saturation_per_joint_pct": [
      0.0,
      0.0,
      0.0,
      0.0,
      6.944444444444445,
      3.2407407407407405,
      0.0,
      3.2407407407407405,
      2.314814814814815,
      0.0,
      0.4629629629629629,
      7.87037037037037
    ],
    "contact_duty": [
      0.5416666666666666,
      0.6296296296296297,
      0.6574074074074074,
      0.6342592592592593
    ],
    "slip_mean": 0.1056712195277214,
    "joint_limit_violation_rad": 0.0
  },
  "left": {
    "command": [
      0.0,
      0.4
    ],
    "survival": true,
    "valid_seconds": 9.0,
    "vx_mean": -0.016997702419757843,
    "vx_std": 0.06888283044099808,
    "yaw_mean": 0.24303683638572693,
    "yaw_std": 0.26186785101890564,
    "roll_rms_deg": 8.191767744260929,
    "pitch_rms_deg": 2.427106440903562,
    "height_mean": 0.16474924981594086,
    "height_std": 0.003757708938792348,
    "joint_acceleration_rms": 7.601957321166992,
    "action_rate_rms": 1.1181812286376953,
    "torque_saturation_max_pct": 3.2407407407407405,
    "torque_saturation_per_joint_pct": [
      0.0,
      0.0,
      0.4629629629629629,
      0.0,
      3.2407407407407405,
      0.9259259259259258,
      0.0,
      1.3888888888888888,
      0.0,
      0.0,
      1.3888888888888888,
      0.0
    ],
    "contact_duty": [
      0.6111111111111112,
      0.6527777777777778,
      0.9537037037037037,
      0.7037037037037037
    ],
    "slip_mean": 0.06583902984857559,
    "joint_limit_violation_rad": 0.0
  },
  "right": {
    "command": [
      0.0,
      -0.4
    ],
    "survival": true,
    "valid_seconds": 9.0,
    "vx_mean": -0.010351592674851418,
    "vx_std": 0.0595553033053875,
    "yaw_mean": -0.06220417469739914,
    "yaw_std": 0.3390883803367615,
    "roll_rms_deg": 6.246683974784446,
    "pitch_rms_deg": 1.9969934206119915,
    "height_mean": 0.16660502552986145,
    "height_std": 0.003945360891520977,
    "joint_acceleration_rms": 7.482264995574951,
    "action_rate_rms": 1.12456476688385,
    "torque_saturation_max_pct": 1.8518518518518516,
    "torque_saturation_per_joint_pct": [
      0.0,
      0.0,
      1.8518518518518516,
      0.0,
      1.8518518518518516,
      0.4629629629629629,
      0.0,
      0.4629629629629629,
      0.0,
      0.0,
      0.0,
      0.0
    ],
    "contact_duty": [
      0.5185185185185185,
      0.6527777777777778,
      0.9583333333333334,
      0.7129629629629629
    ],
    "slip_mean": 0.06985942274332047,
    "joint_limit_violation_rad": 0.0
  },
  "forward_left": {
    "command": [
      0.15,
      0.4
    ],
    "survival": true,
    "valid_seconds": 9.0,
    "vx_mean": 0.1521826833486557,
    "vx_std": 0.06053411215543747,
    "yaw_mean": 0.3644912838935852,
    "yaw_std": 0.11064815521240234,
    "roll_rms_deg": 7.742281532718852,
    "pitch_rms_deg": 1.7936480168501339,
    "height_mean": 0.1705097109079361,
    "height_std": 0.0015148163074627519,
    "joint_acceleration_rms": 9.593391418457031,
    "action_rate_rms": 1.5730258226394653,
    "torque_saturation_max_pct": 11.11111111111111,
    "torque_saturation_per_joint_pct": [
      0.0,
      6.018518518518518,
      11.11111111111111,
      0.0,
      5.092592592592593,
      5.092592592592593,
      0.0,
      3.7037037037037033,
      2.314814814814815,
      0.0,
      3.2407407407407405,
      3.7037037037037033
    ],
    "contact_duty": [
      0.5972222222222222,
      0.4861111111111111,
      0.8703703703703703,
      0.6018518518518519
    ],
    "slip_mean": 0.13702555000782013,
    "joint_limit_violation_rad": 0.0
  },
  "forward_right": {
    "command": [
      0.15,
      -0.4
    ],
    "survival": true,
    "valid_seconds": 9.0,
    "vx_mean": 0.13538379967212677,
    "vx_std": 0.04636750742793083,
    "yaw_mean": -0.3910413980484009,
    "yaw_std": 0.134202241897583,
    "roll_rms_deg": 4.970154916081267,
    "pitch_rms_deg": 1.880626207062015,
    "height_mean": 0.17159216105937958,
    "height_std": 0.0014512446941807866,
    "joint_acceleration_rms": 10.22036361694336,
    "action_rate_rms": 1.4109336137771606,
    "torque_saturation_max_pct": 8.796296296296296,
    "torque_saturation_per_joint_pct": [
      0.0,
      7.87037037037037,
      8.796296296296296,
      0.0,
      3.2407407407407405,
      3.7037037037037033,
      0.0,
      8.796296296296296,
      4.62962962962963,
      0.0,
      0.0,
      0.4629629629629629
    ],
    "contact_duty": [
      0.49074074074074076,
      0.5416666666666666,
      0.8240740740740741,
      0.7268518518518519
    ],
    "slip_mean": 0.1203387975692749,
    "joint_limit_violation_rad": 0.0
  },
  "backward_left": {
    "command": [
      -0.15,
      0.4
    ],
    "survival": true,
    "valid_seconds": 9.0,
    "vx_mean": -0.14939098060131073,
    "vx_std": 0.11844458431005478,
    "yaw_mean": 0.137348011136055,
    "yaw_std": 0.39337700605392456,
    "roll_rms_deg": 9.685414856300474,
    "pitch_rms_deg": 2.0403104803282126,
    "height_mean": 0.16940195858478546,
    "height_std": 0.002346723573282361,
    "joint_acceleration_rms": 11.268211364746094,
    "action_rate_rms": 1.2070714235305786,
    "torque_saturation_max_pct": 14.351851851851851,
    "torque_saturation_per_joint_pct": [
      0.0,
      12.5,
      14.351851851851851,
      0.0,
      3.7037037037037033,
      0.4629629629629629,
      0.0,
      6.481481481481481,
      9.25925925925926,
      0.0,
      0.0,
      4.62962962962963
    ],
    "contact_duty": [
      0.8287037037037037,
      0.47685185185185186,
      0.6944444444444444,
      0.5648148148148148
    ],
    "slip_mean": 0.13964499533176422,
    "joint_limit_violation_rad": 0.0
  },
  "backward_right": {
    "command": [
      -0.15,
      -0.4
    ],
    "survival": true,
    "valid_seconds": 9.0,
    "vx_mean": -0.17624704539775848,
    "vx_std": 0.08460216224193573,
    "yaw_mean": -0.1683480590581894,
    "yaw_std": 0.3524901568889618,
    "roll_rms_deg": 5.470282711450756,
    "pitch_rms_deg": 1.5327998907961733,
    "height_mean": 0.17003624141216278,
    "height_std": 0.001573276473209262,
    "joint_acceleration_rms": 8.461316108703613,
    "action_rate_rms": 1.1053069829940796,
    "torque_saturation_max_pct": 7.87037037037037,
    "torque_saturation_per_joint_pct": [
      0.0,
      0.4629629629629629,
      0.4629629629629629,
      0.0,
      7.87037037037037,
      1.3888888888888888,
      0.0,
      0.9259259259259258,
      4.62962962962963,
      0.0,
      2.314814814814815,
      7.87037037037037
    ],
    "contact_duty": [
      0.5462962962962963,
      0.625,
      0.7685185185185185,
      0.5648148148148148
    ],
    "slip_mean": 0.11414842307567596,
    "joint_limit_violation_rad": 0.0
  },
  "transitions": {
    "command": "5-second command transitions",
    "survival": true,
    "valid_seconds": 9.0,
    "vx_mean": 0.08823063969612122,
    "vx_std": 0.08724620193243027,
    "yaw_mean": -0.042065709829330444,
    "yaw_std": 0.2334795594215393,
    "roll_rms_deg": 5.006695574367189,
    "pitch_rms_deg": 6.346273682411932,
    "height_mean": 0.1708914041519165,
    "height_std": 0.0018122417386621237,
    "joint_acceleration_rms": 7.779200077056885,
    "action_rate_rms": 1.0138531923294067,
    "torque_saturation_max_pct": 8.333333333333332,
    "torque_saturation_per_joint_pct": [
      0.0,
      6.018518518518518,
      8.333333333333332,
      0.0,
      6.481481481481481,
      3.2407407407407405,
      0.0,
      2.314814814814815,
      2.7777777777777777,
      0.0,
      0.0,
      0.4629629629629629
    ],
    "contact_duty": [
      0.7175925925925926,
      0.3055555555555556,
      0.9212962962962963,
      0.8564814814814815
    ],
    "slip_mean": 0.07129577547311783,
    "joint_limit_violation_rad": 0.0
  }
}
