EXEC ['/pub0/muhammadf/miniconda3/envs/isaaclab/bin/python', '/pub0/muhammadf/Blender/rl/bingo_rl/experiment_loop/turning/worker.py', 'evaluate', '--context', '/pub0/muhammadf/Blender/docs/experiment_loop/turning/loops/loop_0002/A/config.json', '--task', 'Bingo-Turning-Play-v0', '--checkpoint', '/pub0/muhammadf/Blender/docs/experiment_loop/turning/loops/loop_0002/A/policy.pt', '--out_dir', '/pub0/muhammadf/Blender/docs/experiment_loop/turning/loops/loop_0002/A/left', '--duration_s', '60', '--cmd_vx', '.175', '--cmd_yaw', '0.4', '--diagnostics', '--headless', '--kit_args', '--/rtx/verifyDriverVersion/enabled=false --no-window']
Loading user config located at: '/pub0/muhammadf/miniconda3/envs/isaaclab/lib/python3.11/site-packages/isaacsim/kit/data/Kit/Isaac-Sim/5.1/user.config.json'
[Info] [carb] Logging to file: /pub0/muhammadf/miniconda3/envs/isaaclab/lib/python3.11/site-packages/isaacsim/kit/logs/Kit/Isaac-Sim/5.1/kit_20260919_192812.log
2026-09-19T23:28:12Z [173ms] [Warning] [carb.windowing-glfw.plugin] GLFW initialization failed.
2026-09-19T23:28:12Z [173ms] [Warning] [carb] Failed to startup plugin carb.windowing-glfw.plugin (interfaces: [carb::windowing::IGLContext v1.0],[carb::windowing::IWindowing v1.5]) (impl: carb.windowing-glfw.plugin)
2026-09-19T23:28:12Z [239ms] [Warning] [omni.platforminfo.plugin] failed to open the default display.  Can't verify X Server version.
2026-09-19T23:28:12Z [248ms] [Warning] [carb.cudainterop.plugin] CUDA_VISIBLE_DEVICES environment variable is set.
2026-09-19T23:28:12Z [248ms] [Warning] [carb.cudainterop.plugin] Note CUDA device enumeration and Omniverse device enumeration are different.
2026-09-19T23:28:12Z [248ms] [Warning] [carb.cudainterop.plugin] Setting CUDA_VISIBLE_DEVICES can lead to undesired behavior or crashes.
2026-09-19T23:28:12Z [450ms] [Warning] [carb.windowing-glfw.plugin] GLFW initialization failed.
2026-09-19T23:28:12Z [450ms] [Warning] [carb] Failed to startup plugin carb.windowing-glfw.plugin (interfaces: [carb::windowing::IGLContext v1.0],[carb::windowing::IWindowing v1.5]) (impl: carb.windowing-glfw.plugin)
2026-09-19T23:28:12Z [549ms] [Warning] [gpu.foundation.plugin] Skipping NVIDIA GPU due CUDA being in bad state: NVIDIA GeForce RTX 4090
2026-09-19T23:28:12Z [549ms] [Warning] [gpu.foundation.plugin] Please restart your system if CUDA is known to work in your system.
2026-09-19T23:28:12Z [549ms] [Warning] [gpu.foundation.plugin] Skipping NVIDIA GPU due CUDA being in bad state: NVIDIA GeForce RTX 4090
2026-09-19T23:28:12Z [549ms] [Warning] [gpu.foundation.plugin] Please restart your system if CUDA is known to work in your system.

|---------------------------------------------------------------------------------------------|
| Driver Version: 535.32.01     | Graphics API: Vulkan
|=============================================================================================|
| GPU | Name                             | Active | LDA | GPU Memory | Vendor-ID | LUID       |
|     |                                  |        |     |            | Device-ID | UUID       |
|     |                                  |        |     |            | Bus-ID    |            |
|---------------------------------------------------------------------------------------------|
| 0   | NVIDIA GeForce RTX 2080 Ti       | Yes: 0 |     | 11510   MB | 10de      | 0          |
|     |                                  |        |     |            | 1e07      | 5a1fbe3a.. |
|     |                                  |        |     |            | 19        |            |
|---------------------------------------------------------------------------------------------|
| 1   | NVIDIA GeForce RTX 4090          |        |     | 24810   MB | 10de      | 0          |
|     |                                  |        |     |            | 2684      | 6c6e36d2.. |
|     |                                  |        |     |            | 68        |            |
|=============================================================================================|
| OS: 22.04.1 LTS (Jammy Jellyfish) ubuntu, Version: 22.04.1, Kernel: 5.15.0-60-generic
| Processor: Intel(R) Core(TM) i9-9920X CPU @ 3.50GHz
| Cores: 12 | Logical Cores: 24
|---------------------------------------------------------------------------------------------|
| Total Memory (MB): 128497 | Free Memory: 122480
| Total Page/Swap (MB): 2047 | Free Page/Swap: 2017
|---------------------------------------------------------------------------------------------|
2026-09-19T23:28:13Z [1,365ms] [Warning] [gpu.foundation.plugin] CPU performance profile is set to powersave. This profile sets the CPU to the lowest frequency reducing performance.
2026-09-19T23:28:14Z [2,069ms] [Warning] [carb.windowing-glfw.plugin] GLFW initialization failed.
2026-09-19T23:28:14Z [2,069ms] [Warning] [carb] Failed to startup plugin carb.windowing-glfw.plugin (interfaces: [carb::windowing::IGLContext v1.0],[carb::windowing::IWindowing v1.5]) (impl: carb.windowing-glfw.plugin)
2026-09-19T23:28:14Z [2,086ms] [Warning] [carb.windowing-glfw.plugin] GLFW initialization failed.
2026-09-19T23:28:14Z [2,086ms] [Warning] [carb] Failed to startup plugin carb.windowing-glfw.plugin (interfaces: [carb::windowing::IGLContext v1.0],[carb::windowing::IWindowing v1.5]) (impl: carb.windowing-glfw.plugin)
2026-09-19T23:28:14Z [2,097ms] [Warning] [carb.windowing-glfw.plugin] GLFW initialization failed.
2026-09-19T23:28:14Z [2,097ms] [Warning] [carb] Failed to startup plugin carb.windowing-glfw.plugin (interfaces: [carb::windowing::IGLContext v1.0],[carb::windowing::IWindowing v1.5]) (impl: carb.windowing-glfw.plugin)
2026-09-19T23:28:14Z [2,110ms] [Warning] [carb.windowing-glfw.plugin] GLFW initialization failed.
2026-09-19T23:28:14Z [2,110ms] [Warning] [carb] Failed to startup plugin carb.windowing-glfw.plugin (interfaces: [carb::windowing::IGLContext v1.0],[carb::windowing::IWindowing v1.5]) (impl: carb.windowing-glfw.plugin)
2026-09-19T23:28:14Z [2,111ms] [Warning] [carb.windowing-glfw.plugin] GLFW initialization failed.
2026-09-19T23:28:14Z [2,111ms] [Warning] [carb] Failed to startup plugin carb.windowing-glfw.plugin (interfaces: [carb::windowing::IGLContext v1.0],[carb::windowing::IWindowing v1.5]) (impl: carb.windowing-glfw.plugin)
2026-09-19T23:28:14Z [2,112ms] [Warning] [carb.windowing-glfw.plugin] GLFW initialization failed.
2026-09-19T23:28:14Z [2,112ms] [Warning] [carb] Failed to startup plugin carb.windowing-glfw.plugin (interfaces: [carb::windowing::IGLContext v1.0],[carb::windowing::IWindowing v1.5]) (impl: carb.windowing-glfw.plugin)
2026-09-19T23:28:14Z [2,389ms] [Warning] [omni.log] Source: omni.hydra was already registered.
2026-09-19T23:28:15Z [2,983ms] [Warning] [carb] Acquiring non optional plugin interface which is not listed as dependency: [omni::physx::IPhysxBenchmarks v1.0] (plugin: <default plugin>), by client: omni.physics.physx.plugin. Add it to CARB_PLUGIN_IMPL_DEPS() macro of a client.
2026-09-19T23:28:15Z [3,023ms] [Warning] [omni.isaac.dynamic_control] omni.isaac.dynamic_control is deprecated as of Isaac Sim 4.5. No action is needed from end-users.
2026-09-19T23:28:17Z [5,229ms] [Warning] [pxr.Semantics] pxr.Semantics is deprecated - please use Semantics instead
2026-09-19T23:28:17Z [5,410ms] [Warning] [omni.graph.core.plugin] Found duplicate of category 'Replicator' - was 'Annotators', adding 'Fabric Reader'
2026-09-19T23:28:17Z [5,410ms] [Warning] [omni.graph.core.plugin] Category 'Replicator' not accepted on node type 'omni.replicator.core.FabricReader' in extension 'omni.replicator.core'
2026-09-19T23:28:17Z [5,410ms] [Warning] [omni.replicator.core.scripts.extension] No material configuration file, adding configuration to material settings directly.
[INFO][AppLauncher]: Using device: cuda:0
[INFO][AppLauncher]: Loading experience file: /pub0/muhammadf/IsaacLab/apps/isaaclab.python.headless.rendering.kit
[INFO]: Parsing configuration from: <class 'env.PlayCfg'>

[36m======================================================================================[0m
[36m[1m[INFO][IsaacLab]: Logging to file: /tmp/isaaclab/logs/isaaclab_2026-09-19_19-28-25.log[0m
[36m======================================================================================[0m

[33m19:28:25 [simulation_context.py] WARNING: The `enable_external_forces_every_iteration` parameter in the PhysxCfg is set to False. If you are experiencing noisy velocities, consider enabling this flag. You may need to slightly increase the number of velocity iterations (setting it to 1 or 2 rather than 0), together with this flag, to improve the accuracy of velocity updates.[0m
2026-09-19T23:28:22Z [10,415ms] [Warning] [omni.fabric.plugin] Warning: attribute viewportHandle not found for bucket id 7

2026-09-19T23:28:25Z [12,962ms] [Warning] [isaaclab.envs.direct_rl_env] Seed not set for the environment. The environment creation may not be deterministic.
[INFO]: Base environment:
	Environment device    : cuda:0
	Environment seed      : None
	Physics step-size     : 0.008333333333333333
	Rendering step-size   : 0.041666666666666664
	Environment step-size : 0.041666666666666664
[INFO]: Time taken for scene creation : 0.629847 seconds
[INFO]: Scene manager:  <class InteractiveScene>
	Number of environments: 1
	Environment spacing   : 3.0
	Source prim name      : /World/envs/env_0
	Global prim paths     : []
	Replicate physics     : True
[INFO]: Starting the simulation. This may take a few seconds. Please wait...
[INFO]: Time taken for simulation start : 1.096609 seconds
[INFO]: Completed setting up the environment...
Motion loaded (/pub0/muhammadf/Blender/docs/experiment_loop/turning/loops/loop_0002/A/reference.npz): duration: 1.125 sec, frames: 136
[33m19:28:27 [math.py] WARNING: The function 'quat_rotate_inverse' will be deprecated in favor of the faster method 'quat_apply_inverse'. Please use 'quat_apply_inverse' instead....[0m
2026-09-19T23:28:27Z [15,549ms] [Warning] [omni.fabric.plugin] getAttributeCount called on non-existent path /World/envs/env_0/Robot/origin/tail_yaw/visuals/tail_yaw
2026-09-19T23:28:27Z [15,549ms] [Warning] [omni.fabric.plugin] getTypes called on non-existent path /World/envs/env_0/Robot/origin/tail_yaw/visuals/tail_yaw
2026-09-19T23:28:29Z [16,767ms] [Warning] [omni.syntheticdata.plugin] OgnSdPostRenderVarToHost : rendervar copy from texture directly to host buffer is counter-performant. Please use copy from texture to device buffer first.
[38;20m[skrl:INFO] Environment wrapper: Isaac Lab (single-agent)[0m
[33;20m[skrl:WARNING] The 'lambda' field in the configuration is deprecated. Use 'gae_lambda' instead[0m
[INFO]: Parsing configuration from: /pub0/muhammadf/Blender/rl/bingo_rl/bingo_rl/track/agents/skrl_ppo_cfg.yaml
[33m19:28:32 [runner.py] WARNING: The 'lambda' field in the configuration is deprecated. Use 'gae_lambda' instead[0m
[33;20m[skrl:WARNING] The 'clip_predicted_values' field in the configuration is deprecated. Use a 'value_clip' value greater than 0 to clip the predicted values instead[0m
[33m19:28:32 [runner.py] WARNING: The 'clip_predicted_values' field in the configuration is deprecated. Use a 'value_clip' value greater than 0 to clip the predicted values instead[0m
[33;20m[skrl:WARNING] The 'state_preprocessor' field in the configuration has been replaced by 'observation_preprocessor'. If the 'state_preprocessor' definition is desired but the `observation_preprocessor` is not, define the last one to None (null) to avoid the automatic replacement[0m
[33m19:28:32 [runner.py] WARNING: The 'state_preprocessor' field in the configuration has been replaced by 'observation_preprocessor'. If the 'state_preprocessor' definition is desired but the `observation_preprocessor` is not, define the last one to None (null) to avoid the automatic replacement[0m
[38;20m[skrl:INFO] Seed: 42[0m
[[ policy loaded: /pub0/muhammadf/Blender/docs/experiment_loop/turning/loops/loop_0002/A/policy.pt
[33m19:28:32 [math.py] WARNING: The function 'quat_rotate_inverse' will be deprecated in favor of the faster method 'quat_apply_inverse'. Please use 'quat_apply_inverse' instead....[0m
[33m19:28:37 [math.py] WARNING: The function 'quat_rotate_inverse' will be deprecated in favor of the faster method 'quat_apply_inverse'. Please use 'quat_apply_inverse' instead....[0m
2026-09-19T23:28:40Z [28,116ms] [Warning] [carb] Client gpu.foundation.plugin has acquired [gpu::unstable::IMemoryBudgetManagerFactory v0.1] 100 times. Consider accessing this interface with carb::getCachedInterface() (Performance warning)
[33m19:28:42 [math.py] WARNING: The function 'quat_rotate_inverse' will be deprecated in favor of the faster method 'quat_apply_inverse'. Please use 'quat_apply_inverse' instead....[0m
[33m19:28:47 [math.py] WARNING: The function 'quat_rotate_inverse' will be deprecated in favor of the faster method 'quat_apply_inverse'. Please use 'quat_apply_inverse' instead....[0m
[33m19:28:52 [math.py] WARNING: The function 'quat_rotate_inverse' will be deprecated in favor of the faster method 'quat_apply_inverse'. Please use 'quat_apply_inverse' instead....[0m
[33m19:28:57 [math.py] WARNING: The function 'quat_rotate_inverse' will be deprecated in favor of the faster method 'quat_apply_inverse'. Please use 'quat_apply_inverse' instead....[0m
[33m19:29:02 [math.py] WARNING: The function 'quat_rotate_inverse' will be deprecated in favor of the faster method 'quat_apply_inverse'. Please use 'quat_apply_inverse' instead....[0m
[33m19:29:07 [math.py] WARNING: The function 'quat_rotate_inverse' will be deprecated in favor of the faster method 'quat_apply_inverse'. Please use 'quat_apply_inverse' instead....[0m
[33m19:29:12 [math.py] WARNING: The function 'quat_rotate_inverse' will be deprecated in favor of the faster method 'quat_apply_inverse'. Please use 'quat_apply_inverse' instead....[0m
[33m19:29:17 [math.py] WARNING: The function 'quat_rotate_inverse' will be deprecated in favor of the faster method 'quat_apply_inverse'. Please use 'quat_apply_inverse' instead....[0m
[33m19:29:22 [math.py] WARNING: The function 'quat_rotate_inverse' will be deprecated in favor of the faster method 'quat_apply_inverse'. Please use 'quat_apply_inverse' instead....[0m
[33m19:29:27 [math.py] WARNING: The function 'quat_rotate_inverse' will be deprecated in favor of the faster method 'quat_apply_inverse'. Please use 'quat_apply_inverse' instead....[0m
[33m19:29:32 [math.py] WARNING: The function 'quat_rotate_inverse' will be deprecated in favor of the faster method 'quat_apply_inverse'. Please use 'quat_apply_inverse' instead....[0m
[33m19:29:37 [math.py] WARNING: The function 'quat_rotate_inverse' will be deprecated in favor of the faster method 'quat_apply_inverse'. Please use 'quat_apply_inverse' instead....[0m
[33m19:29:42 [math.py] WARNING: The function 'quat_rotate_inverse' will be deprecated in favor of the faster method 'quat_apply_inverse'. Please use 'quat_apply_inverse' instead....[0m
[33m19:29:47 [math.py] WARNING: The function 'quat_rotate_inverse' will be deprecated in favor of the faster method 'quat_apply_inverse'. Please use 'quat_apply_inverse' instead....[0m
[33m19:29:52 [math.py] WARNING: The function 'quat_rotate_inverse' will be deprecated in favor of the faster method 'quat_apply_inverse'. Please use 'quat_apply_inverse' instead....[0m
[33m19:29:57 [math.py] WARNING: The function 'quat_rotate_inverse' will be deprecated in favor of the faster method 'quat_apply_inverse'. Please use 'quat_apply_inverse' instead....[0m
[33m19:30:02 [math.py] WARNING: The function 'quat_rotate_inverse' will be deprecated in favor of the faster method 'quat_apply_inverse'. Please use 'quat_apply_inverse' instead....[0m
[33m19:30:07 [math.py] WARNING: The function 'quat_rotate_inverse' will be deprecated in favor of the faster method 'quat_apply_inverse'. Please use 'quat_apply_inverse' instead....[0m
[33m19:30:12 [math.py] WARNING: The function 'quat_rotate_inverse' will be deprecated in favor of the faster method 'quat_apply_inverse'. Please use 'quat_apply_inverse' instead....[0m
[33m19:30:17 [math.py] WARNING: The function 'quat_rotate_inverse' will be deprecated in favor of the faster method 'quat_apply_inverse'. Please use 'quat_apply_inverse' instead....[0m
[33m19:30:23 [math.py] WARNING: The function 'quat_rotate_inverse' will be deprecated in favor of the faster method 'quat_apply_inverse'. Please use 'quat_apply_inverse' instead....[0m
[33m19:30:28 [math.py] WARNING: The function 'quat_rotate_inverse' will be deprecated in favor of the faster method 'quat_apply_inverse'. Please use 'quat_apply_inverse' instead....[0m
[33m19:30:33 [math.py] WARNING: The function 'quat_rotate_inverse' will be deprecated in favor of the faster method 'quat_apply_inverse'. Please use 'quat_apply_inverse' instead....[0m
[[ wrote /pub0/muhammadf/Blender/docs/experiment_loop/turning/loops/loop_0002/A/left/eval.mp4

====================================================================================================
BINGO WALK-REF LOOP EVALUATION
====================================================================================================

task=Bingo-Turning-Play-v0  checkpoint=/pub0/muhammadf/Blender/docs/experiment_loop/turning/loops/loop_0002/A/policy.pt
command: vx=0.175 m/s  vy=0.000  yaw=0.400  (Turning extension accepts yaw; vy remains zero.)
duration=60.0s  settle=1.0s  steps_recorded=1440  num_envs=1
----------------------------------------------------------------------------------------------------
survival: 100.0%   any_fell=False  fall_time_s=[None]
vx: mean=0.104  std=0.051  max=0.282  (cmd=0.175)
base roll RMS: 5.482 deg   base pitch RMS: 2.113 deg
joint accel RMS: 6.901 rad/s^2
residual action-rate RMS: 0.0146 rad/step
reference tracking error (rad): mean=0.0547  rms=0.0697  max=0.2359

torque saturation % per joint:
  fl_SY_J       0.0%
  fl_SP_J       0.3%
  fl_knee       2.2%
  fr_SY_J       0.0%
  fr_SP_J       0.1%
  fr_knee       3.8%
  bl_SY_J       0.0%
  bl_SP_J       0.0%
  bl_knee       2.6%
  br_SY_J       0.0%
  br_SP_J       0.2%
  br_knee       2.8%
====================================================================================================
[[ wrote /pub0/muhammadf/Blender/docs/experiment_loop/turning/loops/loop_0002/A/left/metrics.json
EXEC ['/pub0/muhammadf/miniconda3/envs/isaaclab/bin/python', '/pub0/muhammadf/Blender/rl/bingo_rl/experiment_loop/turning/analyze.py', '/pub0/muhammadf/Blender/docs/experiment_loop/turning/loops/loop_0002/A/left']
EXEC ['/pub0/muhammadf/miniconda3/envs/isaaclab/bin/python', '/pub0/muhammadf/Blender/rl/bingo_rl/experiment_loop/turning/worker.py', 'evaluate', '--context', '/pub0/muhammadf/Blender/docs/experiment_loop/turning/loops/loop_0002/A/config.json', '--task', 'Bingo-Turning-Play-v0', '--checkpoint', '/pub0/muhammadf/Blender/docs/experiment_loop/turning/loops/loop_0002/A/policy.pt', '--out_dir', '/pub0/muhammadf/Blender/docs/experiment_loop/turning/loops/loop_0002/A/right', '--duration_s', '60', '--cmd_vx', '.175', '--cmd_yaw', '-0.4', '--diagnostics', '--headless', '--kit_args', '--/rtx/verifyDriverVersion/enabled=false --no-window']
Loading user config located at: '/pub0/muhammadf/miniconda3/envs/isaaclab/lib/python3.11/site-packages/isaacsim/kit/data/Kit/Isaac-Sim/5.1/user.config.json'
[Info] [carb] Logging to file: /pub0/muhammadf/miniconda3/envs/isaaclab/lib/python3.11/site-packages/isaacsim/kit/logs/Kit/Isaac-Sim/5.1/kit_20260919_193103.log
2026-09-19T23:31:04Z [175ms] [Warning] [carb.windowing-glfw.plugin] GLFW initialization failed.
2026-09-19T23:31:04Z [175ms] [Warning] [carb] Failed to startup plugin carb.windowing-glfw.plugin (interfaces: [carb::windowing::IGLContext v1.0],[carb::windowing::IWindowing v1.5]) (impl: carb.windowing-glfw.plugin)
2026-09-19T23:31:04Z [234ms] [Warning] [omni.platforminfo.plugin] failed to open the default display.  Can't verify X Server version.
2026-09-19T23:31:04Z [243ms] [Warning] [carb.cudainterop.plugin] CUDA_VISIBLE_DEVICES environment variable is set.
2026-09-19T23:31:04Z [244ms] [Warning] [carb.cudainterop.plugin] Note CUDA device enumeration and Omniverse device enumeration are different.
2026-09-19T23:31:04Z [244ms] [Warning] [carb.cudainterop.plugin] Setting CUDA_VISIBLE_DEVICES can lead to undesired behavior or crashes.
2026-09-19T23:31:04Z [454ms] [Warning] [carb.windowing-glfw.plugin] GLFW initialization failed.
2026-09-19T23:31:04Z [454ms] [Warning] [carb] Failed to startup plugin carb.windowing-glfw.plugin (interfaces: [carb::windowing::IGLContext v1.0],[carb::windowing::IWindowing v1.5]) (impl: carb.windowing-glfw.plugin)
2026-09-19T23:31:04Z [534ms] [Warning] [gpu.foundation.plugin] Skipping NVIDIA GPU due CUDA being in bad state: NVIDIA GeForce RTX 4090
2026-09-19T23:31:04Z [534ms] [Warning] [gpu.foundation.plugin] Please restart your system if CUDA is known to work in your system.
2026-09-19T23:31:04Z [534ms] [Warning] [gpu.foundation.plugin] Skipping NVIDIA GPU due CUDA being in bad state: NVIDIA GeForce RTX 4090
2026-09-19T23:31:04Z [534ms] [Warning] [gpu.foundation.plugin] Please restart your system if CUDA is known to work in your system.

|---------------------------------------------------------------------------------------------|
| Driver Version: 535.32.01     | Graphics API: Vulkan
|=============================================================================================|
| GPU | Name                             | Active | LDA | GPU Memory | Vendor-ID | LUID       |
|     |                                  |        |     |            | Device-ID | UUID       |
|     |                                  |        |     |            | Bus-ID    |            |
|---------------------------------------------------------------------------------------------|
| 0   | NVIDIA GeForce RTX 2080 Ti       | Yes: 0 |     | 11510   MB | 10de      | 0          |
|     |                                  |        |     |            | 1e07      | 5a1fbe3a.. |
|     |                                  |        |     |            | 19        |            |
|---------------------------------------------------------------------------------------------|
| 1   | NVIDIA GeForce RTX 4090          |        |     | 24810   MB | 10de      | 0          |
|     |                                  |        |     |            | 2684      | 6c6e36d2.. |
|     |                                  |        |     |            | 68        |            |
|=============================================================================================|
| OS: 22.04.1 LTS (Jammy Jellyfish) ubuntu, Version: 22.04.1, Kernel: 5.15.0-60-generic
| Processor: Intel(R) Core(TM) i9-9920X CPU @ 3.50GHz
| Cores: 12 | Logical Cores: 24
|---------------------------------------------------------------------------------------------|
| Total Memory (MB): 128497 | Free Memory: 122503
| Total Page/Swap (MB): 2047 | Free Page/Swap: 2017
|---------------------------------------------------------------------------------------------|
2026-09-19T23:31:05Z [1,574ms] [Warning] [gpu.foundation.plugin] CPU performance profile is set to powersave. This profile sets the CPU to the lowest frequency reducing performance.
2026-09-19T23:31:06Z [2,293ms] [Warning] [carb.windowing-glfw.plugin] GLFW initialization failed.
2026-09-19T23:31:06Z [2,293ms] [Warning] [carb] Failed to startup plugin carb.windowing-glfw.plugin (interfaces: [carb::windowing::IGLContext v1.0],[carb::windowing::IWindowing v1.5]) (impl: carb.windowing-glfw.plugin)
2026-09-19T23:31:06Z [2,305ms] [Warning] [carb.windowing-glfw.plugin] GLFW initialization failed.
2026-09-19T23:31:06Z [2,305ms] [Warning] [carb] Failed to startup plugin carb.windowing-glfw.plugin (interfaces: [carb::windowing::IGLContext v1.0],[carb::windowing::IWindowing v1.5]) (impl: carb.windowing-glfw.plugin)
2026-09-19T23:31:06Z [2,311ms] [Warning] [carb.windowing-glfw.plugin] GLFW initialization failed.
2026-09-19T23:31:06Z [2,311ms] [Warning] [carb] Failed to startup plugin carb.windowing-glfw.plugin (interfaces: [carb::windowing::IGLContext v1.0],[carb::windowing::IWindowing v1.5]) (impl: carb.windowing-glfw.plugin)
2026-09-19T23:31:06Z [2,320ms] [Warning] [carb.windowing-glfw.plugin] GLFW initialization failed.
2026-09-19T23:31:06Z [2,320ms] [Warning] [carb] Failed to startup plugin carb.windowing-glfw.plugin (interfaces: [carb::windowing::IGLContext v1.0],[carb::windowing::IWindowing v1.5]) (impl: carb.windowing-glfw.plugin)
2026-09-19T23:31:06Z [2,321ms] [Warning] [carb.windowing-glfw.plugin] GLFW initialization failed.
2026-09-19T23:31:06Z [2,321ms] [Warning] [carb] Failed to startup plugin carb.windowing-glfw.plugin (interfaces: [carb::windowing::IGLContext v1.0],[carb::windowing::IWindowing v1.5]) (impl: carb.windowing-glfw.plugin)
2026-09-19T23:31:06Z [2,322ms] [Warning] [carb.windowing-glfw.plugin] GLFW initialization failed.
2026-09-19T23:31:06Z [2,322ms] [Warning] [carb] Failed to startup plugin carb.windowing-glfw.plugin (interfaces: [carb::windowing::IGLContext v1.0],[carb::windowing::IWindowing v1.5]) (impl: carb.windowing-glfw.plugin)
2026-09-19T23:31:06Z [2,633ms] [Warning] [omni.log] Source: omni.hydra was already registered.
2026-09-19T23:31:07Z [3,177ms] [Warning] [carb] Acquiring non optional plugin interface which is not listed as dependency: [omni::physx::IPhysxBenchmarks v1.0] (plugin: <default plugin>), by client: omni.physics.physx.plugin. Add it to CARB_PLUGIN_IMPL_DEPS() macro of a client.
2026-09-19T23:31:07Z [3,236ms] [Warning] [omni.isaac.dynamic_control] omni.isaac.dynamic_control is deprecated as of Isaac Sim 4.5. No action is needed from end-users.
2026-09-19T23:31:09Z [5,769ms] [Warning] [pxr.Semantics] pxr.Semantics is deprecated - please use Semantics instead
2026-09-19T23:31:09Z [6,116ms] [Warning] [omni.graph.core.plugin] Found duplicate of category 'Replicator' - was 'Annotators', adding 'Fabric Reader'
2026-09-19T23:31:09Z [6,116ms] [Warning] [omni.graph.core.plugin] Category 'Replicator' not accepted on node type 'omni.replicator.core.FabricReader' in extension 'omni.replicator.core'
2026-09-19T23:31:09Z [6,117ms] [Warning] [omni.replicator.core.scripts.extension] No material configuration file, adding configuration to material settings directly.
[INFO][AppLauncher]: Using device: cuda:0
[INFO][AppLauncher]: Loading experience file: /pub0/muhammadf/IsaacLab/apps/isaaclab.python.headless.rendering.kit
[INFO]: Parsing configuration from: <class 'env.PlayCfg'>

[36m======================================================================================[0m
[36m[1m[INFO][IsaacLab]: Logging to file: /tmp/isaaclab/logs/isaaclab_2026-09-19_19-31-17.log[0m
[36m======================================================================================[0m

[33m19:31:17 [simulation_context.py] WARNING: The `enable_external_forces_every_iteration` parameter in the PhysxCfg is set to False. If you are experiencing noisy velocities, consider enabling this flag. You may need to slightly increase the number of velocity iterations (setting it to 1 or 2 rather than 0), together with this flag, to improve the accuracy of velocity updates.[0m
2026-09-19T23:31:14Z [11,034ms] [Warning] [omni.fabric.plugin] Warning: attribute viewPickingId not found for bucket id 7

2026-09-19T23:31:17Z [13,549ms] [Warning] [isaaclab.envs.direct_rl_env] Seed not set for the environment. The environment creation may not be deterministic.
[INFO]: Base environment:
	Environment device    : cuda:0
	Environment seed      : None
	Physics step-size     : 0.008333333333333333
	Rendering step-size   : 0.041666666666666664
	Environment step-size : 0.041666666666666664
[INFO]: Time taken for scene creation : 0.609335 seconds
[INFO]: Scene manager:  <class InteractiveScene>
	Number of environments: 1
	Environment spacing   : 3.0
	Source prim name      : /World/envs/env_0
	Global prim paths     : []
	Replicate physics     : True
[INFO]: Starting the simulation. This may take a few seconds. Please wait...
[INFO]: Time taken for simulation start : 1.115662 seconds
[INFO]: Completed setting up the environment...
Motion loaded (/pub0/muhammadf/Blender/docs/experiment_loop/turning/loops/loop_0002/A/reference.npz): duration: 1.125 sec, frames: 136
[33m19:31:19 [math.py] WARNING: The function 'quat_rotate_inverse' will be deprecated in favor of the faster method 'quat_apply_inverse'. Please use 'quat_apply_inverse' instead....[0m
2026-09-19T23:31:19Z [16,132ms] [Warning] [omni.fabric.plugin] getAttributeCount called on non-existent path /World/envs/env_0/Robot/origin/tail_yaw/visuals/tail_yaw
2026-09-19T23:31:19Z [16,132ms] [Warning] [omni.fabric.plugin] getTypes called on non-existent path /World/envs/env_0/Robot/origin/tail_yaw/visuals/tail_yaw
2026-09-19T23:31:21Z [17,389ms] [Warning] [omni.syntheticdata.plugin] OgnSdPostRenderVarToHost : rendervar copy from texture directly to host buffer is counter-performant. Please use copy from texture to device buffer first.
[38;20m[skrl:INFO] Environment wrapper: Isaac Lab (single-agent)[0m
[33;20m[skrl:WARNING] The 'lambda' field in the configuration is deprecated. Use 'gae_lambda' instead[0m
[INFO]: Parsing configuration from: /pub0/muhammadf/Blender/rl/bingo_rl/bingo_rl/track/agents/skrl_ppo_cfg.yaml
[33m19:31:24 [runner.py] WARNING: The 'lambda' field in the configuration is deprecated. Use 'gae_lambda' instead[0m
[33;20m[skrl:WARNING] The 'clip_predicted_values' field in the configuration is deprecated. Use a 'value_clip' value greater than 0 to clip the predicted values instead[0m
[33m19:31:24 [runner.py] WARNING: The 'clip_predicted_values' field in the configuration is deprecated. Use a 'value_clip' value greater than 0 to clip the predicted values instead[0m
[33;20m[skrl:WARNING] The 'state_preprocessor' field in the configuration has been replaced by 'observation_preprocessor'. If the 'state_preprocessor' definition is desired but the `observation_preprocessor` is not, define the last one to None (null) to avoid the automatic replacement[0m
[33m19:31:24 [runner.py] WARNING: The 'state_preprocessor' field in the configuration has been replaced by 'observation_preprocessor'. If the 'state_preprocessor' definition is desired but the `observation_preprocessor` is not, define the last one to None (null) to avoid the automatic replacement[0m
[38;20m[skrl:INFO] Seed: 42[0m
[[ policy loaded: /pub0/muhammadf/Blender/docs/experiment_loop/turning/loops/loop_0002/A/policy.pt
[33m19:31:24 [math.py] WARNING: The function 'quat_rotate_inverse' will be deprecated in favor of the faster method 'quat_apply_inverse'. Please use 'quat_apply_inverse' instead....[0m
[33m19:31:29 [math.py] WARNING: The function 'quat_rotate_inverse' will be deprecated in favor of the faster method 'quat_apply_inverse'. Please use 'quat_apply_inverse' instead....[0m
2026-09-19T23:31:32Z [28,321ms] [Warning] [carb] Client gpu.foundation.plugin has acquired [gpu::unstable::IMemoryBudgetManagerFactory v0.1] 100 times. Consider accessing this interface with carb::getCachedInterface() (Performance warning)
[33m19:31:34 [math.py] WARNING: The function 'quat_rotate_inverse' will be deprecated in favor of the faster method 'quat_apply_inverse'. Please use 'quat_apply_inverse' instead....[0m
[33m19:31:39 [math.py] WARNING: The function 'quat_rotate_inverse' will be deprecated in favor of the faster method 'quat_apply_inverse'. Please use 'quat_apply_inverse' instead....[0m
[33m19:31:44 [math.py] WARNING: The function 'quat_rotate_inverse' will be deprecated in favor of the faster method 'quat_apply_inverse'. Please use 'quat_apply_inverse' instead....[0m
[33m19:31:49 [math.py] WARNING: The function 'quat_rotate_inverse' will be deprecated in favor of the faster method 'quat_apply_inverse'. Please use 'quat_apply_inverse' instead....[0m
[33m19:31:54 [math.py] WARNING: The function 'quat_rotate_inverse' will be deprecated in favor of the faster method 'quat_apply_inverse'. Please use 'quat_apply_inverse' instead....[0m
[33m19:31:59 [math.py] WARNING: The function 'quat_rotate_inverse' will be deprecated in favor of the faster method 'quat_apply_inverse'. Please use 'quat_apply_inverse' instead....[0m
[33m19:32:04 [math.py] WARNING: The function 'quat_rotate_inverse' will be deprecated in favor of the faster method 'quat_apply_inverse'. Please use 'quat_apply_inverse' instead....[0m
[33m19:32:09 [math.py] WARNING: The function 'quat_rotate_inverse' will be deprecated in favor of the faster method 'quat_apply_inverse'. Please use 'quat_apply_inverse' instead....[0m
[33m19:32:14 [math.py] WARNING: The function 'quat_rotate_inverse' will be deprecated in favor of the faster method 'quat_apply_inverse'. Please use 'quat_apply_inverse' instead....[0m
[33m19:32:19 [math.py] WARNING: The function 'quat_rotate_inverse' will be deprecated in favor of the faster method 'quat_apply_inverse'. Please use 'quat_apply_inverse' instead....[0m
[33m19:32:24 [math.py] WARNING: The function 'quat_rotate_inverse' will be deprecated in favor of the faster method 'quat_apply_inverse'. Please use 'quat_apply_inverse' instead....[0m
[33m19:32:29 [math.py] WARNING: The function 'quat_rotate_inverse' will be deprecated in favor of the faster method 'quat_apply_inverse'. Please use 'quat_apply_inverse' instead....[0m
[33m19:32:34 [math.py] WARNING: The function 'quat_rotate_inverse' will be deprecated in favor of the faster method 'quat_apply_inverse'. Please use 'quat_apply_inverse' instead....[0m
[33m19:32:39 [math.py] WARNING: The function 'quat_rotate_inverse' will be deprecated in favor of the faster method 'quat_apply_inverse'. Please use 'quat_apply_inverse' instead....[0m
[33m19:32:44 [math.py] WARNING: The function 'quat_rotate_inverse' will be deprecated in favor of the faster method 'quat_apply_inverse'. Please use 'quat_apply_inverse' instead....[0m
[33m19:32:49 [math.py] WARNING: The function 'quat_rotate_inverse' will be deprecated in favor of the faster method 'quat_apply_inverse'. Please use 'quat_apply_inverse' instead....[0m
[33m19:32:54 [math.py] WARNING: The function 'quat_rotate_inverse' will be deprecated in favor of the faster method 'quat_apply_inverse'. Please use 'quat_apply_inverse' instead....[0m
[33m19:32:59 [math.py] WARNING: The function 'quat_rotate_inverse' will be deprecated in favor of the faster method 'quat_apply_inverse'. Please use 'quat_apply_inverse' instead....[0m
[33m19:33:04 [math.py] WARNING: The function 'quat_rotate_inverse' will be deprecated in favor of the faster method 'quat_apply_inverse'. Please use 'quat_apply_inverse' instead....[0m
[33m19:33:09 [math.py] WARNING: The function 'quat_rotate_inverse' will be deprecated in favor of the faster method 'quat_apply_inverse'. Please use 'quat_apply_inverse' instead....[0m
[33m19:33:14 [math.py] WARNING: The function 'quat_rotate_inverse' will be deprecated in favor of the faster method 'quat_apply_inverse'. Please use 'quat_apply_inverse' instead....[0m
[33m19:33:19 [math.py] WARNING: The function 'quat_rotate_inverse' will be deprecated in favor of the faster method 'quat_apply_inverse'. Please use 'quat_apply_inverse' instead....[0m
[33m19:33:24 [math.py] WARNING: The function 'quat_rotate_inverse' will be deprecated in favor of the faster method 'quat_apply_inverse'. Please use 'quat_apply_inverse' instead....[0m
[[ wrote /pub0/muhammadf/Blender/docs/experiment_loop/turning/loops/loop_0002/A/right/eval.mp4

====================================================================================================
BINGO WALK-REF LOOP EVALUATION
====================================================================================================

task=Bingo-Turning-Play-v0  checkpoint=/pub0/muhammadf/Blender/docs/experiment_loop/turning/loops/loop_0002/A/policy.pt
command: vx=0.175 m/s  vy=0.000  yaw=-0.400  (Turning extension accepts yaw; vy remains zero.)
duration=60.0s  settle=1.0s  steps_recorded=1440  num_envs=1
----------------------------------------------------------------------------------------------------
survival: 100.0%   any_fell=False  fall_time_s=[None]
vx: mean=0.111  std=0.047  max=0.261  (cmd=0.175)
base roll RMS: 4.261 deg   base pitch RMS: 2.260 deg
joint accel RMS: 7.043 rad/s^2
residual action-rate RMS: 0.0145 rad/step
reference tracking error (rad): mean=0.0544  rms=0.0666  max=0.2057

torque saturation % per joint:
  fl_SY_J       0.0%
  fl_SP_J       0.6%
  fl_knee       6.9%
  fr_SY_J       0.0%
  fr_SP_J       0.5%
  fr_knee       4.3%
  bl_SY_J       0.0%
  bl_SP_J       0.4%
  bl_knee       5.3%
  br_SY_J       0.0%
  br_SP_J       0.0%
  br_knee       0.4%
====================================================================================================
[[ wrote /pub0/muhammadf/Blender/docs/experiment_loop/turning/loops/loop_0002/A/right/metrics.json
EXEC ['/pub0/muhammadf/miniconda3/envs/isaaclab/bin/python', '/pub0/muhammadf/Blender/rl/bingo_rl/experiment_loop/turning/analyze.py', '/pub0/muhammadf/Blender/docs/experiment_loop/turning/loops/loop_0002/A/right']
EXEC ['/pub0/muhammadf/miniconda3/envs/isaaclab/bin/python', '/pub0/muhammadf/Blender/rl/bingo_rl/experiment_loop/turning/worker.py', 'evaluate', '--context', '/pub0/muhammadf/Blender/docs/experiment_loop/turning/loops/loop_0002/A/config.json', '--task', 'Bingo-Turning-Play-v0', '--checkpoint', '/pub0/muhammadf/Blender/docs/experiment_loop/turning/loops/loop_0002/A/policy.pt', '--out_dir', '/pub0/muhammadf/Blender/docs/experiment_loop/turning/loops/loop_0002/A/left_max', '--duration_s', '30', '--cmd_vx', '.175', '--cmd_yaw', '0.6', '--diagnostics', '--headless', '--kit_args', '--/rtx/verifyDriverVersion/enabled=false --no-window', '--no_video']
Loading user config located at: '/pub0/muhammadf/miniconda3/envs/isaaclab/lib/python3.11/site-packages/isaacsim/kit/data/Kit/Isaac-Sim/5.1/user.config.json'
[Info] [carb] Logging to file: /pub0/muhammadf/miniconda3/envs/isaaclab/lib/python3.11/site-packages/isaacsim/kit/logs/Kit/Isaac-Sim/5.1/kit_20260919_193355.log
2026-09-19T23:33:55Z [172ms] [Warning] [omni.usd_config.extension] Enable omni.materialx.libs extension to use MaterialX
2026-09-19T23:33:55Z [467ms] [Warning] [omni.platforminfo.plugin] failed to open the default display.  Can't verify X Server version.
2026-09-19T23:33:56Z [626ms] [Warning] [carb] Acquiring non optional plugin interface which is not listed as dependency: [omni::physx::IPhysxBenchmarks v1.0] (plugin: <default plugin>), by client: omni.physics.physx.plugin. Add it to CARB_PLUGIN_IMPL_DEPS() macro of a client.
2026-09-19T23:33:56Z [635ms] [Warning] [omni.isaac.dynamic_control] omni.isaac.dynamic_control is deprecated as of Isaac Sim 4.5. No action is needed from end-users.
2026-09-19T23:33:59Z [3,644ms] [Warning] [carb.cudainterop.plugin] CUDA_VISIBLE_DEVICES environment variable is set.
2026-09-19T23:33:59Z [3,644ms] [Warning] [carb.cudainterop.plugin] Note CUDA device enumeration and Omniverse device enumeration are different.
2026-09-19T23:33:59Z [3,644ms] [Warning] [carb.cudainterop.plugin] Setting CUDA_VISIBLE_DEVICES can lead to undesired behavior or crashes.
2026-09-19T23:33:59Z [3,915ms] [Warning] [gpu.foundation.plugin] Skipping NVIDIA GPU due CUDA being in bad state: NVIDIA GeForce RTX 4090
2026-09-19T23:33:59Z [3,915ms] [Warning] [gpu.foundation.plugin] Please restart your system if CUDA is known to work in your system.
2026-09-19T23:33:59Z [3,915ms] [Warning] [gpu.foundation.plugin] Skipping NVIDIA GPU due CUDA being in bad state: NVIDIA GeForce RTX 4090
2026-09-19T23:33:59Z [3,915ms] [Warning] [gpu.foundation.plugin] Please restart your system if CUDA is known to work in your system.

|---------------------------------------------------------------------------------------------|
| Driver Version: 535.32.01     | Graphics API: Vulkan
|=============================================================================================|
| GPU | Name                             | Active | LDA | GPU Memory | Vendor-ID | LUID       |
|     |                                  |        |     |            | Device-ID | UUID       |
|     |                                  |        |     |            | Bus-ID    |            |
|---------------------------------------------------------------------------------------------|
| 0   | NVIDIA GeForce RTX 2080 Ti       | Yes: 0 |     | 11510   MB | 10de      | 0          |
|     |                                  |        |     |            | 1e07      | 5a1fbe3a.. |
|     |                                  |        |     |            | 19        |            |
|---------------------------------------------------------------------------------------------|
| 1   | NVIDIA GeForce RTX 4090          |        |     | 24810   MB | 10de      | 0          |
|     |                                  |        |     |            | 2684      | 6c6e36d2.. |
|     |                                  |        |     |            | 68        |            |
|=============================================================================================|
| OS: 22.04.1 LTS (Jammy Jellyfish) ubuntu, Version: 22.04.1, Kernel: 5.15.0-60-generic
| Processor: Intel(R) Core(TM) i9-9920X CPU @ 3.50GHz
| Cores: 12 | Logical Cores: 24
|---------------------------------------------------------------------------------------------|
| Total Memory (MB): 128497 | Free Memory: 122069
| Total Page/Swap (MB): 2047 | Free Page/Swap: 2017
|---------------------------------------------------------------------------------------------|
2026-09-19T23:34:00Z [4,770ms] [Warning] [gpu.foundation.plugin] CPU performance profile is set to powersave. This profile sets the CPU to the lowest frequency reducing performance.
2026-09-19T23:34:02Z [7,070ms] [Warning] [isaaclab.envs.direct_rl_env] Seed not set for the environment. The environment creation may not be deterministic.
[INFO][AppLauncher]: Using device: cuda:0
[INFO][AppLauncher]: Loading experience file: /pub0/muhammadf/IsaacLab/apps/isaaclab.python.headless.kit
[INFO]: Parsing configuration from: <class 'env.PlayCfg'>

[36m======================================================================================[0m
[36m[1m[INFO][IsaacLab]: Logging to file: /tmp/isaaclab/logs/isaaclab_2026-09-19_19-34-02.log[0m
[36m======================================================================================[0m

[33m19:34:02 [simulation_context.py] WARNING: The `enable_external_forces_every_iteration` parameter in the PhysxCfg is set to False. If you are experiencing noisy velocities, consider enabling this flag. You may need to slightly increase the number of velocity iterations (setting it to 1 or 2 rather than 0), together with this flag, to improve the accuracy of velocity updates.[0m
[38;20m[skrl:INFO] Environment wrapper: Isaac Lab (single-agent)[0m
[33;20m[skrl:WARNING] The 'lambda' field in the configuration is deprecated. Use 'gae_lambda' instead[0m
[INFO]: Base environment:
	Environment device    : cuda:0
	Environment seed      : None
	Physics step-size     : 0.008333333333333333
	Rendering step-size   : 0.041666666666666664
	Environment step-size : 0.041666666666666664
[INFO]: Time taken for scene creation : 0.547775 seconds
[INFO]: Scene manager:  <class InteractiveScene>
	Number of environments: 1
	Environment spacing   : 3.0
	Source prim name      : /World/envs/env_0
	Global prim paths     : []
	Replicate physics     : True
[INFO]: Starting the simulation. This may take a few seconds. Please wait...
[INFO]: Time taken for simulation start : 0.853562 seconds
[INFO]: Completed setting up the environment...
Motion loaded (/pub0/muhammadf/Blender/docs/experiment_loop/turning/loops/loop_0002/A/reference.npz): duration: 1.125 sec, frames: 136
[INFO]: Parsing configuration from: /pub0/muhammadf/Blender/rl/bingo_rl/bingo_rl/track/agents/skrl_ppo_cfg.yaml
[33m19:34:04 [runner.py] WARNING: The 'lambda' field in the configuration is deprecated. Use 'gae_lambda' instead[0m
[33;20m[skrl:WARNING] The 'clip_predicted_values' field in the configuration is deprecated. Use a 'value_clip' value greater than 0 to clip the predicted values instead[0m
[33m19:34:04 [runner.py] WARNING: The 'clip_predicted_values' field in the configuration is deprecated. Use a 'value_clip' value greater than 0 to clip the predicted values instead[0m
[33;20m[skrl:WARNING] The 'state_preprocessor' field in the configuration has been replaced by 'observation_preprocessor'. If the 'state_preprocessor' definition is desired but the `observation_preprocessor` is not, define the last one to None (null) to avoid the automatic replacement[0m
[33m19:34:04 [runner.py] WARNING: The 'state_preprocessor' field in the configuration has been replaced by 'observation_preprocessor'. If the 'state_preprocessor' definition is desired but the `observation_preprocessor` is not, define the last one to None (null) to avoid the automatic replacement[0m
[38;20m[skrl:INFO] Seed: 42[0m
[[ policy loaded: /pub0/muhammadf/Blender/docs/experiment_loop/turning/loops/loop_0002/A/policy.pt
[33m19:34:04 [math.py] WARNING: The function 'quat_rotate_inverse' will be deprecated in favor of the faster method 'quat_apply_inverse'. Please use 'quat_apply_inverse' instead....[0m
[33m19:34:09 [math.py] WARNING: The function 'quat_rotate_inverse' will be deprecated in favor of the faster method 'quat_apply_inverse'. Please use 'quat_apply_inverse' instead....[0m
[33m19:34:14 [math.py] WARNING: The function 'quat_rotate_inverse' will be deprecated in favor of the faster method 'quat_apply_inverse'. Please use 'quat_apply_inverse' instead....[0m
[33m19:34:19 [math.py] WARNING: The function 'quat_rotate_inverse' will be deprecated in favor of the faster method 'quat_apply_inverse'. Please use 'quat_apply_inverse' instead....[0m
[33m19:34:24 [math.py] WARNING: The function 'quat_rotate_inverse' will be deprecated in favor of the faster method 'quat_apply_inverse'. Please use 'quat_apply_inverse' instead....[0m
[33m19:34:29 [math.py] WARNING: The function 'quat_rotate_inverse' will be deprecated in favor of the faster method 'quat_apply_inverse'. Please use 'quat_apply_inverse' instead....[0m

====================================================================================================
BINGO WALK-REF LOOP EVALUATION
====================================================================================================

task=Bingo-Turning-Play-v0  checkpoint=/pub0/muhammadf/Blender/docs/experiment_loop/turning/loops/loop_0002/A/policy.pt
command: vx=0.175 m/s  vy=0.000  yaw=0.600  (Turning extension accepts yaw; vy remains zero.)
duration=30.0s  settle=1.0s  steps_recorded=720  num_envs=1
----------------------------------------------------------------------------------------------------
survival: 100.0%   any_fell=False  fall_time_s=[None]
vx: mean=0.100  std=0.058  max=0.255  (cmd=0.175)
base roll RMS: 5.936 deg   base pitch RMS: 2.142 deg
joint accel RMS: 7.576 rad/s^2
residual action-rate RMS: 0.0153 rad/step
reference tracking error (rad): mean=0.0571  rms=0.0727  max=0.2414

torque saturation % per joint:
  fl_SY_J       0.0%
  fl_SP_J       1.4%
  fl_knee       1.8%
  fr_SY_J       0.0%
  fr_SP_J       0.6%
  fr_knee       4.6%
  bl_SY_J       0.0%
  bl_SP_J       0.0%
  bl_knee       2.2%
  br_SY_J       0.0%
  br_SP_J       0.7%
  br_knee       5.7%
====================================================================================================
[[ wrote /pub0/muhammadf/Blender/docs/experiment_loop/turning/loops/loop_0002/A/left_max/metrics.json
EXEC ['/pub0/muhammadf/miniconda3/envs/isaaclab/bin/python', '/pub0/muhammadf/Blender/rl/bingo_rl/experiment_loop/turning/analyze.py', '/pub0/muhammadf/Blender/docs/experiment_loop/turning/loops/loop_0002/A/left_max']
EXEC ['/pub0/muhammadf/miniconda3/envs/isaaclab/bin/python', '/pub0/muhammadf/Blender/rl/bingo_rl/experiment_loop/turning/worker.py', 'evaluate', '--context', '/pub0/muhammadf/Blender/docs/experiment_loop/turning/loops/loop_0002/A/config.json', '--task', 'Bingo-Turning-Play-v0', '--checkpoint', '/pub0/muhammadf/Blender/docs/experiment_loop/turning/loops/loop_0002/A/policy.pt', '--out_dir', '/pub0/muhammadf/Blender/docs/experiment_loop/turning/loops/loop_0002/A/right_max', '--duration_s', '30', '--cmd_vx', '.175', '--cmd_yaw', '-0.6', '--diagnostics', '--headless', '--kit_args', '--/rtx/verifyDriverVersion/enabled=false --no-window', '--no_video']
Loading user config located at: '/pub0/muhammadf/miniconda3/envs/isaaclab/lib/python3.11/site-packages/isaacsim/kit/data/Kit/Isaac-Sim/5.1/user.config.json'
[Info] [carb] Logging to file: /pub0/muhammadf/miniconda3/envs/isaaclab/lib/python3.11/site-packages/isaacsim/kit/logs/Kit/Isaac-Sim/5.1/kit_20260919_193432.log
2026-09-19T23:34:32Z [146ms] [Warning] [omni.usd_config.extension] Enable omni.materialx.libs extension to use MaterialX
2026-09-19T23:34:32Z [421ms] [Warning] [omni.platforminfo.plugin] failed to open the default display.  Can't verify X Server version.
2026-09-19T23:34:32Z [683ms] [Warning] [carb] Acquiring non optional plugin interface which is not listed as dependency: [omni::physx::IPhysxBenchmarks v1.0] (plugin: <default plugin>), by client: omni.physics.physx.plugin. Add it to CARB_PLUGIN_IMPL_DEPS() macro of a client.
2026-09-19T23:34:32Z [697ms] [Warning] [omni.isaac.dynamic_control] omni.isaac.dynamic_control is deprecated as of Isaac Sim 4.5. No action is needed from end-users.
2026-09-19T23:34:35Z [3,478ms] [Warning] [carb.cudainterop.plugin] CUDA_VISIBLE_DEVICES environment variable is set.
2026-09-19T23:34:35Z [3,478ms] [Warning] [carb.cudainterop.plugin] Note CUDA device enumeration and Omniverse device enumeration are different.
2026-09-19T23:34:35Z [3,478ms] [Warning] [carb.cudainterop.plugin] Setting CUDA_VISIBLE_DEVICES can lead to undesired behavior or crashes.
2026-09-19T23:34:35Z [3,742ms] [Warning] [gpu.foundation.plugin] Skipping NVIDIA GPU due CUDA being in bad state: NVIDIA GeForce RTX 4090
2026-09-19T23:34:35Z [3,742ms] [Warning] [gpu.foundation.plugin] Please restart your system if CUDA is known to work in your system.
2026-09-19T23:34:35Z [3,742ms] [Warning] [gpu.foundation.plugin] Skipping NVIDIA GPU due CUDA being in bad state: NVIDIA GeForce RTX 4090
2026-09-19T23:34:35Z [3,742ms] [Warning] [gpu.foundation.plugin] Please restart your system if CUDA is known to work in your system.

|---------------------------------------------------------------------------------------------|
| Driver Version: 535.32.01     | Graphics API: Vulkan
|=============================================================================================|
| GPU | Name                             | Active | LDA | GPU Memory | Vendor-ID | LUID       |
|     |                                  |        |     |            | Device-ID | UUID       |
|     |                                  |        |     |            | Bus-ID    |            |
|---------------------------------------------------------------------------------------------|
| 0   | NVIDIA GeForce RTX 2080 Ti       | Yes: 0 |     | 11510   MB | 10de      | 0          |
|     |                                  |        |     |            | 1e07      | 5a1fbe3a.. |
|     |                                  |        |     |            | 19        |            |
|---------------------------------------------------------------------------------------------|
| 1   | NVIDIA GeForce RTX 4090          |        |     | 24810   MB | 10de      | 0          |
|     |                                  |        |     |            | 2684      | 6c6e36d2.. |
|     |                                  |        |     |            | 68        |            |
|=============================================================================================|
| OS: 22.04.1 LTS (Jammy Jellyfish) ubuntu, Version: 22.04.1, Kernel: 5.15.0-60-generic
| Processor: Intel(R) Core(TM) i9-9920X CPU @ 3.50GHz
| Cores: 12 | Logical Cores: 24
|---------------------------------------------------------------------------------------------|
| Total Memory (MB): 128497 | Free Memory: 122050
| Total Page/Swap (MB): 2047 | Free Page/Swap: 2017
|---------------------------------------------------------------------------------------------|
2026-09-19T23:34:36Z [4,666ms] [Warning] [gpu.foundation.plugin] CPU performance profile is set to powersave. This profile sets the CPU to the lowest frequency reducing performance.
2026-09-19T23:34:39Z [7,154ms] [Warning] [isaaclab.envs.direct_rl_env] Seed not set for the environment. The environment creation may not be deterministic.
[INFO][AppLauncher]: Using device: cuda:0
[INFO][AppLauncher]: Loading experience file: /pub0/muhammadf/IsaacLab/apps/isaaclab.python.headless.kit
[INFO]: Parsing configuration from: <class 'env.PlayCfg'>

[36m======================================================================================[0m
[36m[1m[INFO][IsaacLab]: Logging to file: /tmp/isaaclab/logs/isaaclab_2026-09-19_19-34-39.log[0m
[36m======================================================================================[0m

[33m19:34:39 [simulation_context.py] WARNING: The `enable_external_forces_every_iteration` parameter in the PhysxCfg is set to False. If you are experiencing noisy velocities, consider enabling this flag. You may need to slightly increase the number of velocity iterations (setting it to 1 or 2 rather than 0), together with this flag, to improve the accuracy of velocity updates.[0m
[38;20m[skrl:INFO] Environment wrapper: Isaac Lab (single-agent)[0m
[33;20m[skrl:WARNING] The 'lambda' field in the configuration is deprecated. Use 'gae_lambda' instead[0m
[INFO]: Base environment:
	Environment device    : cuda:0
	Environment seed      : None
	Physics step-size     : 0.008333333333333333
	Rendering step-size   : 0.041666666666666664
	Environment step-size : 0.041666666666666664
[INFO]: Time taken for scene creation : 0.489119 seconds
[INFO]: Scene manager:  <class InteractiveScene>
	Number of environments: 1
	Environment spacing   : 3.0
	Source prim name      : /World/envs/env_0
	Global prim paths     : []
	Replicate physics     : True
[INFO]: Starting the simulation. This may take a few seconds. Please wait...
[INFO]: Time taken for simulation start : 0.880839 seconds
[INFO]: Completed setting up the environment...
Motion loaded (/pub0/muhammadf/Blender/docs/experiment_loop/turning/loops/loop_0002/A/reference.npz): duration: 1.125 sec, frames: 136
[INFO]: Parsing configuration from: /pub0/muhammadf/Blender/rl/bingo_rl/bingo_rl/track/agents/skrl_ppo_cfg.yaml
[33m19:34:40 [runner.py] WARNING: The 'lambda' field in the configuration is deprecated. Use 'gae_lambda' instead[0m
[33;20m[skrl:WARNING] The 'clip_predicted_values' field in the configuration is deprecated. Use a 'value_clip' value greater than 0 to clip the predicted values instead[0m
[33m19:34:40 [runner.py] WARNING: The 'clip_predicted_values' field in the configuration is deprecated. Use a 'value_clip' value greater than 0 to clip the predicted values instead[0m
[33;20m[skrl:WARNING] The 'state_preprocessor' field in the configuration has been replaced by 'observation_preprocessor'. If the 'state_preprocessor' definition is desired but the `observation_preprocessor` is not, define the last one to None (null) to avoid the automatic replacement[0m
[33m19:34:40 [runner.py] WARNING: The 'state_preprocessor' field in the configuration has been replaced by 'observation_preprocessor'. If the 'state_preprocessor' definition is desired but the `observation_preprocessor` is not, define the last one to None (null) to avoid the automatic replacement[0m
[38;20m[skrl:INFO] Seed: 42[0m
[[ policy loaded: /pub0/muhammadf/Blender/docs/experiment_loop/turning/loops/loop_0002/A/policy.pt
[33m19:34:41 [math.py] WARNING: The function 'quat_rotate_inverse' will be deprecated in favor of the faster method 'quat_apply_inverse'. Please use 'quat_apply_inverse' instead....[0m
[33m19:34:46 [math.py] WARNING: The function 'quat_rotate_inverse' will be deprecated in favor of the faster method 'quat_apply_inverse'. Please use 'quat_apply_inverse' instead....[0m
[33m19:34:51 [math.py] WARNING: The function 'quat_rotate_inverse' will be deprecated in favor of the faster method 'quat_apply_inverse'. Please use 'quat_apply_inverse' instead....[0m
[33m19:34:56 [math.py] WARNING: The function 'quat_rotate_inverse' will be deprecated in favor of the faster method 'quat_apply_inverse'. Please use 'quat_apply_inverse' instead....[0m
[33m19:35:01 [math.py] WARNING: The function 'quat_rotate_inverse' will be deprecated in favor of the faster method 'quat_apply_inverse'. Please use 'quat_apply_inverse' instead....[0m
[33m19:35:06 [math.py] WARNING: The function 'quat_rotate_inverse' will be deprecated in favor of the faster method 'quat_apply_inverse'. Please use 'quat_apply_inverse' instead....[0m

====================================================================================================
BINGO WALK-REF LOOP EVALUATION
====================================================================================================

task=Bingo-Turning-Play-v0  checkpoint=/pub0/muhammadf/Blender/docs/experiment_loop/turning/loops/loop_0002/A/policy.pt
command: vx=0.175 m/s  vy=0.000  yaw=-0.600  (Turning extension accepts yaw; vy remains zero.)
duration=30.0s  settle=1.0s  steps_recorded=720  num_envs=1
----------------------------------------------------------------------------------------------------
survival: 100.0%   any_fell=False  fall_time_s=[None]
vx: mean=0.112  std=0.049  max=0.236  (cmd=0.175)
base roll RMS: 4.128 deg   base pitch RMS: 2.263 deg
joint accel RMS: 7.197 rad/s^2
residual action-rate RMS: 0.0151 rad/step
reference tracking error (rad): mean=0.0562  rms=0.0678  max=0.2097

torque saturation % per joint:
  fl_SY_J       0.0%
  fl_SP_J       1.4%
  fl_knee       9.0%
  fr_SY_J       0.0%
  fr_SP_J       1.8%
  fr_knee       3.9%
  bl_SY_J       0.0%
  bl_SP_J       2.4%
  bl_knee       6.5%
  br_SY_J       0.0%
  br_SP_J       0.0%
  br_knee       0.6%
====================================================================================================
[[ wrote /pub0/muhammadf/Blender/docs/experiment_loop/turning/loops/loop_0002/A/right_max/metrics.json
EXEC ['/pub0/muhammadf/miniconda3/envs/isaaclab/bin/python', '/pub0/muhammadf/Blender/rl/bingo_rl/experiment_loop/turning/analyze.py', '/pub0/muhammadf/Blender/docs/experiment_loop/turning/loops/loop_0002/A/right_max']
EXEC ['/pub0/muhammadf/miniconda3/envs/isaaclab/bin/python', '/pub0/muhammadf/Blender/rl/bingo_rl/experiment_loop/turning/worker.py', 'evaluate', '--context', '/pub0/muhammadf/Blender/docs/experiment_loop/turning/loops/loop_0002/A/config.json', '--task', 'Bingo-Turning-Play-v0', '--checkpoint', '/pub0/muhammadf/Blender/docs/experiment_loop/turning/loops/loop_0002/A/policy.pt', '--out_dir', '/pub0/muhammadf/Blender/docs/experiment_loop/turning/loops/loop_0002/A/straight', '--duration_s', '30', '--cmd_vx', '.175', '--cmd_yaw', '0.0', '--diagnostics', '--headless', '--kit_args', '--/rtx/verifyDriverVersion/enabled=false --no-window', '--no_video']
Loading user config located at: '/pub0/muhammadf/miniconda3/envs/isaaclab/lib/python3.11/site-packages/isaacsim/kit/data/Kit/Isaac-Sim/5.1/user.config.json'
[Info] [carb] Logging to file: /pub0/muhammadf/miniconda3/envs/isaaclab/lib/python3.11/site-packages/isaacsim/kit/logs/Kit/Isaac-Sim/5.1/kit_20260919_193509.log
2026-09-19T23:35:09Z [127ms] [Warning] [omni.usd_config.extension] Enable omni.materialx.libs extension to use MaterialX
2026-09-19T23:35:09Z [403ms] [Warning] [omni.platforminfo.plugin] failed to open the default display.  Can't verify X Server version.
2026-09-19T23:35:09Z [631ms] [Warning] [carb] Acquiring non optional plugin interface which is not listed as dependency: [omni::physx::IPhysxBenchmarks v1.0] (plugin: <default plugin>), by client: omni.physics.physx.plugin. Add it to CARB_PLUGIN_IMPL_DEPS() macro of a client.
2026-09-19T23:35:09Z [640ms] [Warning] [omni.isaac.dynamic_control] omni.isaac.dynamic_control is deprecated as of Isaac Sim 4.5. No action is needed from end-users.
2026-09-19T23:35:12Z [3,655ms] [Warning] [carb.cudainterop.plugin] CUDA_VISIBLE_DEVICES environment variable is set.
2026-09-19T23:35:12Z [3,655ms] [Warning] [carb.cudainterop.plugin] Note CUDA device enumeration and Omniverse device enumeration are different.
2026-09-19T23:35:12Z [3,655ms] [Warning] [carb.cudainterop.plugin] Setting CUDA_VISIBLE_DEVICES can lead to undesired behavior or crashes.
2026-09-19T23:35:13Z [3,924ms] [Warning] [gpu.foundation.plugin] Skipping NVIDIA GPU due CUDA being in bad state: NVIDIA GeForce RTX 4090
2026-09-19T23:35:13Z [3,924ms] [Warning] [gpu.foundation.plugin] Please restart your system if CUDA is known to work in your system.
2026-09-19T23:35:13Z [3,924ms] [Warning] [gpu.foundation.plugin] Skipping NVIDIA GPU due CUDA being in bad state: NVIDIA GeForce RTX 4090
2026-09-19T23:35:13Z [3,924ms] [Warning] [gpu.foundation.plugin] Please restart your system if CUDA is known to work in your system.

|---------------------------------------------------------------------------------------------|
| Driver Version: 535.32.01     | Graphics API: Vulkan
|=============================================================================================|
| GPU | Name                             | Active | LDA | GPU Memory | Vendor-ID | LUID       |
|     |                                  |        |     |            | Device-ID | UUID       |
|     |                                  |        |     |            | Bus-ID    |            |
|---------------------------------------------------------------------------------------------|
| 0   | NVIDIA GeForce RTX 2080 Ti       | Yes: 0 |     | 11510   MB | 10de      | 0          |
|     |                                  |        |     |            | 1e07      | 5a1fbe3a.. |
|     |                                  |        |     |            | 19        |            |
|---------------------------------------------------------------------------------------------|
| 1   | NVIDIA GeForce RTX 4090          |        |     | 24810   MB | 10de      | 0          |
|     |                                  |        |     |            | 2684      | 6c6e36d2.. |
|     |                                  |        |     |            | 68        |            |
|=============================================================================================|
| OS: 22.04.1 LTS (Jammy Jellyfish) ubuntu, Version: 22.04.1, Kernel: 5.15.0-60-generic
| Processor: Intel(R) Core(TM) i9-9920X CPU @ 3.50GHz
| Cores: 12 | Logical Cores: 24
|---------------------------------------------------------------------------------------------|
| Total Memory (MB): 128497 | Free Memory: 122060
| Total Page/Swap (MB): 2047 | Free Page/Swap: 2017
|---------------------------------------------------------------------------------------------|
2026-09-19T23:35:14Z [4,865ms] [Warning] [gpu.foundation.plugin] CPU performance profile is set to powersave. This profile sets the CPU to the lowest frequency reducing performance.
2026-09-19T23:35:16Z [7,201ms] [Warning] [isaaclab.envs.direct_rl_env] Seed not set for the environment. The environment creation may not be deterministic.
[INFO][AppLauncher]: Using device: cuda:0
[INFO][AppLauncher]: Loading experience file: /pub0/muhammadf/IsaacLab/apps/isaaclab.python.headless.kit
[INFO]: Parsing configuration from: <class 'env.PlayCfg'>

[36m======================================================================================[0m
[36m[1m[INFO][IsaacLab]: Logging to file: /tmp/isaaclab/logs/isaaclab_2026-09-19_19-35-16.log[0m
[36m======================================================================================[0m

[33m19:35:16 [simulation_context.py] WARNING: The `enable_external_forces_every_iteration` parameter in the PhysxCfg is set to False. If you are experiencing noisy velocities, consider enabling this flag. You may need to slightly increase the number of velocity iterations (setting it to 1 or 2 rather than 0), together with this flag, to improve the accuracy of velocity updates.[0m
[38;20m[skrl:INFO] Environment wrapper: Isaac Lab (single-agent)[0m
[33;20m[skrl:WARNING] The 'lambda' field in the configuration is deprecated. Use 'gae_lambda' instead[0m
[INFO]: Base environment:
	Environment device    : cuda:0
	Environment seed      : None
	Physics step-size     : 0.008333333333333333
	Rendering step-size   : 0.041666666666666664
	Environment step-size : 0.041666666666666664
[INFO]: Time taken for scene creation : 0.611835 seconds
[INFO]: Scene manager:  <class InteractiveScene>
	Number of environments: 1
	Environment spacing   : 3.0
	Source prim name      : /World/envs/env_0
	Global prim paths     : []
	Replicate physics     : True
[INFO]: Starting the simulation. This may take a few seconds. Please wait...
[INFO]: Time taken for simulation start : 0.898068 seconds
[INFO]: Completed setting up the environment...
Motion loaded (/pub0/muhammadf/Blender/docs/experiment_loop/turning/loops/loop_0002/A/reference.npz): duration: 1.125 sec, frames: 136
[INFO]: Parsing configuration from: /pub0/muhammadf/Blender/rl/bingo_rl/bingo_rl/track/agents/skrl_ppo_cfg.yaml
[33m19:35:18 [runner.py] WARNING: The 'lambda' field in the configuration is deprecated. Use 'gae_lambda' instead[0m
[33;20m[skrl:WARNING] The 'clip_predicted_values' field in the configuration is deprecated. Use a 'value_clip' value greater than 0 to clip the predicted values instead[0m
[33m19:35:18 [runner.py] WARNING: The 'clip_predicted_values' field in the configuration is deprecated. Use a 'value_clip' value greater than 0 to clip the predicted values instead[0m
[33;20m[skrl:WARNING] The 'state_preprocessor' field in the configuration has been replaced by 'observation_preprocessor'. If the 'state_preprocessor' definition is desired but the `observation_preprocessor` is not, define the last one to None (null) to avoid the automatic replacement[0m
[33m19:35:18 [runner.py] WARNING: The 'state_preprocessor' field in the configuration has been replaced by 'observation_preprocessor'. If the 'state_preprocessor' definition is desired but the `observation_preprocessor` is not, define the last one to None (null) to avoid the automatic replacement[0m
[38;20m[skrl:INFO] Seed: 42[0m
[[ policy loaded: /pub0/muhammadf/Blender/docs/experiment_loop/turning/loops/loop_0002/A/policy.pt
[33m19:35:18 [math.py] WARNING: The function 'quat_rotate_inverse' will be deprecated in favor of the faster method 'quat_apply_inverse'. Please use 'quat_apply_inverse' instead....[0m
[33m19:35:23 [math.py] WARNING: The function 'quat_rotate_inverse' will be deprecated in favor of the faster method 'quat_apply_inverse'. Please use 'quat_apply_inverse' instead....[0m
[33m19:35:28 [math.py] WARNING: The function 'quat_rotate_inverse' will be deprecated in favor of the faster method 'quat_apply_inverse'. Please use 'quat_apply_inverse' instead....[0m
[33m19:35:33 [math.py] WARNING: The function 'quat_rotate_inverse' will be deprecated in favor of the faster method 'quat_apply_inverse'. Please use 'quat_apply_inverse' instead....[0m
[33m19:35:38 [math.py] WARNING: The function 'quat_rotate_inverse' will be deprecated in favor of the faster method 'quat_apply_inverse'. Please use 'quat_apply_inverse' instead....[0m
[33m19:35:43 [math.py] WARNING: The function 'quat_rotate_inverse' will be deprecated in favor of the faster method 'quat_apply_inverse'. Please use 'quat_apply_inverse' instead....[0m

====================================================================================================
BINGO WALK-REF LOOP EVALUATION
====================================================================================================

task=Bingo-Turning-Play-v0  checkpoint=/pub0/muhammadf/Blender/docs/experiment_loop/turning/loops/loop_0002/A/policy.pt
command: vx=0.175 m/s  vy=0.000  yaw=0.000  (Turning extension accepts yaw; vy remains zero.)
duration=30.0s  settle=1.0s  steps_recorded=720  num_envs=1
----------------------------------------------------------------------------------------------------
survival: 100.0%   any_fell=False  fall_time_s=[None]
vx: mean=0.107  std=0.044  max=0.245  (cmd=0.175)
base roll RMS: 4.535 deg   base pitch RMS: 2.205 deg
joint accel RMS: 7.273 rad/s^2
residual action-rate RMS: 0.0139 rad/step
reference tracking error (rad): mean=0.0529  rms=0.0663  max=0.2097

torque saturation % per joint:
  fl_SY_J       0.0%
  fl_SP_J       0.0%
  fl_knee       4.2%
  fr_SY_J       0.0%
  fr_SP_J       0.3%
  fr_knee       2.8%
  bl_SY_J       0.0%
  bl_SP_J       0.0%
  bl_knee       3.9%
  br_SY_J       0.0%
  br_SP_J       0.0%
  br_knee       1.2%
====================================================================================================
[[ wrote /pub0/muhammadf/Blender/docs/experiment_loop/turning/loops/loop_0002/A/straight/metrics.json
EXEC ['/pub0/muhammadf/miniconda3/envs/isaaclab/bin/python', '/pub0/muhammadf/Blender/rl/bingo_rl/experiment_loop/turning/analyze.py', '/pub0/muhammadf/Blender/docs/experiment_loop/turning/loops/loop_0002/A/straight']
